
> rifler@1.1.0 test:e2e
> vscode-test --label e2e-tests

- Resolving version...
✔ Validated version: 1.107.1
✔ Found existing install in /Users/ori.roza/Desktop/projects/rifler/.vscode-test/vscode-darwin-arm64-1.107.1
[90m[main 2025-12-19T20:33:36.053Z][0m update#setState disabled
[90m[main 2025-12-19T20:33:36.053Z][0m update#ctor - updates are disabled by the environment
ChatSessionStore: Migrating 0 chat sessions from storage service to file system
ChatSessionStore: Migrating 0 chat sessions from storage service to file system
ChatSessionStore: Migrating 0 chat sessions from storage service to file system
ChatSessionStore: Migrating 0 chat sessions from storage service to file system
ChatSessionStore: Migrating 0 chat sessions from storage service to file system
ChatSessionStore: Migrating 0 chat sessions from storage service to file system
ChatSessionStore: Migrating 0 chat sessions from storage service to file system
ChatSessionStore: Migrating 0 chat sessions from storage service to file system
MCP Registry configured: https://api.mcp.github.com
MCP Registry configured: https://api.mcp.github.com
MCP Registry configured: https://api.mcp.github.com
MCP Registry configured: https://api.mcp.github.com
MCP Registry configured: https://api.mcp.github.com
MCP Registry configured: https://api.mcp.github.com
MCP Registry configured: https://api.mcp.github.com
Ignoring the error while validating workspace folder file:///var/folders/n4/wfylj42j777b2rdmy16kqwfr0000gn/T/rifler-test-dummy-1766130949734 - Error: ENOENT: no such file or directory, stat '/var/folders/n4/wfylj42j777b2rdmy16kqwfr0000gn/T/rifler-test-dummy-1766130949734'
MCP Registry configured: https://api.mcp.github.com
Ignoring the error while validating workspace folder file:///var/folders/n4/wfylj42j777b2rdmy16kqwfr0000gn/T/rifler-test-dummy-1766130949273 - Error: ENOENT: no such file or directory, stat '/var/folders/n4/wfylj42j777b2rdmy16kqwfr0000gn/T/rifler-test-dummy-1766130949273'
Ignoring the error while validating workspace folder file:///var/folders/n4/wfylj42j777b2rdmy16kqwfr0000gn/T/rifler-test-dummy-1766130949229 - Error: ENOENT: no such file or directory, stat '/var/folders/n4/wfylj42j777b2rdmy16kqwfr0000gn/T/rifler-test-dummy-1766130949229'
Ignoring the error while validating workspace folder file:///var/folders/n4/wfylj42j777b2rdmy16kqwfr0000gn/T/rifler-test-dummy-1766130949259 - Error: ENOENT: no such file or directory, stat '/var/folders/n4/wfylj42j777b2rdmy16kqwfr0000gn/T/rifler-test-dummy-1766130949259'
Ignoring the error while validating workspace folder file:///var/folders/n4/wfylj42j777b2rdmy16kqwfr0000gn/T/rifler-test-dummy-1766130949252 - Error: ENOENT: no such file or directory, stat '/var/folders/n4/wfylj42j777b2rdmy16kqwfr0000gn/T/rifler-test-dummy-1766130949252'
Ignoring the error while validating workspace folder file:///var/folders/n4/wfylj42j777b2rdmy16kqwfr0000gn/T/rifler-test-dummy-1766130949253 - Error: ENOENT: no such file or directory, stat '/var/folders/n4/wfylj42j777b2rdmy16kqwfr0000gn/T/rifler-test-dummy-1766130949253'
Ignoring the error while validating workspace folder file:///var/folders/n4/wfylj42j777b2rdmy16kqwfr0000gn/T/rifler-test-dummy-1766130949236 - Error: ENOENT: no such file or directory, stat '/var/folders/n4/wfylj42j777b2rdmy16kqwfr0000gn/T/rifler-test-dummy-1766130949236'
Loading development extension at /Users/ori.roza/Desktop/projects/rifler
Loading development extension at /Users/ori.roza/Desktop/projects/rifler
Loading development extension at /Users/ori.roza/Desktop/projects/rifler
Loading development extension at /Users/ori.roza/Desktop/projects/rifler
Loading development extension at /Users/ori.roza/Desktop/projects/rifler
Loading development extension at /Users/ori.roza/Desktop/projects/rifler
Loading development extension at /Users/ori.roza/Desktop/projects/rifler
Loading development extension at /Users/ori.roza/Desktop/projects/rifler
Settings Sync: Account status changed from uninitialized to unavailable
Settings Sync: Account status changed from uninitialized to unavailable
Settings Sync: Account status changed from uninitialized to unavailable
Settings Sync: Account status changed from uninitialized to unavailable
Settings Sync: Account status changed from uninitialized to unavailable
Settings Sync: Account status changed from uninitialized to unavailable
Settings Sync: Account status changed from uninitialized to unavailable
Settings Sync: Account status changed from uninitialized to unavailable
(node:68198) MaxListenersExceededWarning: Possible EventEmitter memory leak detected. 11 child-process-gone listeners added to [EventEmitter]. MaxListeners is 10. Use emitter.setMaxListeners() to increase limit
(Use `Electron --trace-warnings ...` to show where the warning was created)
Started local extension host with pid 68332.
Started local extension host with pid 68331.
Started local extension host with pid 68330.
Started local extension host with pid 68333.
Started local extension host with pid 68335.
Started local extension host with pid 68334.
Started local extension host with pid 68336.
Started local extension host with pid 68337.

  Rifler Functional E2E Tests
Rifler extension is now active

  Rifler Functional E2E Tests

Rifler extension is now active
  Rifler Functional E2E Tests
Rifler extension is now active

  Rifler Functional E2E Tests
Rifler extension is now active

  Rifler Functional E2E Tests
Rifler extension is now active


  Rifler Functional E2E Tests
  Rifler Functional E2E Tests
Rifler extension is now active
Rifler extension is now active

  Rifler Functional E2E Tests
Rifler extension is now active

🔹 STEP: Searching for unique term in test file
   📁 File: /Users/ori.roza/Desktop/projects/rifler/test-fixtures/workspace/test-search-file.ts
   🔍 Query: "unique_search_term_12345"

🔹 STEP: Verifying results (found 1 matches)
   📊 Results: [
  {
    "uri": "file:///Users/ori.roza/Desktop/projects/rifler/test-fixtures/workspace/test-search-file.ts",
    "fileName": "test-search-file.ts",
    "relativePath": "test-search-file.ts",
    "line": 17,
    "character": 16,
    "length": 24,
    "preview": "const findMe = \"unique_search_term_12345\";",
    "previewMatchRange": {
      "start": 16,
      "end": 40
    }
  }
]
   ✅ Found exactly 1 result
   ✅ Result is from correct file
   ✅ Line number: 17
    ✔ performSearch should find text in a specific file

🔹 STEP: Searching for "test" which appears multiple times
   📁 File: /Users/ori.roza/Desktop/projects/rifler/test-fixtures/workspace/test-search-file.ts

🔹 STEP: Found 11 occurrences
   📊 Match count: 11
   ✅ Multiple occurrences found
    ✔ performSearch should find multiple occurrences

🔹 STEP: Searching for "TestClass" with case sensitivity enabled
   📁 File: /Users/ori.roza/Desktop/projects/rifler/test-fixtures/workspace/test-search-file.ts
   🔍 Query: "TestClass" (matchCase: true)
   📊 Found 1 result(s)

🔹 STEP: Searching for "testclass" (wrong case) with case sensitivity
   🔍 Query: "testclass" (matchCase: true)
   📊 Found 0 result(s)

🔹 STEP: Verifying case sensitivity works correctly
   ✅ "TestClass" found with correct case
   ✅ "testclass" not found (case mismatch)
    ✔ performSearch should respect case sensitivity

🔹 STEP: Searching with regex pattern
   📁 File: /Users/ori.roza/Desktop/projects/rifler/test-fixtures/workspace/test-search-file.ts
   🔍 Query: "test.*message" (useRegex: true)
   📊 Found 1 result(s)
   ✅ Regex pattern matched
    ✔ performSearch should support regex patterns

🔹 STEP: Searching for non-existent text
   📁 File: /Users/ori.roza/Desktop/projects/rifler/test-fixtures/workspace/test-search-file.ts
   🔍 Query: "this_text_definitely_does_not_exist_xyz789"
   📊 Found 0 result(s)
   ✅ Empty results for non-existent text
    ✔ performSearch should return empty for non-existent text

🔹 STEP: Searching with directory scope
   📁 Directory: /Users/ori.roza/Desktop/projects/rifler/test-fixtures/workspace
   🔍 Query: "unique_search_term_12345"
   🌐 Scope: directory
   📊 Found 1 result(s)
   ✅ Term found in directory scope
    ✔ performSearch should search in directory scope

🔹 STEP: Searching with project scope
   🔍 Query: "unique_search_term_12345"
   🌐 Scope: project (entire workspace)
[node.js fs] readdir with filetypes failed with error:  Error: ENOENT: no such file or directory, scandir '/var/folders/n4/wfylj42j777b2rdmy16kqwfr0000gn/T/rifler-test-dummy-1766130949253'
	at async Object.readdir (node:internal/original-fs/promises:958:18)
	at async IO (file:///Users/ori.roza/Desktop/projects/rifler/.vscode-test/vscode-darwin-arm64-1.107.1/Visual%20Studio%20Code.app/Contents/Resources/app/out/vs/workbench/api/node/extensionHostProcess.js:28:93578)
	at async kx (file:///Users/ori.roza/Desktop/projects/rifler/.vscode-test/vscode-darwin-arm64-1.107.1/Visual%20Studio%20Code.app/Contents/Resources/app/out/vs/workbench/api/node/extensionHostProcess.js:28:93507)
	at async Object.gf (file:///Users/ori.roza/Desktop/projects/rifler/.vscode-test/vscode-darwin-arm64-1.107.1/Visual%20Studio%20Code.app/Contents/Resources/app/out/vs/workbench/api/node/extensionHostProcess.js:28:93372)
	at async Fd.readdir (file:///Users/ori.roza/Desktop/projects/rifler/.vscode-test/vscode-darwin-arm64-1.107.1/Visual%20Studio%20Code.app/Contents/Resources/app/out/vs/workbench/api/node/extensionHostProcess.js:222:14654)
	at async Object.readDirectory (file:///Users/ori.roza/Desktop/projects/rifler/.vscode-test/vscode-darwin-arm64-1.107.1/Visual%20Studio%20Code.app/Contents/Resources/app/out/vs/workbench/api/node/extensionHostProcess.js:116:16136)
	at async Limiter.run (/Users/ori.roza/Desktop/projects/rifler/out/utils.js:261:20)
	at async searchInDirectory (/Users/ori.roza/Desktop/projects/rifler/out/search.js:113:25)
	at async Promise.all (index 1)
	at async performSearch (/Users/ori.roza/Desktop/projects/rifler/out/search.js:105:13)
	at async Context.<anonymous> (/Users/ori.roza/Desktop/projects/rifler/out/__tests__/e2e/suite/webview-integration.test.js:208:25)
   📊 Found 1 result(s)
   ✅ Term found in project scope
    ✔ performSearch should search in project scope

🔹 STEP: Creating test file for replacement
   📁 Created: /Users/ori.roza/Desktop/projects/rifler/test-fixtures/workspace/replace-test.ts
   📝 Content: const original = "replace_me_123";

🔹 STEP: Searching for unique term in test file
   📁 File: /Users/ori.roza/Desktop/projects/rifler/test-fixtures/workspace/test-search-file.ts
   🔍 Query: "unique_search_term_12345"

🔹 STEP: Verifying results (found 1 matches)
   📊 Results: [
  {
    "uri": "file:///Users/ori.roza/Desktop/projects/rifler/test-fixtures/workspace/test-search-file.ts",
    "fileName": "test-search-file.ts",
    "relativePath": "test-search-file.ts",
    "line": 17,
    "character": 16,
    "length": 24,
    "preview": "const findMe = \"unique_search_term_12345\";",
    "previewMatchRange": {
      "start": 16,
      "end": 40
    }
  }
]
   ✅ Found exactly 1 result
   ✅ Result is from correct file
   ✅ Line number: 17
    ✔ performSearch should find text in a specific file

🔹 STEP: Searching for "test" which appears multiple times
   📁 File: /Users/ori.roza/Desktop/projects/rifler/test-fixtures/workspace/test-search-file.ts

🔹 STEP: Found 11 occurrences
   📊 Match count: 11
   ✅ Multiple occurrences found
    ✔ performSearch should find multiple occurrences

🔹 STEP: Searching for "TestClass" with case sensitivity enabled
   📁 File: /Users/ori.roza/Desktop/projects/rifler/test-fixtures/workspace/test-search-file.ts
   🔍 Query: "TestClass" (matchCase: true)
   📊 Found 1 result(s)

🔹 STEP: Searching for "testclass" (wrong case) with case sensitivity
   🔍 Query: "testclass" (matchCase: true)
   📊 Found 0 result(s)

🔹 STEP: Verifying case sensitivity works correctly
   ✅ "TestClass" found with correct case
   ✅ "testclass" not found (case mismatch)
    ✔ performSearch should respect case sensitivity

🔹 STEP: Searching with regex pattern
   📁 File: /Users/ori.roza/Desktop/projects/rifler/test-fixtures/workspace/test-search-file.ts
   🔍 Query: "test.*message" (useRegex: true)
   📊 Found 1 result(s)

🔹 STEP: Searching for unique term in test file
   ✅ Regex pattern matched
    ✔ performSearch should support regex patterns

🔹 STEP: Searching for non-existent text
   📁 File: /Users/ori.roza/Desktop/projects/rifler/test-fixtures/workspace/test-search-file.ts
   🔍 Query: "unique_search_term_12345"
   📁 File: /Users/ori.roza/Desktop/projects/rifler/test-fixtures/workspace/test-search-file.ts
   🔍 Query: "this_text_definitely_does_not_exist_xyz789"
   📊 Found 0 result(s)
   ✅ Empty results for non-existent text
    ✔ performSearch should return empty for non-existent text

🔹 STEP: Searching with directory scope
   📁 Directory: /Users/ori.roza/Desktop/projects/rifler/test-fixtures/workspace
   🔍 Query: "unique_search_term_12345"

🔹 STEP: Verifying results (found 1 matches)
   🌐 Scope: directory
   📊 Results: [
  {
    "uri": "file:///Users/ori.roza/Desktop/projects/rifler/test-fixtures/workspace/test-search-file.ts",
    "fileName": "test-search-file.ts",
    "relativePath": "test-search-file.ts",
    "line": 17,
    "character": 16,
    "length": 24,
    "preview": "const findMe = \"unique_search_term_12345\";",
    "previewMatchRange": {
      "start": 16,
      "end": 40
    }
  }
]
   ✅ Found exactly 1 result
   ✅ Result is from correct file
   ✅ Line number: 17
    ✔ performSearch should find text in a specific file

🔹 STEP: Searching for "test" which appears multiple times
   📁 File: /Users/ori.roza/Desktop/projects/rifler/test-fixtures/workspace/test-search-file.ts

🔹 STEP: Found 11 occurrences
   📊 Match count: 11
   ✅ Multiple occurrences found
    ✔ performSearch should find multiple occurrences

🔹 STEP: Searching for "TestClass" with case sensitivity enabled
   📁 File: /Users/ori.roza/Desktop/projects/rifler/test-fixtures/workspace/test-search-file.ts
   🔍 Query: "TestClass" (matchCase: true)
   📊 Found 1 result(s)
   ✅ Term found in directory scope
    ✔ performSearch should search in directory scope

🔹 STEP: Searching with project scope
   🔍 Query: "unique_search_term_12345"
   🌐 Scope: project (entire workspace)
   📊 Found 1 result(s)

🔹 STEP: Searching for "testclass" (wrong case) with case sensitivity
   🔍 Query: "testclass" (matchCase: true)
[node.js fs] readdir with filetypes failed with error:  Error: ENOENT: no such file or directory, scandir '/var/folders/n4/wfylj42j777b2rdmy16kqwfr0000gn/T/rifler-test-dummy-1766130949273'
	at async Object.readdir (node:internal/original-fs/promises:958:18)
	at async IO (file:///Users/ori.roza/Desktop/projects/rifler/.vscode-test/vscode-darwin-arm64-1.107.1/Visual%20Studio%20Code.app/Contents/Resources/app/out/vs/workbench/api/node/extensionHostProcess.js:28:93578)
	at async kx (file:///Users/ori.roza/Desktop/projects/rifler/.vscode-test/vscode-darwin-arm64-1.107.1/Visual%20Studio%20Code.app/Contents/Resources/app/out/vs/workbench/api/node/extensionHostProcess.js:28:93507)
	at async Object.gf (file:///Users/ori.roza/Desktop/projects/rifler/.vscode-test/vscode-darwin-arm64-1.107.1/Visual%20Studio%20Code.app/Contents/Resources/app/out/vs/workbench/api/node/extensionHostProcess.js:28:93372)
	at async Fd.readdir (file:///Users/ori.roza/Desktop/projects/rifler/.vscode-test/vscode-darwin-arm64-1.107.1/Visual%20Studio%20Code.app/Contents/Resources/app/out/vs/workbench/api/node/extensionHostProcess.js:222:14654)
	at async Object.readDirectory (file:///Users/ori.roza/Desktop/projects/rifler/.vscode-test/vscode-darwin-arm64-1.107.1/Visual%20Studio%20Code.app/Contents/Resources/app/out/vs/workbench/api/node/extensionHostProcess.js:116:16136)
	at async Limiter.run (/Users/ori.roza/Desktop/projects/rifler/out/utils.js:261:20)
	at async searchInDirectory (/Users/ori.roza/Desktop/projects/rifler/out/search.js:113:25)
	at async Promise.all (index 1)
	at async performSearch (/Users/ori.roza/Desktop/projects/rifler/out/search.js:105:13)
	at async Context.<anonymous> (/Users/ori.roza/Desktop/projects/rifler/out/__tests__/e2e/suite/webview-integration.test.js:208:25)
   📊 Found 0 result(s)

🔹 STEP: Verifying case sensitivity works correctly
   ✅ "TestClass" found with correct case
   ✅ "testclass" not found (case mismatch)
    ✔ performSearch should respect case sensitivity

🔹 STEP: Searching with regex pattern
   📁 File: /Users/ori.roza/Desktop/projects/rifler/test-fixtures/workspace/test-search-file.ts
   🔍 Query: "test.*message" (useRegex: true)
   📊 Found 1 result(s)
   ✅ Term found in project scope
    ✔ performSearch should search in project scope

🔹 STEP: Creating test file for replacement
   📊 Found 1 result(s)
   ✅ Regex pattern matched
    ✔ performSearch should support regex patterns

🔹 STEP: Searching for non-existent text
   📁 File: /Users/ori.roza/Desktop/projects/rifler/test-fixtures/workspace/test-search-file.ts
   🔍 Query: "this_text_definitely_does_not_exist_xyz789"
   📊 Found 0 result(s)
   ✅ Empty results for non-existent text
    ✔ performSearch should return empty for non-existent text

🔹 STEP: Searching with directory scope
   📁 Directory: /Users/ori.roza/Desktop/projects/rifler/test-fixtures/workspace
   🔍 Query: "unique_search_term_12345"
   🌐 Scope: directory
   📊 Found 1 result(s)
   ✅ Term found in directory scope
    ✔ performSearch should search in directory scope

🔹 STEP: Searching with project scope
   🔍 Query: "unique_search_term_12345"
   🌐 Scope: project (entire workspace)
[node.js fs] readdir with filetypes failed with error:  Error: ENOENT: no such file or directory, scandir '/var/folders/n4/wfylj42j777b2rdmy16kqwfr0000gn/T/rifler-test-dummy-1766130949252'
	at async Object.readdir (node:internal/original-fs/promises:958:18)
	at async IO (file:///Users/ori.roza/Desktop/projects/rifler/.vscode-test/vscode-darwin-arm64-1.107.1/Visual%20Studio%20Code.app/Contents/Resources/app/out/vs/workbench/api/node/extensionHostProcess.js:28:93578)
	at async kx (file:///Users/ori.roza/Desktop/projects/rifler/.vscode-test/vscode-darwin-arm64-1.107.1/Visual%20Studio%20Code.app/Contents/Resources/app/out/vs/workbench/api/node/extensionHostProcess.js:28:93507)
	at async Object.gf (file:///Users/ori.roza/Desktop/projects/rifler/.vscode-test/vscode-darwin-arm64-1.107.1/Visual%20Studio%20Code.app/Contents/Resources/app/out/vs/workbench/api/node/extensionHostProcess.js:28:93372)
	at async Fd.readdir (file:///Users/ori.roza/Desktop/projects/rifler/.vscode-test/vscode-darwin-arm64-1.107.1/Visual%20Studio%20Code.app/Contents/Resources/app/out/vs/workbench/api/node/extensionHostProcess.js:222:14654)
	at async Object.readDirectory (file:///Users/ori.roza/Desktop/projects/rifler/.vscode-test/vscode-darwin-arm64-1.107.1/Visual%20Studio%20Code.app/Contents/Resources/app/out/vs/workbench/api/node/extensionHostProcess.js:116:16136)
	at async Limiter.run (/Users/ori.roza/Desktop/projects/rifler/out/utils.js:261:20)
	at async searchInDirectory (/Users/ori.roza/Desktop/projects/rifler/out/search.js:113:25)
	at async Promise.all (index 1)
	at async performSearch (/Users/ori.roza/Desktop/projects/rifler/out/search.js:105:13)
	at async Context.<anonymous> (/Users/ori.roza/Desktop/projects/rifler/out/__tests__/e2e/suite/webview-integration.test.js:208:25)
   📁 Created: /Users/ori.roza/Desktop/projects/rifler/test-fixtures/workspace/replace-test.ts
   📝 Content: const original = "replace_me_123";
   📊 Found 1 result(s)
   ✅ Term found in project scope
    ✔ performSearch should search in project scope

🔹 STEP: Creating test file for replacement
   📁 Created: /Users/ori.roza/Desktop/projects/rifler/test-fixtures/workspace/replace-test.ts
   📝 Content: const original = "replace_me_123";

🔹 STEP: Searching for unique term in test file
   📁 File: /Users/ori.roza/Desktop/projects/rifler/test-fixtures/workspace/test-search-file.ts
   🔍 Query: "unique_search_term_12345"

🔹 STEP: Verifying results (found 1 matches)
   📊 Results: [
  {
    "uri": "file:///Users/ori.roza/Desktop/projects/rifler/test-fixtures/workspace/test-search-file.ts",
    "fileName": "test-search-file.ts",
    "relativePath": "test-search-file.ts",
    "line": 17,
    "character": 16,
    "length": 24,
    "preview": "const findMe = \"unique_search_term_12345\";",
    "previewMatchRange": {
      "start": 16,
      "end": 40
    }
  }
]
   ✅ Found exactly 1 result
   ✅ Result is from correct file
   ✅ Line number: 17
    ✔ performSearch should find text in a specific file

🔹 STEP: Searching for "test" which appears multiple times
   📁 File: /Users/ori.roza/Desktop/projects/rifler/test-fixtures/workspace/test-search-file.ts

🔹 STEP: Found 11 occurrences
   📊 Match count: 11
   ✅ Multiple occurrences found
    ✔ performSearch should find multiple occurrences

🔹 STEP: Searching for "TestClass" with case sensitivity enabled
   📁 File: /Users/ori.roza/Desktop/projects/rifler/test-fixtures/workspace/test-search-file.ts
   🔍 Query: "TestClass" (matchCase: true)
   📊 Found 1 result(s)

🔹 STEP: Searching for "testclass" (wrong case) with case sensitivity
   🔍 Query: "testclass" (matchCase: true)
   📊 Found 0 result(s)

🔹 STEP: Verifying case sensitivity works correctly
   ✅ "TestClass" found with correct case
   ✅ "testclass" not found (case mismatch)
    ✔ performSearch should respect case sensitivity

🔹 STEP: Searching with regex pattern
   📁 File: /Users/ori.roza/Desktop/projects/rifler/test-fixtures/workspace/test-search-file.ts
   🔍 Query: "test.*message" (useRegex: true)
   📊 Found 1 result(s)
   ✅ Regex pattern matched
    ✔ performSearch should support regex patterns

🔹 STEP: Searching for non-existent text
   📁 File: /Users/ori.roza/Desktop/projects/rifler/test-fixtures/workspace/test-search-file.ts
   🔍 Query: "this_text_definitely_does_not_exist_xyz789"
   📊 Found 0 result(s)
   ✅ Empty results for non-existent text
    ✔ performSearch should return empty for non-existent text

🔹 STEP: Searching with directory scope
   📁 Directory: /Users/ori.roza/Desktop/projects/rifler/test-fixtures/workspace
   🔍 Query: "unique_search_term_12345"
   🌐 Scope: directory
   📊 Found 1 result(s)
   ✅ Term found in directory scope
    ✔ performSearch should search in directory scope

🔹 STEP: Searching with project scope
   🔍 Query: "unique_search_term_12345"
   🌐 Scope: project (entire workspace)
[node.js fs] readdir with filetypes failed with error:  Error: ENOENT: no such file or directory, scandir '/var/folders/n4/wfylj42j777b2rdmy16kqwfr0000gn/T/rifler-test-dummy-1766130949236'
	at async Object.readdir (node:internal/original-fs/promises:958:18)
	at async IO (file:///Users/ori.roza/Desktop/projects/rifler/.vscode-test/vscode-darwin-arm64-1.107.1/Visual%20Studio%20Code.app/Contents/Resources/app/out/vs/workbench/api/node/extensionHostProcess.js:28:93578)
	at async kx (file:///Users/ori.roza/Desktop/projects/rifler/.vscode-test/vscode-darwin-arm64-1.107.1/Visual%20Studio%20Code.app/Contents/Resources/app/out/vs/workbench/api/node/extensionHostProcess.js:28:93507)
	at async Object.gf (file:///Users/ori.roza/Desktop/projects/rifler/.vscode-test/vscode-darwin-arm64-1.107.1/Visual%20Studio%20Code.app/Contents/Resources/app/out/vs/workbench/api/node/extensionHostProcess.js:28:93372)
	at async Fd.readdir (file:///Users/ori.roza/Desktop/projects/rifler/.vscode-test/vscode-darwin-arm64-1.107.1/Visual%20Studio%20Code.app/Contents/Resources/app/out/vs/workbench/api/node/extensionHostProcess.js:222:14654)
	at async Object.readDirectory (file:///Users/ori.roza/Desktop/projects/rifler/.vscode-test/vscode-darwin-arm64-1.107.1/Visual%20Studio%20Code.app/Contents/Resources/app/out/vs/workbench/api/node/extensionHostProcess.js:116:16136)
	at async Limiter.run (/Users/ori.roza/Desktop/projects/rifler/out/utils.js:261:20)
	at async searchInDirectory (/Users/ori.roza/Desktop/projects/rifler/out/search.js:113:25)
	at async Promise.all (index 1)
	at async performSearch (/Users/ori.roza/Desktop/projects/rifler/out/search.js:105:13)
	at async Context.<anonymous> (/Users/ori.roza/Desktop/projects/rifler/out/__tests__/e2e/suite/webview-integration.test.js:208:25)
   📊 Found 1 result(s)
   ✅ Term found in project scope
    ✔ performSearch should search in project scope

🔹 STEP: Creating test file for replacement
   📁 Created: /Users/ori.roza/Desktop/projects/rifler/test-fixtures/workspace/replace-test.ts
   📝 Content: const original = "replace_me_123";

🔹 STEP: Searching for unique term in test file
   📁 File: /Users/ori.roza/Desktop/projects/rifler/test-fixtures/workspace/test-search-file.ts
   🔍 Query: "unique_search_term_12345"

🔹 STEP: Verifying results (found 1 matches)
   📊 Results: [
  {
    "uri": "file:///Users/ori.roza/Desktop/projects/rifler/test-fixtures/workspace/test-search-file.ts",
    "fileName": "test-search-file.ts",
    "relativePath": "test-search-file.ts",
    "line": 17,
    "character": 16,
    "length": 24,
    "preview": "const findMe = \"unique_search_term_12345\";",
    "previewMatchRange": {
      "start": 16,
      "end": 40
    }
  }
]
   ✅ Found exactly 1 result
   ✅ Result is from correct file
   ✅ Line number: 17
    ✔ performSearch should find text in a specific file

🔹 STEP: Searching for "test" which appears multiple times
   📁 File: /Users/ori.roza/Desktop/projects/rifler/test-fixtures/workspace/test-search-file.ts

🔹 STEP: Found 11 occurrences
   📊 Match count: 11
   ✅ Multiple occurrences found
    ✔ performSearch should find multiple occurrences

🔹 STEP: Searching for "TestClass" with case sensitivity enabled
   📁 File: /Users/ori.roza/Desktop/projects/rifler/test-fixtures/workspace/test-search-file.ts
   🔍 Query: "TestClass" (matchCase: true)
   📊 Found 1 result(s)

🔹 STEP: Searching for "testclass" (wrong case) with case sensitivity
   🔍 Query: "testclass" (matchCase: true)
   📊 Found 0 result(s)

🔹 STEP: Verifying case sensitivity works correctly
   ✅ "TestClass" found with correct case
   ✅ "testclass" not found (case mismatch)
    ✔ performSearch should respect case sensitivity

🔹 STEP: Searching with regex pattern
   📁 File: /Users/ori.roza/Desktop/projects/rifler/test-fixtures/workspace/test-search-file.ts
   🔍 Query: "test.*message" (useRegex: true)
   📊 Found 1 result(s)
   ✅ Regex pattern matched
    ✔ performSearch should support regex patterns

🔹 STEP: Searching for non-existent text
   📁 File: /Users/ori.roza/Desktop/projects/rifler/test-fixtures/workspace/test-search-file.ts
   🔍 Query: "this_text_definitely_does_not_exist_xyz789"
   📊 Found 0 result(s)
   ✅ Empty results for non-existent text
    ✔ performSearch should return empty for non-existent text

🔹 STEP: Searching with directory scope
   📁 Directory: /Users/ori.roza/Desktop/projects/rifler/test-fixtures/workspace
   🔍 Query: "unique_search_term_12345"
   🌐 Scope: directory
   📊 Found 1 result(s)
   ✅ Term found in directory scope
    ✔ performSearch should search in directory scope

🔹 STEP: Searching with project scope
   🔍 Query: "unique_search_term_12345"
   🌐 Scope: project (entire workspace)
[node.js fs] readdir with filetypes failed with error:  Error: ENOENT: no such file or directory, scandir '/var/folders/n4/wfylj42j777b2rdmy16kqwfr0000gn/T/rifler-test-dummy-1766130949229'
	at async Object.readdir (node:internal/original-fs/promises:958:18)
	at async IO (file:///Users/ori.roza/Desktop/projects/rifler/.vscode-test/vscode-darwin-arm64-1.107.1/Visual%20Studio%20Code.app/Contents/Resources/app/out/vs/workbench/api/node/extensionHostProcess.js:28:93578)
	at async kx (file:///Users/ori.roza/Desktop/projects/rifler/.vscode-test/vscode-darwin-arm64-1.107.1/Visual%20Studio%20Code.app/Contents/Resources/app/out/vs/workbench/api/node/extensionHostProcess.js:28:93507)
	at async Object.gf (file:///Users/ori.roza/Desktop/projects/rifler/.vscode-test/vscode-darwin-arm64-1.107.1/Visual%20Studio%20Code.app/Contents/Resources/app/out/vs/workbench/api/node/extensionHostProcess.js:28:93372)
	at async Fd.readdir (file:///Users/ori.roza/Desktop/projects/rifler/.vscode-test/vscode-darwin-arm64-1.107.1/Visual%20Studio%20Code.app/Contents/Resources/app/out/vs/workbench/api/node/extensionHostProcess.js:222:14654)
	at async Object.readDirectory (file:///Users/ori.roza/Desktop/projects/rifler/.vscode-test/vscode-darwin-arm64-1.107.1/Visual%20Studio%20Code.app/Contents/Resources/app/out/vs/workbench/api/node/extensionHostProcess.js:116:16136)
	at async Limiter.run (/Users/ori.roza/Desktop/projects/rifler/out/utils.js:261:20)
	at async searchInDirectory (/Users/ori.roza/Desktop/projects/rifler/out/search.js:113:25)
	at async Promise.all (index 1)
	at async performSearch (/Users/ori.roza/Desktop/projects/rifler/out/search.js:105:13)
	at async Context.<anonymous> (/Users/ori.roza/Desktop/projects/rifler/out/__tests__/e2e/suite/webview-integration.test.js:208:25)
   📊 Found 1 result(s)
   ✅ Term found in project scope
    ✔ performSearch should search in project scope

🔹 STEP: Creating test file for replacement
   📁 Created: /Users/ori.roza/Desktop/projects/rifler/test-fixtures/workspace/replace-test.ts
   📝 Content: const original = "replace_me_123";

🔹 STEP: Searching for unique term in test file
   📁 File: /Users/ori.roza/Desktop/projects/rifler/test-fixtures/workspace/test-search-file.ts
   🔍 Query: "unique_search_term_12345"

🔹 STEP: Verifying results (found 1 matches)
   📊 Results: [
  {
    "uri": "file:///Users/ori.roza/Desktop/projects/rifler/test-fixtures/workspace/test-search-file.ts",
    "fileName": "test-search-file.ts",
    "relativePath": "test-search-file.ts",
    "line": 17,
    "character": 16,
    "length": 24,
    "preview": "const findMe = \"unique_search_term_12345\";",
    "previewMatchRange": {
      "start": 16,
      "end": 40
    }
  }
]
   ✅ Found exactly 1 result
   ✅ Result is from correct file
   ✅ Line number: 17
    ✔ performSearch should find text in a specific file

🔹 STEP: Searching for "test" which appears multiple times
   📁 File: /Users/ori.roza/Desktop/projects/rifler/test-fixtures/workspace/test-search-file.ts

🔹 STEP: Found 11 occurrences
   📊 Match count: 11
   ✅ Multiple occurrences found
    ✔ performSearch should find multiple occurrences

🔹 STEP: Searching for "TestClass" with case sensitivity enabled
   📁 File: /Users/ori.roza/Desktop/projects/rifler/test-fixtures/workspace/test-search-file.ts
   🔍 Query: "TestClass" (matchCase: true)
   📊 Found 1 result(s)

🔹 STEP: Searching for "testclass" (wrong case) with case sensitivity
   🔍 Query: "testclass" (matchCase: true)

🔹 STEP: Searching for unique term in test file
   📁 File: /Users/ori.roza/Desktop/projects/rifler/test-fixtures/workspace/test-search-file.ts
   🔍 Query: "unique_search_term_12345"
   📊 Found 0 result(s)

🔹 STEP: Verifying case sensitivity works correctly
   ✅ "TestClass" found with correct case
   ✅ "testclass" not found (case mismatch)
    ✔ performSearch should respect case sensitivity

🔹 STEP: Searching with regex pattern
   📁 File: /Users/ori.roza/Desktop/projects/rifler/test-fixtures/workspace/test-search-file.ts
   🔍 Query: "test.*message" (useRegex: true)
   📊 Found 1 result(s)
   ✅ Regex pattern matched

🔹 STEP: Verifying results (found 1 matches)
   📊 Results: [
  {
    "uri": "file:///Users/ori.roza/Desktop/projects/rifler/test-fixtures/workspace/test-search-file.ts",
    "fileName": "test-search-file.ts",
    "relativePath": "test-search-file.ts",
    "line": 17,
    "character": 16,
    "length": 24,
    "preview": "const findMe = \"unique_search_term_12345\";",
    "previewMatchRange": {
      "start": 16,
      "end": 40
    }
  }
]
    ✔ performSearch should support regex patterns
   ✅ Found exactly 1 result
   ✅ Result is from correct file
   ✅ Line number: 17
    ✔ performSearch should find text in a specific file

🔹 STEP: Searching for "test" which appears multiple times
   📁 File: /Users/ori.roza/Desktop/projects/rifler/test-fixtures/workspace/test-search-file.ts

🔹 STEP: Searching for non-existent text
   📁 File: /Users/ori.roza/Desktop/projects/rifler/test-fixtures/workspace/test-search-file.ts
   🔍 Query: "this_text_definitely_does_not_exist_xyz789"
   📊 Found 0 result(s)

🔹 STEP: Found 11 occurrences
   📊 Match count: 11
   ✅ Empty results for non-existent text
   ✅ Multiple occurrences found
    ✔ performSearch should return empty for non-existent text
    ✔ performSearch should find multiple occurrences

🔹 STEP: Searching with directory scope
   📁 Directory: /Users/ori.roza/Desktop/projects/rifler/test-fixtures/workspace

🔹 STEP: Searching for "TestClass" with case sensitivity enabled
   🔍 Query: "unique_search_term_12345"
   📁 File: /Users/ori.roza/Desktop/projects/rifler/test-fixtures/workspace/test-search-file.ts
   🔍 Query: "TestClass" (matchCase: true)
   🌐 Scope: directory
   📊 Found 1 result(s)

🔹 STEP: Searching for "testclass" (wrong case) with case sensitivity
   🔍 Query: "testclass" (matchCase: true)
   📊 Found 1 result(s)
   ✅ Term found in directory scope
    ✔ performSearch should search in directory scope
   📊 Found 0 result(s)

🔹 STEP: Verifying case sensitivity works correctly
   ✅ "TestClass" found with correct case
   ✅ "testclass" not found (case mismatch)

🔹 STEP: Searching with project scope
    ✔ performSearch should respect case sensitivity
   🔍 Query: "unique_search_term_12345"
   🌐 Scope: project (entire workspace)

🔹 STEP: Searching with regex pattern
   📁 File: /Users/ori.roza/Desktop/projects/rifler/test-fixtures/workspace/test-search-file.ts
   🔍 Query: "test.*message" (useRegex: true)
[node.js fs] readdir with filetypes failed with error:  Error: ENOENT: no such file or directory, scandir '/var/folders/n4/wfylj42j777b2rdmy16kqwfr0000gn/T/rifler-test-dummy-1766130949259'
	at async Object.readdir (node:internal/original-fs/promises:958:18)
	at async IO (file:///Users/ori.roza/Desktop/projects/rifler/.vscode-test/vscode-darwin-arm64-1.107.1/Visual%20Studio%20Code.app/Contents/Resources/app/out/vs/workbench/api/node/extensionHostProcess.js:28:93578)
	at async kx (file:///Users/ori.roza/Desktop/projects/rifler/.vscode-test/vscode-darwin-arm64-1.107.1/Visual%20Studio%20Code.app/Contents/Resources/app/out/vs/workbench/api/node/extensionHostProcess.js:28:93507)
	at async Object.gf (file:///Users/ori.roza/Desktop/projects/rifler/.vscode-test/vscode-darwin-arm64-1.107.1/Visual%20Studio%20Code.app/Contents/Resources/app/out/vs/workbench/api/node/extensionHostProcess.js:28:93372)
	at async Fd.readdir (file:///Users/ori.roza/Desktop/projects/rifler/.vscode-test/vscode-darwin-arm64-1.107.1/Visual%20Studio%20Code.app/Contents/Resources/app/out/vs/workbench/api/node/extensionHostProcess.js:222:14654)
	at async Object.readDirectory (file:///Users/ori.roza/Desktop/projects/rifler/.vscode-test/vscode-darwin-arm64-1.107.1/Visual%20Studio%20Code.app/Contents/Resources/app/out/vs/workbench/api/node/extensionHostProcess.js:116:16136)
	at async Limiter.run (/Users/ori.roza/Desktop/projects/rifler/out/utils.js:261:20)
	at async searchInDirectory (/Users/ori.roza/Desktop/projects/rifler/out/search.js:113:25)
	at async Promise.all (index 1)
	at async performSearch (/Users/ori.roza/Desktop/projects/rifler/out/search.js:105:13)
	at async Context.<anonymous> (/Users/ori.roza/Desktop/projects/rifler/out/__tests__/e2e/suite/webview-integration.test.js:208:25)
   📊 Found 1 result(s)
   ✅ Regex pattern matched
    ✔ performSearch should support regex patterns

🔹 STEP: Searching for non-existent text
   📁 File: /Users/ori.roza/Desktop/projects/rifler/test-fixtures/workspace/test-search-file.ts
   🔍 Query: "this_text_definitely_does_not_exist_xyz789"
   📊 Found 0 result(s)
   📊 Found 1 result(s)
   ✅ Empty results for non-existent text
   ✅ Term found in project scope
    ✔ performSearch should return empty for non-existent text
    ✔ performSearch should search in project scope

🔹 STEP: Creating test file for replacement

🔹 STEP: Searching with directory scope
   📁 Directory: /Users/ori.roza/Desktop/projects/rifler/test-fixtures/workspace
   🔍 Query: "unique_search_term_12345"
   🌐 Scope: directory

🔹 STEP: Searching for unique term in test file
   📁 File: /Users/ori.roza/Desktop/projects/rifler/test-fixtures/workspace/test-search-file.ts
   🔍 Query: "unique_search_term_12345"
   📊 Found 1 result(s)
   ✅ Term found in directory scope
    ✔ performSearch should search in directory scope

🔹 STEP: Searching with project scope
   🔍 Query: "unique_search_term_12345"
   🌐 Scope: project (entire workspace)

🔹 STEP: Verifying results (found 1 matches)
   📊 Results: [
  {
    "uri": "file:///Users/ori.roza/Desktop/projects/rifler/test-fixtures/workspace/test-search-file.ts",
    "fileName": "test-search-file.ts",
    "relativePath": "test-search-file.ts",
    "line": 17,
    "character": 16,
    "length": 24,
    "preview": "const findMe = \"unique_search_term_12345\";",
    "previewMatchRange": {
      "start": 16,
      "end": 40
    }
  }
]
   ✅ Found exactly 1 result
   ✅ Result is from correct file
   ✅ Line number: 17
    ✔ performSearch should find text in a specific file
   📁 Created: /Users/ori.roza/Desktop/projects/rifler/test-fixtures/workspace/replace-test.ts

🔹 STEP: Searching for "test" which appears multiple times
   📁 File: /Users/ori.roza/Desktop/projects/rifler/test-fixtures/workspace/test-search-file.ts
   📝 Content: const original = "replace_me_123";
   📊 Found 1 result(s)
   ✅ Term found in project scope
    ✔ performSearch should search in project scope

🔹 STEP: Found 11 occurrences
   📊 Match count: 11
   ✅ Multiple occurrences found
    ✔ performSearch should find multiple occurrences

🔹 STEP: Creating test file for replacement

🔹 STEP: Searching for "TestClass" with case sensitivity enabled
   📁 File: /Users/ori.roza/Desktop/projects/rifler/test-fixtures/workspace/test-search-file.ts
   🔍 Query: "TestClass" (matchCase: true)
   📊 Found 1 result(s)

🔹 STEP: Searching for "testclass" (wrong case) with case sensitivity
   🔍 Query: "testclass" (matchCase: true)
   📊 Found 0 result(s)

🔹 STEP: Verifying case sensitivity works correctly
   ✅ "TestClass" found with correct case
   ✅ "testclass" not found (case mismatch)
    ✔ performSearch should respect case sensitivity

🔹 STEP: Searching with regex pattern
   📁 File: /Users/ori.roza/Desktop/projects/rifler/test-fixtures/workspace/test-search-file.ts
   🔍 Query: "test.*message" (useRegex: true)
   📊 Found 1 result(s)
   ✅ Regex pattern matched
    ✔ performSearch should support regex patterns

🔹 STEP: Searching for non-existent text
   📁 File: /Users/ori.roza/Desktop/projects/rifler/test-fixtures/workspace/test-search-file.ts
   🔍 Query: "this_text_definitely_does_not_exist_xyz789"
   📊 Found 0 result(s)
   ✅ Empty results for non-existent text
    ✔ performSearch should return empty for non-existent text

🔹 STEP: Searching with directory scope
   📁 Directory: /Users/ori.roza/Desktop/projects/rifler/test-fixtures/workspace
   🔍 Query: "unique_search_term_12345"
   🌐 Scope: directory
   📁 Created: /Users/ori.roza/Desktop/projects/rifler/test-fixtures/workspace/replace-test.ts
   📝 Content: const original = "replace_me_123";
   📊 Found 1 result(s)
   ✅ Term found in directory scope
    ✔ performSearch should search in directory scope

🔹 STEP: Searching with project scope
   🔍 Query: "unique_search_term_12345"
   🌐 Scope: project (entire workspace)
[node.js fs] readdir with filetypes failed with error:  Error: ENOENT: no such file or directory, scandir '/var/folders/n4/wfylj42j777b2rdmy16kqwfr0000gn/T/rifler-test-dummy-1766130949734'
	at async Object.readdir (node:internal/original-fs/promises:958:18)
	at async IO (file:///Users/ori.roza/Desktop/projects/rifler/.vscode-test/vscode-darwin-arm64-1.107.1/Visual%20Studio%20Code.app/Contents/Resources/app/out/vs/workbench/api/node/extensionHostProcess.js:28:93578)
	at async kx (file:///Users/ori.roza/Desktop/projects/rifler/.vscode-test/vscode-darwin-arm64-1.107.1/Visual%20Studio%20Code.app/Contents/Resources/app/out/vs/workbench/api/node/extensionHostProcess.js:28:93507)
	at async Object.gf (file:///Users/ori.roza/Desktop/projects/rifler/.vscode-test/vscode-darwin-arm64-1.107.1/Visual%20Studio%20Code.app/Contents/Resources/app/out/vs/workbench/api/node/extensionHostProcess.js:28:93372)
	at async Fd.readdir (file:///Users/ori.roza/Desktop/projects/rifler/.vscode-test/vscode-darwin-arm64-1.107.1/Visual%20Studio%20Code.app/Contents/Resources/app/out/vs/workbench/api/node/extensionHostProcess.js:222:14654)
	at async Object.readDirectory (file:///Users/ori.roza/Desktop/projects/rifler/.vscode-test/vscode-darwin-arm64-1.107.1/Visual%20Studio%20Code.app/Contents/Resources/app/out/vs/workbench/api/node/extensionHostProcess.js:116:16136)
	at async Limiter.run (/Users/ori.roza/Desktop/projects/rifler/out/utils.js:261:20)
	at async searchInDirectory (/Users/ori.roza/Desktop/projects/rifler/out/search.js:113:25)
	at async Promise.all (index 1)
	at async performSearch (/Users/ori.roza/Desktop/projects/rifler/out/search.js:105:13)
	at async Context.<anonymous> (/Users/ori.roza/Desktop/projects/rifler/out/__tests__/e2e/suite/webview-integration.test.js:208:25)
   📊 Found 1 result(s)
   ✅ Term found in project scope
    ✔ performSearch should search in project scope

🔹 STEP: Creating test file for replacement
   📁 Created: /Users/ori.roza/Desktop/projects/rifler/test-fixtures/workspace/replace-test.ts
   📝 Content: const original = "replace_me_123";

🔹 STEP: Searching for text to replace
   🔍 Query: "replace_me_123"
   ✅ Found at line 0, col 18

🔹 STEP: Performing replacement
   🔄 Replacing "replace_me_123" → "replaced_text_456"

🔹 STEP: Searching for text to replace
   🔍 Query: "replace_me_123"
   ✅ Found at line 0, col 18

🔹 STEP: Performing replacement
   🔄 Replacing "replace_me_123" → "replaced_text_456"

🔹 STEP: Searching for text to replace
   🔍 Query: "replace_me_123"

🔹 STEP: Searching for text to replace
   🔍 Query: "replace_me_123"

🔹 STEP: Searching for text to replace
   🔍 Query: "replace_me_123"

🔹 STEP: Searching for text to replace
   🔍 Query: "replace_me_123"

🔹 STEP: Searching for text to replace
   🔍 Query: "replace_me_123"

🔹 STEP: Searching for text to replace
   🔍 Query: "replace_me_123"

🔹 STEP: Verifying file was modified
   📝 New content: const original = "replaced_text_456456";
   ✅ New text found in file
   ✅ Original text no longer in file
    ✔ replaceOne should replace text at specific location (3107ms)

🔹 STEP: Creating test file with multiple occurrences
   📁 Created: /Users/ori.roza/Desktop/projects/rifler/test-fixtures/workspace/replace-all-test.ts
   📝 Content has 3 occurrences of "word_to_replace"

🔹 STEP: Performing replaceAll operation
   🔄 Replacing all "word_to_replace" → "new_word"

🔹 STEP: Verifying file was modified
    1) replaceOne should replace text at specific location

🔹 STEP: Creating test file with multiple occurrences
   📁 Created: /Users/ori.roza/Desktop/projects/rifler/test-fixtures/workspace/replace-all-test.ts
   📝 Content has 3 occurrences of "word_to_replace"

🔹 STEP: Performing replaceAll operation
   🔄 Replacing all "word_to_replace" → "new_word"

🔹 STEP: Verifying all occurrences were replaced
   📊 New word count: 3, Old word count: 0
   ✅ All 3 occurrences replaced
   ✅ No original text remaining
    ✔ replaceAll should replace all occurrences (1037ms)

🔹 STEP: Executing rifler.open command
Rifler Sidebar WebviewView resolved
SidebarProvider._restoreState: state = undefined undefined
SidebarProvider._restoreState: no state to restore, sending clearState

🔹 STEP: Verifying all occurrences were replaced
    2) replaceAll should replace all occurrences

🔹 STEP: Executing rifler.open command
Rifler Sidebar WebviewView resolved
SidebarProvider._restoreState: state = undefined undefined
SidebarProvider._restoreState: no state to restore, sending clearState
Received webview diag ping
SidebarProvider._restoreState: state = undefined undefined
SidebarProvider._restoreState: no state to restore, sending clearState
No handler registered for message type: __test_searchCompleted
No handler registered for message type: __test_searchCompleted
Received webview diag ping
SidebarProvider._restoreState: state = undefined undefined
SidebarProvider._restoreState: no state to restore, sending clearState
No handler registered for message type: __test_searchCompleted
No handler registered for message type: __test_searchCompleted

🔹 STEP: Checking if Rifler panel was opened
   📊 Rifler tabs found: 0
   ✅ Rifler panel is open
    ✔ rifler.open command should execute without error (1002ms)

🔹 STEP: Executing rifler.openReplace command

🔹 STEP: Checking if Rifler panel was opened
   📊 Rifler tabs found: 0
   ✅ Rifler panel is open
    ✔ rifler.open command should execute without error (1003ms)

🔹 STEP: Executing rifler.openReplace command

🔹 STEP: Checking if Rifler panel was opened for replace
   📊 Rifler tabs found: 0
   ✅ Rifler panel is open for replace
    ✔ rifler.openReplace command should execute without error (1005ms)

🔹 STEP: Reading Rifler configuration
   ⚙️  Keybinding value: "ctrl+shift+r"
   ✅ Configuration is readable
   ✅ Keybinding is a string
    ✔ Configuration should be readable

🔹 STEP: Searching for "helloWorld" to check result structure
   📊 Found 1 result(s)

🔹 STEP: Verifying result structure and properties
   ✅ uri: file:///Users/ori.roza/Desktop/projects/rifler/tes...
   ✅ line: 1
   ✅ character: 9
   ✅ length: 10
   ✅ preview: "function helloWorld() {..."

🔹 STEP: Verifying property types
   ✅ All property types correct

🔹 STEP: Verifying property values
   ✅ All property values valid
    ✔ Search results should have correct structure

🔹 STEP: Searching with empty query
   🔍 Query: "" (empty string)
   📊 Results: 0
   ✅ Empty query handled gracefully
    ✔ Search should handle empty query gracefully

🔹 STEP: Searching with single character query
   🔍 Query: "a" (single character)
   📊 Results: 0
   ✅ Short query handled gracefully
    ✔ Search should handle very short query gracefully

🔹 STEP: Searching with invalid regex pattern
   🔍 Query: "[invalid(regex" (invalid regex)
Invalid regex: Invalid regex: Invalid regular expression: /[invalid(regex/g: Unterminated character class
   📊 Results: 0
   ✅ Invalid regex handled gracefully
    ✔ Search should handle invalid regex gracefully
  Rifler Webview UI Automation Tests
Creating test file at: /Users/ori.roza/Desktop/projects/rifler/test-fixtures/workspace/webview-test-file.ts
Test file created successfully
SidebarProvider: visibility changed, visible = false
SidebarProvider: sidebar hidden, requesting state save

🔹 STEP: Checking if Rifler panel was opened for replace
   📊 Rifler tabs found: 0
   ✅ Rifler panel is open for replace
    ✔ rifler.openReplace command should execute without error (1002ms)

🔹 STEP: Reading Rifler configuration
   ⚙️  Keybinding value: "ctrl+shift+r"
   ✅ Configuration is readable
   ✅ Keybinding is a string
    ✔ Configuration should be readable

🔹 STEP: Searching for "helloWorld" to check result structure
Received webview diag ping
    1) replaceOne should replace text at specific location

🔹 STEP: Creating test file with multiple occurrences
   📁 Created: /Users/ori.roza/Desktop/projects/rifler/test-fixtures/workspace/replace-all-test.ts
   📝 Content has 3 occurrences of "word_to_replace"

🔹 STEP: Performing replaceAll operation
   🔄 Replacing all "word_to_replace" → "new_word"
    1) replaceOne should replace text at specific location

🔹 STEP: Creating test file with multiple occurrences
   📁 Created: /Users/ori.roza/Desktop/projects/rifler/test-fixtures/workspace/replace-all-test.ts
   📝 Content has 3 occurrences of "word_to_replace"

🔹 STEP: Performing replaceAll operation
   🔄 Replacing all "word_to_replace" → "new_word"
    1) replaceOne should replace text at specific location

🔹 STEP: Creating test file with multiple occurrences
    1) replaceOne should replace text at specific location
    1) replaceOne should replace text at specific location
   📁 Created: /Users/ori.roza/Desktop/projects/rifler/test-fixtures/workspace/replace-all-test.ts
   📝 Content has 3 occurrences of "word_to_replace"

🔹 STEP: Creating test file with multiple occurrences

🔹 STEP: Creating test file with multiple occurrences
    1) replaceOne should replace text at specific location

🔹 STEP: Creating test file with multiple occurrences

🔹 STEP: Performing replaceAll operation
   🔄 Replacing all "word_to_replace" → "new_word"
   📁 Created: /Users/ori.roza/Desktop/projects/rifler/test-fixtures/workspace/replace-all-test.ts
   📝 Content has 3 occurrences of "word_to_replace"
   📁 Created: /Users/ori.roza/Desktop/projects/rifler/test-fixtures/workspace/replace-all-test.ts
   📝 Content has 3 occurrences of "word_to_replace"

🔹 STEP: Performing replaceAll operation
   🔄 Replacing all "word_to_replace" → "new_word"

🔹 STEP: Performing replaceAll operation
   🔄 Replacing all "word_to_replace" → "new_word"
   📁 Created: /Users/ori.roza/Desktop/projects/rifler/test-fixtures/workspace/replace-all-test.ts
   📝 Content has 3 occurrences of "word_to_replace"

🔹 STEP: Performing replaceAll operation
   🔄 Replacing all "word_to_replace" → "new_word"
[text file model] handleSaveError(1) - exit - resulted in a save error: Error: Unable to write file '/Users/ori.roza/Desktop/projects/rifler/test-fixtures/workspace/replace-all-test.ts' (Error: File Modified Since) file:///Users/ori.roza/Desktop/projects/rifler/test-fixtures/workspace/replace-all-test.ts

🔹 STEP: Opening Rifler search panel

🔹 STEP: Verifying all occurrences were replaced
   📊 New word count: 3, Old word count: 0
   ✅ All 3 occurrences replaced
   ✅ No original text remaining
    ✔ replaceAll should replace all occurrences (1109ms)

🔹 STEP: Executing rifler.open command
Rifler Sidebar WebviewView resolved
SidebarProvider._restoreState: state = undefined undefined
SidebarProvider._restoreState: no state to restore, sending clearState
Received webview diag ping
SidebarProvider._restoreState: state = undefined undefined
SidebarProvider._restoreState: no state to restore, sending clearState
No handler registered for message type: __test_searchCompleted
No handler registered for message type: __test_searchCompleted

🔹 STEP: Verifying all occurrences were replaced
    2) replaceAll should replace all occurrences

🔹 STEP: Executing rifler.open command
Rifler Sidebar WebviewView resolved
SidebarProvider._restoreState: state = undefined undefined
SidebarProvider._restoreState: no state to restore, sending clearState
Received webview diag ping
SidebarProvider._restoreState: state = undefined undefined
SidebarProvider._restoreState: no state to restore, sending clearState
No handler registered for message type: __test_searchCompleted
No handler registered for message type: __test_searchCompleted

🔹 STEP: Verifying all occurrences were replaced
    2) replaceAll should replace all occurrences

🔹 STEP: Verifying all occurrences were replaced

🔹 STEP: Executing rifler.open command
    2) replaceAll should replace all occurrences

🔹 STEP: Executing rifler.open command
Rifler Sidebar WebviewView resolved
SidebarProvider._restoreState: state = undefined undefined
SidebarProvider._restoreState: no state to restore, sending clearState
Rifler Sidebar WebviewView resolved
SidebarProvider._restoreState: state = undefined undefined
SidebarProvider._restoreState: no state to restore, sending clearState

🔹 STEP: Verifying all occurrences were replaced
    2) replaceAll should replace all occurrences

🔹 STEP: Executing rifler.open command
Rifler Sidebar WebviewView resolved
SidebarProvider._restoreState: state = undefined undefined
SidebarProvider._restoreState: no state to restore, sending clearState

🔹 STEP: Verifying all occurrences were replaced
    2) replaceAll should replace all occurrences

🔹 STEP: Executing rifler.open command
Received webview diag ping
SidebarProvider._restoreState: state = undefined undefined
SidebarProvider._restoreState: no state to restore, sending clearState
No handler registered for message type: __test_searchCompleted
No handler registered for message type: __test_searchCompleted
Rifler Sidebar WebviewView resolved
SidebarProvider._restoreState: state = undefined undefined
SidebarProvider._restoreState: no state to restore, sending clearState
Received webview diag ping
SidebarProvider._restoreState: state = undefined undefined
SidebarProvider._restoreState: no state to restore, sending clearState
No handler registered for message type: __test_searchCompleted
No handler registered for message type: __test_searchCompleted
Received webview diag ping
SidebarProvider._restoreState: state = undefined undefined
SidebarProvider._restoreState: no state to restore, sending clearState
No handler registered for message type: __test_searchCompleted
No handler registered for message type: __test_searchCompleted
Received webview diag ping
SidebarProvider._restoreState: state = undefined undefined
SidebarProvider._restoreState: no state to restore, sending clearState
No handler registered for message type: __test_searchCompleted
No handler registered for message type: __test_searchCompleted

🔹 STEP: Checking if Rifler panel was opened
   📊 Rifler tabs found: 0
   ✅ Rifler panel is open
    ✔ rifler.open command should execute without error (1003ms)

🔹 STEP: Executing rifler.openReplace command

🔹 STEP: Checking if Rifler panel was opened
   📊 Rifler tabs found: 0
   ✅ Rifler panel is open
    ✔ rifler.open command should execute without error (1003ms)

🔹 STEP: Executing rifler.openReplace command

🔹 STEP: Checking if Rifler panel was opened
   📊 Rifler tabs found: 0
   ✅ Rifler panel is open
    ✔ rifler.open command should execute without error (1003ms)

🔹 STEP: Executing rifler.openReplace command

🔹 STEP: Checking if Rifler panel was opened
   📊 Rifler tabs found: 0
   ✅ Rifler panel is open
    ✔ rifler.open command should execute without error (1001ms)

🔹 STEP: Executing rifler.openReplace command

🔹 STEP: Checking if Rifler panel was opened
   📊 Rifler tabs found: 0
   ✅ Rifler panel is open
    ✔ rifler.open command should execute without error (1003ms)

🔹 STEP: Executing rifler.openReplace command

🔹 STEP: Checking if Rifler panel was opened
   📊 Rifler tabs found: 0
   ✅ Rifler panel is open
    ✔ rifler.open command should execute without error (1005ms)

🔹 STEP: Executing rifler.openReplace command

🔹 STEP: Checking if Rifler panel was opened for replace
   📊 Rifler tabs found: 0
   ✅ Rifler panel is open for replace
    ✔ rifler.openReplace command should execute without error (1002ms)

🔹 STEP: Reading Rifler configuration
   ⚙️  Keybinding value: "ctrl+shift+r"
   ✅ Configuration is readable
   ✅ Keybinding is a string
    ✔ Configuration should be readable

🔹 STEP: Searching for "helloWorld" to check result structure

🔹 STEP: Checking if Rifler panel was opened for replace
   📊 Rifler tabs found: 0
   ✅ Rifler panel is open for replace
    ✔ rifler.openReplace command should execute without error (1004ms)

🔹 STEP: Reading Rifler configuration
   ⚙️  Keybinding value: "ctrl+shift+r"
   ✅ Configuration is readable
   ✅ Keybinding is a string
    ✔ Configuration should be readable

🔹 STEP: Searching for "helloWorld" to check result structure

🔹 STEP: Checking if Rifler panel was opened for replace
   📊 Rifler tabs found: 0
   ✅ Rifler panel is open for replace
    ✔ rifler.openReplace command should execute without error (1002ms)

🔹 STEP: Reading Rifler configuration
   ⚙️  Keybinding value: "ctrl+shift+r"
   ✅ Configuration is readable
   ✅ Keybinding is a string
    ✔ Configuration should be readable

🔹 STEP: Searching for "helloWorld" to check result structure

🔹 STEP: Checking if Rifler panel was opened for replace
   📊 Rifler tabs found: 0
   ✅ Rifler panel is open for replace
    ✔ rifler.openReplace command should execute without error (1004ms)

🔹 STEP: Reading Rifler configuration
   ⚙️  Keybinding value: "ctrl+shift+r"
   ✅ Configuration is readable
   ✅ Keybinding is a string
    ✔ Configuration should be readable

🔹 STEP: Searching for "helloWorld" to check result structure

🔹 STEP: Checking if Rifler panel was opened for replace
   📊 Rifler tabs found: 0
   ✅ Rifler panel is open for replace
    ✔ rifler.openReplace command should execute without error (1003ms)

🔹 STEP: Reading Rifler configuration
   ⚙️  Keybinding value: "ctrl+shift+r"
   ✅ Configuration is readable
   ✅ Keybinding is a string
    ✔ Configuration should be readable

🔹 STEP: Searching for "helloWorld" to check result structure

🔹 STEP: Checking if Rifler panel was opened for replace
   📊 Rifler tabs found: 0
   ✅ Rifler panel is open for replace
    ✔ rifler.openReplace command should execute without error (1008ms)

🔹 STEP: Reading Rifler configuration
   ⚙️  Keybinding value: "ctrl+shift+r"
   ✅ Configuration is readable
   ✅ Keybinding is a string
    ✔ Configuration should be readable

🔹 STEP: Searching for "helloWorld" to check result structure
   Panel visible: true
   Panel active: true

🔹 STEP: Setting up message listener for search results
   📡 Message listener registered
   📊 Found 0 result(s)
    3) Search results should have correct structure

🔹 STEP: Searching with empty query
   🔍 Query: "" (empty string)
   📊 Results: 0
   ✅ Empty query handled gracefully
    ✔ Search should handle empty query gracefully

🔹 STEP: Searching with single character query
   🔍 Query: "a" (single character)
   📊 Results: 0
   ✅ Short query handled gracefully
    ✔ Search should handle very short query gracefully

🔹 STEP: Searching with invalid regex pattern
   🔍 Query: "[invalid(regex" (invalid regex)
Invalid regex: Invalid regex: Invalid regular expression: /[invalid(regex/g: Unterminated character class
   📊 Results: 0
   ✅ Invalid regex handled gracefully
    ✔ Search should handle invalid regex gracefully
  Rifler Webview UI Automation Tests
Creating test file at: /Users/ori.roza/Desktop/projects/rifler/test-fixtures/workspace/webview-test-file.ts
Test file created successfully
SidebarProvider: visibility changed, visible = false
SidebarProvider: sidebar hidden, requesting state save
Received webview diag ping

🔹 STEP: 1. Getting the ID of find term textbox
   🔍 Search input ID: query

🔹 STEP: 2. Writing a term to the search input
   ✏️ Setting search term: "find_this_text"

🔹 STEP: 3. Checking that results.length > 0
   📨 Received message #1: runSearch
   🔍 Search request received by extension: {"type":"runSearch","query":"find_this_text","scope":"project","options":{"matchCase":false,"wholeWord":false,"useRegex":false,"fileMask":""}}
[node.js fs] readdir with filetypes failed with error:  Error: ENOENT: no such file or directory, scandir '/var/folders/n4/wfylj42j777b2rdmy16kqwfr0000gn/T/rifler-test-dummy-1766130949253'
	at async Object.readdir (node:internal/original-fs/promises:958:18)
	at async IO (file:///Users/ori.roza/Desktop/projects/rifler/.vscode-test/vscode-darwin-arm64-1.107.1/Visual%20Studio%20Code.app/Contents/Resources/app/out/vs/workbench/api/node/extensionHostProcess.js:28:93578)
	at async kx (file:///Users/ori.roza/Desktop/projects/rifler/.vscode-test/vscode-darwin-arm64-1.107.1/Visual%20Studio%20Code.app/Contents/Resources/app/out/vs/workbench/api/node/extensionHostProcess.js:28:93507)
	at async Object.gf (file:///Users/ori.roza/Desktop/projects/rifler/.vscode-test/vscode-darwin-arm64-1.107.1/Visual%20Studio%20Code.app/Contents/Resources/app/out/vs/workbench/api/node/extensionHostProcess.js:28:93372)
	at async Fd.readdir (file:///Users/ori.roza/Desktop/projects/rifler/.vscode-test/vscode-darwin-arm64-1.107.1/Visual%20Studio%20Code.app/Contents/Resources/app/out/vs/workbench/api/node/extensionHostProcess.js:222:14654)
	at async Object.readDirectory (file:///Users/ori.roza/Desktop/projects/rifler/.vscode-test/vscode-darwin-arm64-1.107.1/Visual%20Studio%20Code.app/Contents/Resources/app/out/vs/workbench/api/node/extensionHostProcess.js:116:16136)
	at async Limiter.run (/Users/ori.roza/Desktop/projects/rifler/out/utils.js:261:20)
	at async searchInDirectory (/Users/ori.roza/Desktop/projects/rifler/out/search.js:113:25)
	at async Promise.all (index 1)
	at async performSearch (/Users/ori.roza/Desktop/projects/rifler/out/search.js:105:13)
	at async /Users/ori.roza/Desktop/projects/rifler/out/messaging/registerCommonHandlers.js:10:25
	at async MessageHandler.handle (/Users/ori.roza/Desktop/projects/rifler/out/messaging/handler.js:30:13)
	at async _d.value (/Users/ori.roza/Desktop/projects/rifler/out/services/PanelManager.js:138:25)
   📨 Received message #2: __test_searchCompleted
   🎉 Got search results! Count: 1
   📊 Received 1 search results
   ✅ Find feature automation successful: textbox ID retrieved, term written, results verified
    ✔ Find feature automation: get textbox ID, write term, check results.length > 0 (3522ms)

🔹 STEP: Opening Rifler search panel

🔹 STEP: Opening Rifler search panel

🔹 STEP: Setting up message listener for masked search results

🔹 STEP: Setting file mask to *.ts

🔹 STEP: Setting search term that exists in a .ts file
   📨 Received message #1: runSearch
[node.js fs] readdir with filetypes failed with error:  Error: ENOENT: no such file or directory, scandir '/var/folders/n4/wfylj42j777b2rdmy16kqwfr0000gn/T/rifler-test-dummy-1766130949253'
	at async Object.readdir (node:internal/original-fs/promises:958:18)
	at async IO (file:///Users/ori.roza/Desktop/projects/rifler/.vscode-test/vscode-darwin-arm64-1.107.1/Visual%20Studio%20Code.app/Contents/Resources/app/out/vs/workbench/api/node/extensionHostProcess.js:28:93578)
	at async kx (file:///Users/ori.roza/Desktop/projects/rifler/.vscode-test/vscode-darwin-arm64-1.107.1/Visual%20Studio%20Code.app/Contents/Resources/app/out/vs/workbench/api/node/extensionHostProcess.js:28:93507)
	at async Object.gf (file:///Users/ori.roza/Desktop/projects/rifler/.vscode-test/vscode-darwin-arm64-1.107.1/Visual%20Studio%20Code.app/Contents/Resources/app/out/vs/workbench/api/node/extensionHostProcess.js:28:93372)
	at async Fd.readdir (file:///Users/ori.roza/Desktop/projects/rifler/.vscode-test/vscode-darwin-arm64-1.107.1/Visual%20Studio%20Code.app/Contents/Resources/app/out/vs/workbench/api/node/extensionHostProcess.js:222:14654)
	at async Object.readDirectory (file:///Users/ori.roza/Desktop/projects/rifler/.vscode-test/vscode-darwin-arm64-1.107.1/Visual%20Studio%20Code.app/Contents/Resources/app/out/vs/workbench/api/node/extensionHostProcess.js:116:16136)
	at async Limiter.run (/Users/ori.roza/Desktop/projects/rifler/out/utils.js:261:20)
	at async searchInDirectory (/Users/ori.roza/Desktop/projects/rifler/out/search.js:113:25)
	at async Promise.all (index 1)
	at async performSearch (/Users/ori.roza/Desktop/projects/rifler/out/search.js:105:13)
	at async /Users/ori.roza/Desktop/projects/rifler/out/messaging/registerCommonHandlers.js:10:25
	at async MessageHandler.handle (/Users/ori.roza/Desktop/projects/rifler/out/messaging/handler.js:30:13)
	at async _d.value (/Users/ori.roza/Desktop/projects/rifler/out/services/PanelManager.js:138:25)
   📨 Received message #2: __test_searchCompleted
   📊 Received 1 masked search results
    ✔ Find feature automation: apply file mask and get results (3016ms)

🔹 STEP: Opening Rifler search panel
   📊 Found 0 result(s)
    2) Search results should have correct structure

🔹 STEP: Searching with empty query
   🔍 Query: "" (empty string)
   📊 Results: 0
   ✅ Empty query handled gracefully
    ✔ Search should handle empty query gracefully

🔹 STEP: Searching with single character query
   🔍 Query: "a" (single character)
   📊 Results: 0
   ✅ Short query handled gracefully
    ✔ Search should handle very short query gracefully

🔹 STEP: Searching with invalid regex pattern
   🔍 Query: "[invalid(regex" (invalid regex)
Invalid regex: Invalid regex: Invalid regular expression: /[invalid(regex/g: Unterminated character class
   📊 Results: 0
   ✅ Invalid regex handled gracefully
    ✔ Search should handle invalid regex gracefully
  Rifler Webview UI Automation Tests
Creating test file at: /Users/ori.roza/Desktop/projects/rifler/test-fixtures/workspace/webview-test-file.ts
Test file created successfully
[68203:1219/223357.757147:ERROR:gpu/command_buffer/service/shared_image/shared_image_manager.cc:501] SharedImageManager::ProduceOverlay: Trying to Produce a Overlay representation from a non-existent mailbox.
[68203:1219/223357.757737:ERROR:components/viz/service/display_embedder/skia_output_device_buffer_queue.cc:262] Invalid mailbox.
SidebarProvider: visibility changed, visible = false
SidebarProvider: sidebar hidden, requesting state save
   📊 Found 0 result(s)
    3) Search results should have correct structure

🔹 STEP: Searching with empty query
   🔍 Query: "" (empty string)
   📊 Results: 0
   ✅ Empty query handled gracefully
    ✔ Search should handle empty query gracefully

🔹 STEP: Searching with single character query
   🔍 Query: "a" (single character)
   📊 Results: 0
   ✅ Short query handled gracefully
    ✔ Search should handle very short query gracefully

🔹 STEP: Searching with invalid regex pattern
   🔍 Query: "[invalid(regex" (invalid regex)
Invalid regex: Invalid regex: Invalid regular expression: /[invalid(regex/g: Unterminated character class
   📊 Results: 0
   ✅ Invalid regex handled gracefully
    ✔ Search should handle invalid regex gracefully
  Rifler Webview UI Automation Tests
Creating test file at: /Users/ori.roza/Desktop/projects/rifler/test-fixtures/workspace/webview-test-file.ts
Test file created successfully
[68203:1219/223357.863413:ERROR:gpu/command_buffer/service/shared_image/shared_image_manager.cc:501] SharedImageManager::ProduceOverlay: Trying to Produce a Overlay representation from a non-existent mailbox.
[68203:1219/223357.863441:ERROR:components/viz/service/display_embedder/skia_output_device_buffer_queue.cc:262] Invalid mailbox.
SidebarProvider: visibility changed, visible = false
SidebarProvider: sidebar hidden, requesting state save
   📊 Found 0 result(s)
    3) Search results should have correct structure

🔹 STEP: Searching with empty query
   🔍 Query: "" (empty string)
   📊 Results: 0
   ✅ Empty query handled gracefully
    ✔ Search should handle empty query gracefully
   📊 Found 0 result(s)
    3) Search results should have correct structure

🔹 STEP: Searching with single character query

🔹 STEP: Searching with empty query
   🔍 Query: "a" (single character)
   📊 Results: 0
   ✅ Short query handled gracefully
    ✔ Search should handle very short query gracefully
   🔍 Query: "" (empty string)
   📊 Results: 0

🔹 STEP: Searching with invalid regex pattern
   ✅ Empty query handled gracefully
   🔍 Query: "[invalid(regex" (invalid regex)
    ✔ Search should handle empty query gracefully

🔹 STEP: Searching with single character query
   🔍 Query: "a" (single character)
   📊 Results: 0
   ✅ Short query handled gracefully
   📊 Results: 0
    ✔ Search should handle very short query gracefully
   ✅ Invalid regex handled gracefully
    ✔ Search should handle invalid regex gracefully

🔹 STEP: Searching with invalid regex pattern
   🔍 Query: "[invalid(regex" (invalid regex)
  Rifler Webview UI Automation Tests
Invalid regex: Invalid regex: Invalid regular expression: /[invalid(regex/g: Unterminated character class
Invalid regex: Invalid regex: Invalid regular expression: /[invalid(regex/g: Unterminated character class
Creating test file at: /Users/ori.roza/Desktop/projects/rifler/test-fixtures/workspace/webview-test-file.ts
   📊 Results: 0
   ✅ Invalid regex handled gracefully
    ✔ Search should handle invalid regex gracefully
  Rifler Webview UI Automation Tests
Creating test file at: /Users/ori.roza/Desktop/projects/rifler/test-fixtures/workspace/webview-test-file.ts
Test file created successfully
Test file created successfully
   📊 Found 0 result(s)
    3) Search results should have correct structure
[68203:1219/223358.053843:ERROR:gpu/command_buffer/service/shared_image/shared_image_manager.cc:501] SharedImageManager::ProduceOverlay: Trying to Produce a Overlay representation from a non-existent mailbox.
[68203:1219/223358.053863:ERROR:components/viz/service/display_embedder/skia_output_device_buffer_queue.cc:262] Invalid mailbox.
SidebarProvider: visibility changed, visible = false
SidebarProvider: sidebar hidden, requesting state save

🔹 STEP: Searching with empty query
   🔍 Query: "" (empty string)
   📊 Results: 0
   ✅ Empty query handled gracefully
    ✔ Search should handle empty query gracefully
SidebarProvider: visibility changed, visible = false
SidebarProvider: sidebar hidden, requesting state save
[68203:1219/223358.060686:ERROR:gpu/command_buffer/service/shared_image/shared_image_manager.cc:501] SharedImageManager::ProduceOverlay: Trying to Produce a Overlay representation from a non-existent mailbox.
[68203:1219/223358.060703:ERROR:components/viz/service/display_embedder/skia_output_device_buffer_queue.cc:262] Invalid mailbox.

🔹 STEP: Searching with single character query
   🔍 Query: "a" (single character)
   📊 Results: 0
   ✅ Short query handled gracefully
    ✔ Search should handle very short query gracefully
   📊 Found 0 result(s)
    3) Search results should have correct structure

🔹 STEP: Searching with invalid regex pattern
   🔍 Query: "[invalid(regex" (invalid regex)
   📊 Results: 0
   ✅ Invalid regex handled gracefully
    ✔ Search should handle invalid regex gracefully
Invalid regex: Invalid regex: Invalid regular expression: /[invalid(regex/g: Unterminated character class

🔹 STEP: Searching with empty query
   🔍 Query: "" (empty string)
   📊 Results: 0
   ✅ Empty query handled gracefully
    ✔ Search should handle empty query gracefully
  Rifler Webview UI Automation Tests
Creating test file at: /Users/ori.roza/Desktop/projects/rifler/test-fixtures/workspace/webview-test-file.ts
Test file created successfully

🔹 STEP: Searching with single character query
   🔍 Query: "a" (single character)
   📊 Results: 0
   ✅ Short query handled gracefully
    ✔ Search should handle very short query gracefully

🔹 STEP: Searching with invalid regex pattern
   🔍 Query: "[invalid(regex" (invalid regex)
   📊 Results: 0
   ✅ Invalid regex handled gracefully
    ✔ Search should handle invalid regex gracefully
  Rifler Webview UI Automation Tests
Invalid regex: Invalid regex: Invalid regular expression: /[invalid(regex/g: Unterminated character class
Creating test file at: /Users/ori.roza/Desktop/projects/rifler/test-fixtures/workspace/webview-test-file.ts
Test file created successfully
[68203:1219/223358.195336:ERROR:gpu/command_buffer/service/shared_image/shared_image_manager.cc:501] SharedImageManager::ProduceOverlay: Trying to Produce a Overlay representation from a non-existent mailbox.
[68203:1219/223358.195469:ERROR:components/viz/service/display_embedder/skia_output_device_buffer_queue.cc:262] Invalid mailbox.
[68203:1219/223358.213181:ERROR:gpu/command_buffer/service/shared_image/shared_image_manager.cc:501] SharedImageManager::ProduceOverlay: Trying to Produce a Overlay representation from a non-existent mailbox.
[68203:1219/223358.213200:ERROR:components/viz/service/display_embedder/skia_output_device_buffer_queue.cc:262] Invalid mailbox.
SidebarProvider: visibility changed, visible = false
SidebarProvider: sidebar hidden, requesting state save
Received webview diag ping
SidebarProvider: visibility changed, visible = false
SidebarProvider: sidebar hidden, requesting state save
Received webview diag ping
Received webview diag ping
Received webview diag ping
Received webview diag ping
Received webview diag ping
   Panel visible: true
   Panel active: true

🔹 STEP: Setting up message listener for search results
   📡 Message listener registered

🔹 STEP: 1. Getting the ID of find term textbox
   🔍 Search input ID: query

🔹 STEP: 2. Writing a term to the search input
   ✏️ Setting search term: "find_this_text"

🔹 STEP: 3. Checking that results.length > 0
   📨 Received message #1: runSearch
   🔍 Search request received by extension: {"type":"runSearch","query":"find_this_text","scope":"project","options":{"matchCase":false,"wholeWord":false,"useRegex":false,"fileMask":""}}
[node.js fs] readdir with filetypes failed with error:  Error: ENOENT: no such file or directory, scandir '/var/folders/n4/wfylj42j777b2rdmy16kqwfr0000gn/T/rifler-test-dummy-1766130949273'
	at async Object.readdir (node:internal/original-fs/promises:958:18)
	at async IO (file:///Users/ori.roza/Desktop/projects/rifler/.vscode-test/vscode-darwin-arm64-1.107.1/Visual%20Studio%20Code.app/Contents/Resources/app/out/vs/workbench/api/node/extensionHostProcess.js:28:93578)
	at async kx (file:///Users/ori.roza/Desktop/projects/rifler/.vscode-test/vscode-darwin-arm64-1.107.1/Visual%20Studio%20Code.app/Contents/Resources/app/out/vs/workbench/api/node/extensionHostProcess.js:28:93507)
	at async Object.gf (file:///Users/ori.roza/Desktop/projects/rifler/.vscode-test/vscode-darwin-arm64-1.107.1/Visual%20Studio%20Code.app/Contents/Resources/app/out/vs/workbench/api/node/extensionHostProcess.js:28:93372)
	at async Fd.readdir (file:///Users/ori.roza/Desktop/projects/rifler/.vscode-test/vscode-darwin-arm64-1.107.1/Visual%20Studio%20Code.app/Contents/Resources/app/out/vs/workbench/api/node/extensionHostProcess.js:222:14654)
	at async Object.readDirectory (file:///Users/ori.roza/Desktop/projects/rifler/.vscode-test/vscode-darwin-arm64-1.107.1/Visual%20Studio%20Code.app/Contents/Resources/app/out/vs/workbench/api/node/extensionHostProcess.js:116:16136)
	at async Limiter.run (/Users/ori.roza/Desktop/projects/rifler/out/utils.js:261:20)
	at async searchInDirectory (/Users/ori.roza/Desktop/projects/rifler/out/search.js:113:25)
	at async Promise.all (index 1)
	at async performSearch (/Users/ori.roza/Desktop/projects/rifler/out/search.js:105:13)
	at async /Users/ori.roza/Desktop/projects/rifler/out/messaging/registerCommonHandlers.js:10:25
	at async MessageHandler.handle (/Users/ori.roza/Desktop/projects/rifler/out/messaging/handler.js:30:13)
	at async _d.value (/Users/ori.roza/Desktop/projects/rifler/out/services/PanelManager.js:138:25)
   📨 Received message #2: __test_searchCompleted
   🎉 Got search results! Count: 1
   📊 Received 1 search results
   ✅ Find feature automation successful: textbox ID retrieved, term written, results verified
    ✔ Find feature automation: get textbox ID, write term, check results.length > 0 (3531ms)

🔹 STEP: Opening Rifler search panel

🔹 STEP: Opening Rifler search panel

🔹 STEP: Opening Rifler search panel

🔹 STEP: Opening Rifler search panel

🔹 STEP: Opening Rifler search panel

🔹 STEP: Setting up message listener for masked search results with excludes

🔹 STEP: Setting file mask to include *.tsx and exclude *.test.tsx

🔹 STEP: Setting search term present in both files

🔹 STEP: Opening Rifler search panel
   📨 Received message #1: runSearch
[node.js fs] readdir with filetypes failed with error:  Error: ENOENT: no such file or directory, scandir '/var/folders/n4/wfylj42j777b2rdmy16kqwfr0000gn/T/rifler-test-dummy-1766130949253'
	at async Object.readdir (node:internal/original-fs/promises:958:18)
	at async IO (file:///Users/ori.roza/Desktop/projects/rifler/.vscode-test/vscode-darwin-arm64-1.107.1/Visual%20Studio%20Code.app/Contents/Resources/app/out/vs/workbench/api/node/extensionHostProcess.js:28:93578)
	at async kx (file:///Users/ori.roza/Desktop/projects/rifler/.vscode-test/vscode-darwin-arm64-1.107.1/Visual%20Studio%20Code.app/Contents/Resources/app/out/vs/workbench/api/node/extensionHostProcess.js:28:93507)
	at async Object.gf (file:///Users/ori.roza/Desktop/projects/rifler/.vscode-test/vscode-darwin-arm64-1.107.1/Visual%20Studio%20Code.app/Contents/Resources/app/out/vs/workbench/api/node/extensionHostProcess.js:28:93372)
	at async Fd.readdir (file:///Users/ori.roza/Desktop/projects/rifler/.vscode-test/vscode-darwin-arm64-1.107.1/Visual%20Studio%20Code.app/Contents/Resources/app/out/vs/workbench/api/node/extensionHostProcess.js:222:14654)
	at async Object.readDirectory (file:///Users/ori.roza/Desktop/projects/rifler/.vscode-test/vscode-darwin-arm64-1.107.1/Visual%20Studio%20Code.app/Contents/Resources/app/out/vs/workbench/api/node/extensionHostProcess.js:116:16136)
	at async Limiter.run (/Users/ori.roza/Desktop/projects/rifler/out/utils.js:261:20)
	at async searchInDirectory (/Users/ori.roza/Desktop/projects/rifler/out/search.js:113:25)
	at async Promise.all (index 1)
	at async performSearch (/Users/ori.roza/Desktop/projects/rifler/out/search.js:105:13)
	at async /Users/ori.roza/Desktop/projects/rifler/out/messaging/registerCommonHandlers.js:10:25
	at async MessageHandler.handle (/Users/ori.roza/Desktop/projects/rifler/out/messaging/handler.js:30:13)
	at async _d.value (/Users/ori.roza/Desktop/projects/rifler/out/services/PanelManager.js:138:25)
   📨 Received message #2: __test_searchCompleted
   📊 Received 1 masked search results with excludes
    ✔ Find feature automation: apply include and exclude masks (3019ms)

🔹 STEP: Testing validation of invalid regex pattern

🔹 STEP: Sending invalid regex pattern: [unclosed
No handler registered for message type: validationResult
   ✅ Validation error received: Invalid regex: Invalid regular expression: /[unclosed/g: Unterminated character class
    ✔ should validate invalid regex pattern

🔹 STEP: Testing validation of valid regex pattern

🔹 STEP: Sending valid regex pattern: test.*
No handler registered for message type: validationResult
   ✅ Validation passed for valid regex
    ✔ should validate valid regex pattern

🔹 STEP: Testing validation of special characters in non-regex mode

🔹 STEP: Sending pattern [test] in non-regex mode
No handler registered for message type: validationResult
   ✅ Special characters valid in non-regex mode
    ✔ should validate pattern in non-regex mode as valid

🔹 STEP: Opening Rifler panel for editability test

🔹 STEP: Opening Rifler search panel

🔹 STEP: Enabling regex mode and setting initial invalid pattern

🔹 STEP: Simulating typing character by character with validation running
No handler registered for message type: validationResult

🔹 STEP: Setting up message listener for masked search results

🔹 STEP: Setting file mask to *.ts

🔹 STEP: Setting search term that exists in a .ts file
   📨 Received message #1: runSearch
[node.js fs] readdir with filetypes failed with error:  Error: ENOENT: no such file or directory, scandir '/var/folders/n4/wfylj42j777b2rdmy16kqwfr0000gn/T/rifler-test-dummy-1766130949273'
	at async Object.readdir (node:internal/original-fs/promises:958:18)
	at async IO (file:///Users/ori.roza/Desktop/projects/rifler/.vscode-test/vscode-darwin-arm64-1.107.1/Visual%20Studio%20Code.app/Contents/Resources/app/out/vs/workbench/api/node/extensionHostProcess.js:28:93578)
	at async kx (file:///Users/ori.roza/Desktop/projects/rifler/.vscode-test/vscode-darwin-arm64-1.107.1/Visual%20Studio%20Code.app/Contents/Resources/app/out/vs/workbench/api/node/extensionHostProcess.js:28:93507)
	at async Object.gf (file:///Users/ori.roza/Desktop/projects/rifler/.vscode-test/vscode-darwin-arm64-1.107.1/Visual%20Studio%20Code.app/Contents/Resources/app/out/vs/workbench/api/node/extensionHostProcess.js:28:93372)
	at async Fd.readdir (file:///Users/ori.roza/Desktop/projects/rifler/.vscode-test/vscode-darwin-arm64-1.107.1/Visual%20Studio%20Code.app/Contents/Resources/app/out/vs/workbench/api/node/extensionHostProcess.js:222:14654)
	at async Object.readDirectory (file:///Users/ori.roza/Desktop/projects/rifler/.vscode-test/vscode-darwin-arm64-1.107.1/Visual%20Studio%20Code.app/Contents/Resources/app/out/vs/workbench/api/node/extensionHostProcess.js:116:16136)
	at async Limiter.run (/Users/ori.roza/Desktop/projects/rifler/out/utils.js:261:20)
	at async searchInDirectory (/Users/ori.roza/Desktop/projects/rifler/out/search.js:113:25)
	at async Promise.all (index 1)
	at async performSearch (/Users/ori.roza/Desktop/projects/rifler/out/search.js:105:13)
	at async /Users/ori.roza/Desktop/projects/rifler/out/messaging/registerCommonHandlers.js:10:25
	at async MessageHandler.handle (/Users/ori.roza/Desktop/projects/rifler/out/messaging/handler.js:30:13)
	at async _d.value (/Users/ori.roza/Desktop/projects/rifler/out/services/PanelManager.js:138:25)
   📨 Received message #2: __test_searchCompleted
   📊 Received 1 masked search results
    ✔ Find feature automation: apply file mask and get results (3013ms)

🔹 STEP: Opening Rifler search panel

🔹 STEP: Verifying final value contains all typed characters
No handler registered for message type: __test_queryValue
   📝 Final query value: "[invalid[invalid-typing"
   📝 Expected to contain: "[invalid-typing"
   ✅ Textbox remained editable - all 15 characters were preserved
    ✔ should allow editing search term with invalid regex pattern (2441ms)

🔹 STEP: Testing comprehensive invalid regex patterns

🔹 STEP: Testing invalid regex: Unclosed bracket
No handler registered for message type: validationResult
   ✅ "[unclosed" correctly detected as invalid: Invalid regex: Invalid regular expression: /[unclosed/g: Unterminated character class

🔹 STEP: Testing invalid regex: Unclosed character class
No handler registered for message type: validationResult
   ✅ "[a-z" correctly detected as invalid: Invalid regex: Invalid regular expression: /[a-z/g: Unterminated character class

🔹 STEP: Testing invalid regex: Unclosed group
No handler registered for message type: validationResult
   ✅ "(unclosed" correctly detected as invalid: Invalid regex: Invalid regular expression: /(unclosed/g: Unterminated group

🔹 STEP: Testing invalid regex: Unclosed non-capturing group
No handler registered for message type: validationResult
   ✅ "(?:test" correctly detected as invalid: Invalid regex: Invalid regular expression: /(?:test/g: Unterminated group

🔹 STEP: Testing invalid regex: Nothing to repeat (*)
No handler registered for message type: validationResult
   ✅ "*" correctly detected as invalid: Invalid regex: Invalid regular expression: /*/g: Nothing to repeat

🔹 STEP: Testing invalid regex: Nothing to repeat (+)
No handler registered for message type: validationResult
   ✅ "+" correctly detected as invalid: Invalid regex: Invalid regular expression: /+/g: Nothing to repeat

🔹 STEP: Testing invalid regex: Nothing to repeat (?)
No handler registered for message type: validationResult
   ✅ "?" correctly detected as invalid: Invalid regex: Invalid regular expression: /?/g: Nothing to repeat

🔹 STEP: Testing invalid regex: Nothing to repeat ({5})
No handler registered for message type: validationResult
   ✅ "{5}" correctly detected as invalid: Invalid regex: Invalid regular expression: /{5}/g: Nothing to repeat

🔹 STEP: Testing invalid regex: Numbers out of order in quantifier
No handler registered for message type: validationResult
   ✅ "{5,3}" correctly detected as invalid: Invalid regex: Invalid regular expression: /{5,3}/g: Nothing to repeat

🔹 STEP: Testing invalid regex: Invalid nested quantifier
No handler registered for message type: validationResult
   ✅ "**" correctly detected as invalid: Invalid regex: Invalid regular expression: /**/g: Nothing to repeat
   ✅ All 10 invalid regex patterns correctly detected
    ✔ should detect all invalid regex patterns (117ms)

🔹 STEP: Testing validation of valid file mask

🔹 STEP: Sending valid file mask: *.ts, *.js
No handler registered for message type: validationResult
   ✅ File mask validation passed
    ✔ should validate valid file mask pattern

🔹 STEP: Testing validation of complex file mask with excludes

🔹 STEP: Sending file mask with excludes: *.tsx,!*.test.tsx
No handler registered for message type: validationResult
   ✅ Complex file mask validation passed
    ✔ should validate complex file mask with exclude patterns

🔹 STEP: Testing that search is blocked with invalid regex

🔹 STEP: Setting invalid regex pattern: (unclosed
No handler registered for message type: validationResult

🔹 STEP: Attempting search with invalid regex
   Panel visible: true
   Panel active: true

🔹 STEP: Setting up message listener for search results
   📡 Message listener registered
   Panel visible: true
   Panel active: true

🔹 STEP: Setting up message listener for search results
   📡 Message listener registered
   Panel visible: true
   Panel visible: true
   Panel active: true
   Panel active: true

🔹 STEP: Setting up message listener for search results
   📡 Message listener registered

🔹 STEP: Setting up message listener for search results
   📡 Message listener registered
   Panel visible: true
   Panel active: true

🔹 STEP: Setting up message listener for search results
   📡 Message listener registered
   Panel visible: true
   Panel active: true

🔹 STEP: Setting up message listener for search results
   📡 Message listener registered

🔹 STEP: 1. Getting the ID of find term textbox
   🔍 Search input ID: query

🔹 STEP: 2. Writing a term to the search input
   ✏️ Setting search term: "find_this_text"

🔹 STEP: 3. Checking that results.length > 0
   📨 Received message #1: runSearch
   🔍 Search request received by extension: {"type":"runSearch","query":"find_this_text","scope":"project","options":{"matchCase":false,"wholeWord":false,"useRegex":false,"fileMask":""}}
[node.js fs] readdir with filetypes failed with error:  Error: ENOENT: no such file or directory, scandir '/var/folders/n4/wfylj42j777b2rdmy16kqwfr0000gn/T/rifler-test-dummy-1766130949252'
	at async Object.readdir (node:internal/original-fs/promises:958:18)
	at async IO (file:///Users/ori.roza/Desktop/projects/rifler/.vscode-test/vscode-darwin-arm64-1.107.1/Visual%20Studio%20Code.app/Contents/Resources/app/out/vs/workbench/api/node/extensionHostProcess.js:28:93578)
	at async kx (file:///Users/ori.roza/Desktop/projects/rifler/.vscode-test/vscode-darwin-arm64-1.107.1/Visual%20Studio%20Code.app/Contents/Resources/app/out/vs/workbench/api/node/extensionHostProcess.js:28:93507)
	at async Object.gf (file:///Users/ori.roza/Desktop/projects/rifler/.vscode-test/vscode-darwin-arm64-1.107.1/Visual%20Studio%20Code.app/Contents/Resources/app/out/vs/workbench/api/node/extensionHostProcess.js:28:93372)
	at async Fd.readdir (file:///Users/ori.roza/Desktop/projects/rifler/.vscode-test/vscode-darwin-arm64-1.107.1/Visual%20Studio%20Code.app/Contents/Resources/app/out/vs/workbench/api/node/extensionHostProcess.js:222:14654)
	at async Object.readDirectory (file:///Users/ori.roza/Desktop/projects/rifler/.vscode-test/vscode-darwin-arm64-1.107.1/Visual%20Studio%20Code.app/Contents/Resources/app/out/vs/workbench/api/node/extensionHostProcess.js:116:16136)
	at async Limiter.run (/Users/ori.roza/Desktop/projects/rifler/out/utils.js:261:20)
	at async searchInDirectory (/Users/ori.roza/Desktop/projects/rifler/out/search.js:113:25)
	at async Promise.all (index 1)
	at async performSearch (/Users/ori.roza/Desktop/projects/rifler/out/search.js:105:13)
	at async /Users/ori.roza/Desktop/projects/rifler/out/messaging/registerCommonHandlers.js:10:25
	at async MessageHandler.handle (/Users/ori.roza/Desktop/projects/rifler/out/messaging/handler.js:30:13)
	at async _d.value (/Users/ori.roza/Desktop/projects/rifler/out/services/PanelManager.js:138:25)
   📨 Received message #2: __test_searchCompleted
   🎉 Got search results! Count: 1
   📊 Received 1 search results
   ✅ Find feature automation successful: textbox ID retrieved, term written, results verified
    ✔ Find feature automation: get textbox ID, write term, check results.length > 0 (3515ms)

🔹 STEP: Opening Rifler search panel

🔹 STEP: 1. Getting the ID of find term textbox
   🔍 Search input ID: query

🔹 STEP: 2. Writing a term to the search input
   ✏️ Setting search term: "find_this_text"

🔹 STEP: 3. Checking that results.length > 0
   📨 Received message #1: runSearch
   🔍 Search request received by extension: {"type":"runSearch","query":"find_this_text","scope":"project","options":{"matchCase":false,"wholeWord":false,"useRegex":false,"fileMask":""}}
[node.js fs] readdir with filetypes failed with error:  Error: ENOENT: no such file or directory, scandir '/var/folders/n4/wfylj42j777b2rdmy16kqwfr0000gn/T/rifler-test-dummy-1766130949236'
	at async Object.readdir (node:internal/original-fs/promises:958:18)
	at async IO (file:///Users/ori.roza/Desktop/projects/rifler/.vscode-test/vscode-darwin-arm64-1.107.1/Visual%20Studio%20Code.app/Contents/Resources/app/out/vs/workbench/api/node/extensionHostProcess.js:28:93578)
	at async kx (file:///Users/ori.roza/Desktop/projects/rifler/.vscode-test/vscode-darwin-arm64-1.107.1/Visual%20Studio%20Code.app/Contents/Resources/app/out/vs/workbench/api/node/extensionHostProcess.js:28:93507)
	at async Object.gf (file:///Users/ori.roza/Desktop/projects/rifler/.vscode-test/vscode-darwin-arm64-1.107.1/Visual%20Studio%20Code.app/Contents/Resources/app/out/vs/workbench/api/node/extensionHostProcess.js:28:93372)
	at async Fd.readdir (file:///Users/ori.roza/Desktop/projects/rifler/.vscode-test/vscode-darwin-arm64-1.107.1/Visual%20Studio%20Code.app/Contents/Resources/app/out/vs/workbench/api/node/extensionHostProcess.js:222:14654)
	at async Object.readDirectory (file:///Users/ori.roza/Desktop/projects/rifler/.vscode-test/vscode-darwin-arm64-1.107.1/Visual%20Studio%20Code.app/Contents/Resources/app/out/vs/workbench/api/node/extensionHostProcess.js:116:16136)
	at async Limiter.run (/Users/ori.roza/Desktop/projects/rifler/out/utils.js:261:20)
	at async searchInDirectory (/Users/ori.roza/Desktop/projects/rifler/out/search.js:113:25)
	at async Promise.all (index 1)
	at async performSearch (/Users/ori.roza/Desktop/projects/rifler/out/search.js:105:13)
	at async /Users/ori.roza/Desktop/projects/rifler/out/messaging/registerCommonHandlers.js:10:25
	at async MessageHandler.handle (/Users/ori.roza/Desktop/projects/rifler/out/messaging/handler.js:30:13)
	at async _d.value (/Users/ori.roza/Desktop/projects/rifler/out/services/PanelManager.js:138:25)
   📨 Received message #2: __test_searchCompleted
   🎉 Got search results! Count: 1
   📊 Received 1 search results
   ✅ Find feature automation successful: textbox ID retrieved, term written, results verified
    ✔ Find feature automation: get textbox ID, write term, check results.length > 0 (3522ms)

🔹 STEP: Opening Rifler search panel

🔹 STEP: 1. Getting the ID of find term textbox

🔹 STEP: 1. Getting the ID of find term textbox
   🔍 Search input ID: query

🔹 STEP: 2. Writing a term to the search input
   🔍 Search input ID: query
   ✏️ Setting search term: "find_this_text"

🔹 STEP: 2. Writing a term to the search input
   ✏️ Setting search term: "find_this_text"

🔹 STEP: 3. Checking that results.length > 0

🔹 STEP: 3. Checking that results.length > 0
   📨 Received message #1: runSearch
   🔍 Search request received by extension: {"type":"runSearch","query":"find_this_text","scope":"project","options":{"matchCase":false,"wholeWord":false,"useRegex":false,"fileMask":""}}
   📨 Received message #1: runSearch
   🔍 Search request received by extension: {"type":"runSearch","query":"find_this_text","scope":"project","options":{"matchCase":false,"wholeWord":false,"useRegex":false,"fileMask":""}}
[node.js fs] readdir with filetypes failed with error:  Error: ENOENT: no such file or directory, scandir '/var/folders/n4/wfylj42j777b2rdmy16kqwfr0000gn/T/rifler-test-dummy-1766130949734'
	at async Object.readdir (node:internal/original-fs/promises:958:18)
	at async IO (file:///Users/ori.roza/Desktop/projects/rifler/.vscode-test/vscode-darwin-arm64-1.107.1/Visual%20Studio%20Code.app/Contents/Resources/app/out/vs/workbench/api/node/extensionHostProcess.js:28:93578)
	at async kx (file:///Users/ori.roza/Desktop/projects/rifler/.vscode-test/vscode-darwin-arm64-1.107.1/Visual%20Studio%20Code.app/Contents/Resources/app/out/vs/workbench/api/node/extensionHostProcess.js:28:93507)
	at async Object.gf (file:///Users/ori.roza/Desktop/projects/rifler/.vscode-test/vscode-darwin-arm64-1.107.1/Visual%20Studio%20Code.app/Contents/Resources/app/out/vs/workbench/api/node/extensionHostProcess.js:28:93372)
	at async Fd.readdir (file:///Users/ori.roza/Desktop/projects/rifler/.vscode-test/vscode-darwin-arm64-1.107.1/Visual%20Studio%20Code.app/Contents/Resources/app/out/vs/workbench/api/node/extensionHostProcess.js:222:14654)
	at async Object.readDirectory (file:///Users/ori.roza/Desktop/projects/rifler/.vscode-test/vscode-darwin-arm64-1.107.1/Visual%20Studio%20Code.app/Contents/Resources/app/out/vs/workbench/api/node/extensionHostProcess.js:116:16136)
	at async Limiter.run (/Users/ori.roza/Desktop/projects/rifler/out/utils.js:261:20)
	at async searchInDirectory (/Users/ori.roza/Desktop/projects/rifler/out/search.js:113:25)
	at async Promise.all (index 1)
	at async performSearch (/Users/ori.roza/Desktop/projects/rifler/out/search.js:105:13)
	at async /Users/ori.roza/Desktop/projects/rifler/out/messaging/registerCommonHandlers.js:10:25
	at async MessageHandler.handle (/Users/ori.roza/Desktop/projects/rifler/out/messaging/handler.js:30:13)
	at async _d.value (/Users/ori.roza/Desktop/projects/rifler/out/services/PanelManager.js:138:25)
[node.js fs] readdir with filetypes failed with error:  Error: ENOENT: no such file or directory, scandir '/var/folders/n4/wfylj42j777b2rdmy16kqwfr0000gn/T/rifler-test-dummy-1766130949229'
	at async Object.readdir (node:internal/original-fs/promises:958:18)
	at async IO (file:///Users/ori.roza/Desktop/projects/rifler/.vscode-test/vscode-darwin-arm64-1.107.1/Visual%20Studio%20Code.app/Contents/Resources/app/out/vs/workbench/api/node/extensionHostProcess.js:28:93578)
	at async kx (file:///Users/ori.roza/Desktop/projects/rifler/.vscode-test/vscode-darwin-arm64-1.107.1/Visual%20Studio%20Code.app/Contents/Resources/app/out/vs/workbench/api/node/extensionHostProcess.js:28:93507)
	at async Object.gf (file:///Users/ori.roza/Desktop/projects/rifler/.vscode-test/vscode-darwin-arm64-1.107.1/Visual%20Studio%20Code.app/Contents/Resources/app/out/vs/workbench/api/node/extensionHostProcess.js:28:93372)
	at async Fd.readdir (file:///Users/ori.roza/Desktop/projects/rifler/.vscode-test/vscode-darwin-arm64-1.107.1/Visual%20Studio%20Code.app/Contents/Resources/app/out/vs/workbench/api/node/extensionHostProcess.js:222:14654)
	at async Object.readDirectory (file:///Users/ori.roza/Desktop/projects/rifler/.vscode-test/vscode-darwin-arm64-1.107.1/Visual%20Studio%20Code.app/Contents/Resources/app/out/vs/workbench/api/node/extensionHostProcess.js:116:16136)
	at async Limiter.run (/Users/ori.roza/Desktop/projects/rifler/out/utils.js:261:20)
	at async searchInDirectory (/Users/ori.roza/Desktop/projects/rifler/out/search.js:113:25)
	at async Promise.all (index 1)
	at async performSearch (/Users/ori.roza/Desktop/projects/rifler/out/search.js:105:13)
	at async /Users/ori.roza/Desktop/projects/rifler/out/messaging/registerCommonHandlers.js:10:25
	at async MessageHandler.handle (/Users/ori.roza/Desktop/projects/rifler/out/messaging/handler.js:30:13)
	at async _d.value (/Users/ori.roza/Desktop/projects/rifler/out/services/PanelManager.js:138:25)
   📨 Received message #2: __test_searchCompleted
   📨 Received message #2: __test_searchCompleted
   🎉 Got search results! Count: 1
   🎉 Got search results! Count: 1
   📊 Received 1 search results
   📊 Received 1 search results
   ✅ Find feature automation successful: textbox ID retrieved, term written, results verified
   ✅ Find feature automation successful: textbox ID retrieved, term written, results verified
    ✔ Find feature automation: get textbox ID, write term, check results.length > 0 (3525ms)
    ✔ Find feature automation: get textbox ID, write term, check results.length > 0 (3525ms)

🔹 STEP: Opening Rifler search panel

🔹 STEP: Opening Rifler search panel

🔹 STEP: 1. Getting the ID of find term textbox
   🔍 Search input ID: query

🔹 STEP: 2. Writing a term to the search input
   ✏️ Setting search term: "find_this_text"

🔹 STEP: 3. Checking that results.length > 0
   📨 Received message #1: runSearch
   🔍 Search request received by extension: {"type":"runSearch","query":"find_this_text","scope":"project","options":{"matchCase":false,"wholeWord":false,"useRegex":false,"fileMask":""}}
   📨 Received message #2: __test_searchCompleted
   🎉 Got search results! Count: 1
   📊 Received 1 search results
   ✅ Find feature automation successful: textbox ID retrieved, term written, results verified
    ✔ Find feature automation: get textbox ID, write term, check results.length > 0 (3516ms)

🔹 STEP: Opening Rifler search panel

🔹 STEP: 1. Getting the ID of find term textbox
   🔍 Search input ID: query

🔹 STEP: 2. Writing a term to the search input
   ✏️ Setting search term: "find_this_text"

🔹 STEP: 3. Checking that results.length > 0
   📨 Received message #1: runSearch
   🔍 Search request received by extension: {"type":"runSearch","query":"find_this_text","scope":"project","options":{"matchCase":false,"wholeWord":false,"useRegex":false,"fileMask":""}}
[node.js fs] readdir with filetypes failed with error:  Error: ENOENT: no such file or directory, scandir '/var/folders/n4/wfylj42j777b2rdmy16kqwfr0000gn/T/rifler-test-dummy-1766130949259'
	at async Object.readdir (node:internal/original-fs/promises:958:18)
	at async IO (file:///Users/ori.roza/Desktop/projects/rifler/.vscode-test/vscode-darwin-arm64-1.107.1/Visual%20Studio%20Code.app/Contents/Resources/app/out/vs/workbench/api/node/extensionHostProcess.js:28:93578)
	at async kx (file:///Users/ori.roza/Desktop/projects/rifler/.vscode-test/vscode-darwin-arm64-1.107.1/Visual%20Studio%20Code.app/Contents/Resources/app/out/vs/workbench/api/node/extensionHostProcess.js:28:93507)
	at async Object.gf (file:///Users/ori.roza/Desktop/projects/rifler/.vscode-test/vscode-darwin-arm64-1.107.1/Visual%20Studio%20Code.app/Contents/Resources/app/out/vs/workbench/api/node/extensionHostProcess.js:28:93372)
	at async Fd.readdir (file:///Users/ori.roza/Desktop/projects/rifler/.vscode-test/vscode-darwin-arm64-1.107.1/Visual%20Studio%20Code.app/Contents/Resources/app/out/vs/workbench/api/node/extensionHostProcess.js:222:14654)
	at async Object.readDirectory (file:///Users/ori.roza/Desktop/projects/rifler/.vscode-test/vscode-darwin-arm64-1.107.1/Visual%20Studio%20Code.app/Contents/Resources/app/out/vs/workbench/api/node/extensionHostProcess.js:116:16136)
	at async Limiter.run (/Users/ori.roza/Desktop/projects/rifler/out/utils.js:261:20)
	at async searchInDirectory (/Users/ori.roza/Desktop/projects/rifler/out/search.js:113:25)
	at async Promise.all (index 1)
	at async performSearch (/Users/ori.roza/Desktop/projects/rifler/out/search.js:105:13)
	at async /Users/ori.roza/Desktop/projects/rifler/out/messaging/registerCommonHandlers.js:10:25
	at async MessageHandler.handle (/Users/ori.roza/Desktop/projects/rifler/out/messaging/handler.js:30:13)
	at async _d.value (/Users/ori.roza/Desktop/projects/rifler/out/services/PanelManager.js:138:25)
   📨 Received message #2: __test_searchCompleted
   🎉 Got search results! Count: 1
   📊 Received 1 search results
   ✅ Find feature automation successful: textbox ID retrieved, term written, results verified
    ✔ Find feature automation: get textbox ID, write term, check results.length > 0 (3522ms)

🔹 STEP: Opening Rifler search panel

🔹 STEP: Setting up message listener for masked search results with excludes

🔹 STEP: Setting file mask to include *.tsx and exclude *.test.tsx

🔹 STEP: Setting search term present in both files
   📨 Received message #1: runSearch
[node.js fs] readdir with filetypes failed with error:  Error: ENOENT: no such file or directory, scandir '/var/folders/n4/wfylj42j777b2rdmy16kqwfr0000gn/T/rifler-test-dummy-1766130949273'
	at async Object.readdir (node:internal/original-fs/promises:958:18)
	at async IO (file:///Users/ori.roza/Desktop/projects/rifler/.vscode-test/vscode-darwin-arm64-1.107.1/Visual%20Studio%20Code.app/Contents/Resources/app/out/vs/workbench/api/node/extensionHostProcess.js:28:93578)
	at async kx (file:///Users/ori.roza/Desktop/projects/rifler/.vscode-test/vscode-darwin-arm64-1.107.1/Visual%20Studio%20Code.app/Contents/Resources/app/out/vs/workbench/api/node/extensionHostProcess.js:28:93507)
	at async Object.gf (file:///Users/ori.roza/Desktop/projects/rifler/.vscode-test/vscode-darwin-arm64-1.107.1/Visual%20Studio%20Code.app/Contents/Resources/app/out/vs/workbench/api/node/extensionHostProcess.js:28:93372)
	at async Fd.readdir (file:///Users/ori.roza/Desktop/projects/rifler/.vscode-test/vscode-darwin-arm64-1.107.1/Visual%20Studio%20Code.app/Contents/Resources/app/out/vs/workbench/api/node/extensionHostProcess.js:222:14654)
	at async Object.readDirectory (file:///Users/ori.roza/Desktop/projects/rifler/.vscode-test/vscode-darwin-arm64-1.107.1/Visual%20Studio%20Code.app/Contents/Resources/app/out/vs/workbench/api/node/extensionHostProcess.js:116:16136)
	at async Limiter.run (/Users/ori.roza/Desktop/projects/rifler/out/utils.js:261:20)
	at async searchInDirectory (/Users/ori.roza/Desktop/projects/rifler/out/search.js:113:25)
	at async Promise.all (index 1)
	at async performSearch (/Users/ori.roza/Desktop/projects/rifler/out/search.js:105:13)
	at async /Users/ori.roza/Desktop/projects/rifler/out/messaging/registerCommonHandlers.js:10:25
	at async MessageHandler.handle (/Users/ori.roza/Desktop/projects/rifler/out/messaging/handler.js:30:13)
	at async _d.value (/Users/ori.roza/Desktop/projects/rifler/out/services/PanelManager.js:138:25)
   📨 Received message #2: __test_searchCompleted
   📊 Received 1 masked search results with excludes
    ✔ Find feature automation: apply include and exclude masks (3015ms)

🔹 STEP: Testing validation of invalid regex pattern

🔹 STEP: Sending invalid regex pattern: [unclosed
No handler registered for message type: validationResult
   ✅ Validation error received: Invalid regex: Invalid regular expression: /[unclosed/g: Unterminated character class
    ✔ should validate invalid regex pattern

🔹 STEP: Testing validation of valid regex pattern

🔹 STEP: Sending valid regex pattern: test.*
No handler registered for message type: validationResult
   ✅ Validation passed for valid regex
    ✔ should validate valid regex pattern

🔹 STEP: Testing validation of special characters in non-regex mode

🔹 STEP: Sending pattern [test] in non-regex mode
No handler registered for message type: validationResult
   ✅ Special characters valid in non-regex mode
    ✔ should validate pattern in non-regex mode as valid

🔹 STEP: Opening Rifler panel for editability test

🔹 STEP: Enabling regex mode and setting initial invalid pattern

🔹 STEP: Setting up message listener for masked search results

🔹 STEP: Setting file mask to *.ts

🔹 STEP: Setting search term that exists in a .ts file
   📨 Received message #1: runSearch
[node.js fs] readdir with filetypes failed with error:  Error: ENOENT: no such file or directory, scandir '/var/folders/n4/wfylj42j777b2rdmy16kqwfr0000gn/T/rifler-test-dummy-1766130949252'
	at async Object.readdir (node:internal/original-fs/promises:958:18)
	at async IO (file:///Users/ori.roza/Desktop/projects/rifler/.vscode-test/vscode-darwin-arm64-1.107.1/Visual%20Studio%20Code.app/Contents/Resources/app/out/vs/workbench/api/node/extensionHostProcess.js:28:93578)
	at async kx (file:///Users/ori.roza/Desktop/projects/rifler/.vscode-test/vscode-darwin-arm64-1.107.1/Visual%20Studio%20Code.app/Contents/Resources/app/out/vs/workbench/api/node/extensionHostProcess.js:28:93507)
	at async Object.gf (file:///Users/ori.roza/Desktop/projects/rifler/.vscode-test/vscode-darwin-arm64-1.107.1/Visual%20Studio%20Code.app/Contents/Resources/app/out/vs/workbench/api/node/extensionHostProcess.js:28:93372)
	at async Fd.readdir (file:///Users/ori.roza/Desktop/projects/rifler/.vscode-test/vscode-darwin-arm64-1.107.1/Visual%20Studio%20Code.app/Contents/Resources/app/out/vs/workbench/api/node/extensionHostProcess.js:222:14654)
	at async Object.readDirectory (file:///Users/ori.roza/Desktop/projects/rifler/.vscode-test/vscode-darwin-arm64-1.107.1/Visual%20Studio%20Code.app/Contents/Resources/app/out/vs/workbench/api/node/extensionHostProcess.js:116:16136)
	at async Limiter.run (/Users/ori.roza/Desktop/projects/rifler/out/utils.js:261:20)
	at async searchInDirectory (/Users/ori.roza/Desktop/projects/rifler/out/search.js:113:25)
	at async Promise.all (index 1)
	at async performSearch (/Users/ori.roza/Desktop/projects/rifler/out/search.js:105:13)
	at async /Users/ori.roza/Desktop/projects/rifler/out/messaging/registerCommonHandlers.js:10:25
	at async MessageHandler.handle (/Users/ori.roza/Desktop/projects/rifler/out/messaging/handler.js:30:13)
	at async _d.value (/Users/ori.roza/Desktop/projects/rifler/out/services/PanelManager.js:138:25)
   📨 Received message #2: __test_searchCompleted
   📊 Received 1 masked search results
    ✔ Find feature automation: apply file mask and get results (3012ms)

🔹 STEP: Opening Rifler search panel

🔹 STEP: Setting up message listener for masked search results

🔹 STEP: Setting file mask to *.ts

🔹 STEP: Setting search term that exists in a .ts file
   📨 Received message #1: runSearch
[node.js fs] readdir with filetypes failed with error:  Error: ENOENT: no such file or directory, scandir '/var/folders/n4/wfylj42j777b2rdmy16kqwfr0000gn/T/rifler-test-dummy-1766130949236'
	at async Object.readdir (node:internal/original-fs/promises:958:18)
	at async IO (file:///Users/ori.roza/Desktop/projects/rifler/.vscode-test/vscode-darwin-arm64-1.107.1/Visual%20Studio%20Code.app/Contents/Resources/app/out/vs/workbench/api/node/extensionHostProcess.js:28:93578)
	at async kx (file:///Users/ori.roza/Desktop/projects/rifler/.vscode-test/vscode-darwin-arm64-1.107.1/Visual%20Studio%20Code.app/Contents/Resources/app/out/vs/workbench/api/node/extensionHostProcess.js:28:93507)
	at async Object.gf (file:///Users/ori.roza/Desktop/projects/rifler/.vscode-test/vscode-darwin-arm64-1.107.1/Visual%20Studio%20Code.app/Contents/Resources/app/out/vs/workbench/api/node/extensionHostProcess.js:28:93372)
	at async Fd.readdir (file:///Users/ori.roza/Desktop/projects/rifler/.vscode-test/vscode-darwin-arm64-1.107.1/Visual%20Studio%20Code.app/Contents/Resources/app/out/vs/workbench/api/node/extensionHostProcess.js:222:14654)
	at async Object.readDirectory (file:///Users/ori.roza/Desktop/projects/rifler/.vscode-test/vscode-darwin-arm64-1.107.1/Visual%20Studio%20Code.app/Contents/Resources/app/out/vs/workbench/api/node/extensionHostProcess.js:116:16136)
	at async Limiter.run (/Users/ori.roza/Desktop/projects/rifler/out/utils.js:261:20)
	at async searchInDirectory (/Users/ori.roza/Desktop/projects/rifler/out/search.js:113:25)
	at async Promise.all (index 1)
	at async performSearch (/Users/ori.roza/Desktop/projects/rifler/out/search.js:105:13)
	at async /Users/ori.roza/Desktop/projects/rifler/out/messaging/registerCommonHandlers.js:10:25
	at async MessageHandler.handle (/Users/ori.roza/Desktop/projects/rifler/out/messaging/handler.js:30:13)
	at async _d.value (/Users/ori.roza/Desktop/projects/rifler/out/services/PanelManager.js:138:25)
   📨 Received message #2: __test_searchCompleted
   📊 Received 1 masked search results
    ✔ Find feature automation: apply file mask and get results (3057ms)

🔹 STEP: Opening Rifler search panel

🔹 STEP: Simulating typing character by character with validation running

🔹 STEP: Setting up message listener for masked search results

🔹 STEP: Setting file mask to *.ts

🔹 STEP: Setting search term that exists in a .ts file
   📨 Received message #1: runSearch
[node.js fs] readdir with filetypes failed with error:  Error: ENOENT: no such file or directory, scandir '/var/folders/n4/wfylj42j777b2rdmy16kqwfr0000gn/T/rifler-test-dummy-1766130949734'
	at async Object.readdir (node:internal/original-fs/promises:958:18)
	at async IO (file:///Users/ori.roza/Desktop/projects/rifler/.vscode-test/vscode-darwin-arm64-1.107.1/Visual%20Studio%20Code.app/Contents/Resources/app/out/vs/workbench/api/node/extensionHostProcess.js:28:93578)
	at async kx (file:///Users/ori.roza/Desktop/projects/rifler/.vscode-test/vscode-darwin-arm64-1.107.1/Visual%20Studio%20Code.app/Contents/Resources/app/out/vs/workbench/api/node/extensionHostProcess.js:28:93507)
	at async Object.gf (file:///Users/ori.roza/Desktop/projects/rifler/.vscode-test/vscode-darwin-arm64-1.107.1/Visual%20Studio%20Code.app/Contents/Resources/app/out/vs/workbench/api/node/extensionHostProcess.js:28:93372)
	at async Fd.readdir (file:///Users/ori.roza/Desktop/projects/rifler/.vscode-test/vscode-darwin-arm64-1.107.1/Visual%20Studio%20Code.app/Contents/Resources/app/out/vs/workbench/api/node/extensionHostProcess.js:222:14654)
	at async Object.readDirectory (file:///Users/ori.roza/Desktop/projects/rifler/.vscode-test/vscode-darwin-arm64-1.107.1/Visual%20Studio%20Code.app/Contents/Resources/app/out/vs/workbench/api/node/extensionHostProcess.js:116:16136)
	at async Limiter.run (/Users/ori.roza/Desktop/projects/rifler/out/utils.js:261:20)
	at async searchInDirectory (/Users/ori.roza/Desktop/projects/rifler/out/search.js:113:25)
	at async Promise.all (index 1)
	at async performSearch (/Users/ori.roza/Desktop/projects/rifler/out/search.js:105:13)
	at async /Users/ori.roza/Desktop/projects/rifler/out/messaging/registerCommonHandlers.js:10:25
	at async MessageHandler.handle (/Users/ori.roza/Desktop/projects/rifler/out/messaging/handler.js:30:13)
	at async _d.value (/Users/ori.roza/Desktop/projects/rifler/out/services/PanelManager.js:138:25)
   📨 Received message #2: __test_searchCompleted
   📊 Received 1 masked search results
    ✔ Find feature automation: apply file mask and get results (3006ms)

🔹 STEP: Setting up message listener for masked search results

🔹 STEP: Setting file mask to *.ts

🔹 STEP: Setting search term that exists in a .ts file

🔹 STEP: Opening Rifler search panel
   📨 Received message #1: runSearch
[node.js fs] readdir with filetypes failed with error:  Error: ENOENT: no such file or directory, scandir '/var/folders/n4/wfylj42j777b2rdmy16kqwfr0000gn/T/rifler-test-dummy-1766130949229'
	at async Object.readdir (node:internal/original-fs/promises:958:18)
	at async IO (file:///Users/ori.roza/Desktop/projects/rifler/.vscode-test/vscode-darwin-arm64-1.107.1/Visual%20Studio%20Code.app/Contents/Resources/app/out/vs/workbench/api/node/extensionHostProcess.js:28:93578)
	at async kx (file:///Users/ori.roza/Desktop/projects/rifler/.vscode-test/vscode-darwin-arm64-1.107.1/Visual%20Studio%20Code.app/Contents/Resources/app/out/vs/workbench/api/node/extensionHostProcess.js:28:93507)
	at async Object.gf (file:///Users/ori.roza/Desktop/projects/rifler/.vscode-test/vscode-darwin-arm64-1.107.1/Visual%20Studio%20Code.app/Contents/Resources/app/out/vs/workbench/api/node/extensionHostProcess.js:28:93372)
	at async Fd.readdir (file:///Users/ori.roza/Desktop/projects/rifler/.vscode-test/vscode-darwin-arm64-1.107.1/Visual%20Studio%20Code.app/Contents/Resources/app/out/vs/workbench/api/node/extensionHostProcess.js:222:14654)
	at async Object.readDirectory (file:///Users/ori.roza/Desktop/projects/rifler/.vscode-test/vscode-darwin-arm64-1.107.1/Visual%20Studio%20Code.app/Contents/Resources/app/out/vs/workbench/api/node/extensionHostProcess.js:116:16136)
	at async Limiter.run (/Users/ori.roza/Desktop/projects/rifler/out/utils.js:261:20)
	at async searchInDirectory (/Users/ori.roza/Desktop/projects/rifler/out/search.js:113:25)
	at async Promise.all (index 1)
	at async performSearch (/Users/ori.roza/Desktop/projects/rifler/out/search.js:105:13)
	at async /Users/ori.roza/Desktop/projects/rifler/out/messaging/registerCommonHandlers.js:10:25
	at async MessageHandler.handle (/Users/ori.roza/Desktop/projects/rifler/out/messaging/handler.js:30:13)
	at async _d.value (/Users/ori.roza/Desktop/projects/rifler/out/services/PanelManager.js:138:25)
   📨 Received message #2: __test_searchCompleted
   📊 Received 1 masked search results
    ✔ Find feature automation: apply file mask and get results (3010ms)

🔹 STEP: Opening Rifler search panel

🔹 STEP: Setting up message listener for masked search results

🔹 STEP: Setting file mask to *.ts

🔹 STEP: Setting search term that exists in a .ts file
   📨 Received message #1: runSearch
   📨 Received message #2: __test_searchCompleted
   📊 Received 1 masked search results
    ✔ Find feature automation: apply file mask and get results (3008ms)

🔹 STEP: Opening Rifler search panel

🔹 STEP: Setting up message listener for masked search results

🔹 STEP: Setting file mask to *.ts

🔹 STEP: Setting search term that exists in a .ts file
   📨 Received message #1: runSearch
[node.js fs] readdir with filetypes failed with error:  Error: ENOENT: no such file or directory, scandir '/var/folders/n4/wfylj42j777b2rdmy16kqwfr0000gn/T/rifler-test-dummy-1766130949259'
	at async Object.readdir (node:internal/original-fs/promises:958:18)
	at async IO (file:///Users/ori.roza/Desktop/projects/rifler/.vscode-test/vscode-darwin-arm64-1.107.1/Visual%20Studio%20Code.app/Contents/Resources/app/out/vs/workbench/api/node/extensionHostProcess.js:28:93578)
	at async kx (file:///Users/ori.roza/Desktop/projects/rifler/.vscode-test/vscode-darwin-arm64-1.107.1/Visual%20Studio%20Code.app/Contents/Resources/app/out/vs/workbench/api/node/extensionHostProcess.js:28:93507)
	at async Object.gf (file:///Users/ori.roza/Desktop/projects/rifler/.vscode-test/vscode-darwin-arm64-1.107.1/Visual%20Studio%20Code.app/Contents/Resources/app/out/vs/workbench/api/node/extensionHostProcess.js:28:93372)
	at async Fd.readdir (file:///Users/ori.roza/Desktop/projects/rifler/.vscode-test/vscode-darwin-arm64-1.107.1/Visual%20Studio%20Code.app/Contents/Resources/app/out/vs/workbench/api/node/extensionHostProcess.js:222:14654)
	at async Object.readDirectory (file:///Users/ori.roza/Desktop/projects/rifler/.vscode-test/vscode-darwin-arm64-1.107.1/Visual%20Studio%20Code.app/Contents/Resources/app/out/vs/workbench/api/node/extensionHostProcess.js:116:16136)
	at async Limiter.run (/Users/ori.roza/Desktop/projects/rifler/out/utils.js:261:20)
	at async searchInDirectory (/Users/ori.roza/Desktop/projects/rifler/out/search.js:113:25)
	at async Promise.all (index 1)
	at async performSearch (/Users/ori.roza/Desktop/projects/rifler/out/search.js:105:13)
	at async /Users/ori.roza/Desktop/projects/rifler/out/messaging/registerCommonHandlers.js:10:25
	at async MessageHandler.handle (/Users/ori.roza/Desktop/projects/rifler/out/messaging/handler.js:30:13)
	at async _d.value (/Users/ori.roza/Desktop/projects/rifler/out/services/PanelManager.js:138:25)
   📨 Received message #2: __test_searchCompleted
   📊 Received 1 masked search results
    ✔ Find feature automation: apply file mask and get results (3008ms)

🔹 STEP: Opening Rifler search panel
   ✅ Search correctly blocked with invalid regex
    ✔ should prevent search execution with invalid regex (5006ms)

🔹 STEP: Testing that search continues with file mask warning

🔹 STEP: Setting file mask and starting search

🔹 STEP: Setting valid file mask for search
[node.js fs] readdir with filetypes failed with error:  Error: ENOENT: no such file or directory, scandir '/var/folders/n4/wfylj42j777b2rdmy16kqwfr0000gn/T/rifler-test-dummy-1766130949253'
	at async Object.readdir (node:internal/original-fs/promises:958:18)
	at async IO (file:///Users/ori.roza/Desktop/projects/rifler/.vscode-test/vscode-darwin-arm64-1.107.1/Visual%20Studio%20Code.app/Contents/Resources/app/out/vs/workbench/api/node/extensionHostProcess.js:28:93578)
	at async kx (file:///Users/ori.roza/Desktop/projects/rifler/.vscode-test/vscode-darwin-arm64-1.107.1/Visual%20Studio%20Code.app/Contents/Resources/app/out/vs/workbench/api/node/extensionHostProcess.js:28:93507)
	at async Object.gf (file:///Users/ori.roza/Desktop/projects/rifler/.vscode-test/vscode-darwin-arm64-1.107.1/Visual%20Studio%20Code.app/Contents/Resources/app/out/vs/workbench/api/node/extensionHostProcess.js:28:93372)
	at async Fd.readdir (file:///Users/ori.roza/Desktop/projects/rifler/.vscode-test/vscode-darwin-arm64-1.107.1/Visual%20Studio%20Code.app/Contents/Resources/app/out/vs/workbench/api/node/extensionHostProcess.js:222:14654)
	at async Object.readDirectory (file:///Users/ori.roza/Desktop/projects/rifler/.vscode-test/vscode-darwin-arm64-1.107.1/Visual%20Studio%20Code.app/Contents/Resources/app/out/vs/workbench/api/node/extensionHostProcess.js:116:16136)
	at async Limiter.run (/Users/ori.roza/Desktop/projects/rifler/out/utils.js:261:20)
	at async searchInDirectory (/Users/ori.roza/Desktop/projects/rifler/out/search.js:113:25)
	at async Promise.all (index 1)
	at async performSearch (/Users/ori.roza/Desktop/projects/rifler/out/search.js:105:13)
	at async /Users/ori.roza/Desktop/projects/rifler/out/messaging/registerCommonHandlers.js:10:25
	at async MessageHandler.handle (/Users/ori.roza/Desktop/projects/rifler/out/messaging/handler.js:30:13)
	at async _d.value (/Users/ori.roza/Desktop/projects/rifler/out/services/PanelManager.js:138:25)

🔹 STEP: Verifying final value contains all typed characters
No handler registered for message type: __test_queryValue
   📝 Final query value: "[invalid[invalid-typing"
   📝 Expected to contain: "[invalid-typing"
   ✅ Textbox remained editable - all 15 characters were preserved
    ✔ should allow editing search term with invalid regex pattern (2448ms)

🔹 STEP: Testing comprehensive invalid regex patterns

🔹 STEP: Testing invalid regex: Unclosed bracket
No handler registered for message type: validationResult
   ✅ "[unclosed" correctly detected as invalid: Invalid regex: Invalid regular expression: /[unclosed/g: Unterminated character class

🔹 STEP: Testing invalid regex: Unclosed character class
No handler registered for message type: validationResult
   ✅ "[a-z" correctly detected as invalid: Invalid regex: Invalid regular expression: /[a-z/g: Unterminated character class

🔹 STEP: Testing invalid regex: Unclosed group
No handler registered for message type: validationResult
   ✅ "(unclosed" correctly detected as invalid: Invalid regex: Invalid regular expression: /(unclosed/g: Unterminated group

🔹 STEP: Testing invalid regex: Unclosed non-capturing group
No handler registered for message type: validationResult
   ✅ "(?:test" correctly detected as invalid: Invalid regex: Invalid regular expression: /(?:test/g: Unterminated group

🔹 STEP: Testing invalid regex: Nothing to repeat (*)
No handler registered for message type: validationResult
   ✅ "*" correctly detected as invalid: Invalid regex: Invalid regular expression: /*/g: Nothing to repeat

🔹 STEP: Testing invalid regex: Nothing to repeat (+)
No handler registered for message type: validationResult
   ✅ "+" correctly detected as invalid: Invalid regex: Invalid regular expression: /+/g: Nothing to repeat

🔹 STEP: Testing invalid regex: Nothing to repeat (?)
No handler registered for message type: validationResult
   ✅ "?" correctly detected as invalid: Invalid regex: Invalid regular expression: /?/g: Nothing to repeat

🔹 STEP: Testing invalid regex: Nothing to repeat ({5})
No handler registered for message type: validationResult
   ✅ "{5}" correctly detected as invalid: Invalid regex: Invalid regular expression: /{5}/g: Nothing to repeat

🔹 STEP: Testing invalid regex: Numbers out of order in quantifier
No handler registered for message type: validationResult
   ✅ "{5,3}" correctly detected as invalid: Invalid regex: Invalid regular expression: /{5,3}/g: Nothing to repeat

🔹 STEP: Testing invalid regex: Invalid nested quantifier
No handler registered for message type: validationResult
   ✅ "**" correctly detected as invalid: Invalid regex: Invalid regular expression: /**/g: Nothing to repeat
   ✅ All 10 invalid regex patterns correctly detected
    ✔ should detect all invalid regex patterns (124ms)

🔹 STEP: Testing validation of valid file mask

🔹 STEP: Sending valid file mask: *.ts, *.js
No handler registered for message type: validationResult
   ✅ File mask validation passed
    ✔ should validate valid file mask pattern

🔹 STEP: Testing validation of complex file mask with excludes

🔹 STEP: Sending file mask with excludes: *.tsx,!*.test.tsx
No handler registered for message type: validationResult
   ✅ Complex file mask validation passed
    ✔ should validate complex file mask with exclude patterns

🔹 STEP: Testing that search is blocked with invalid regex

🔹 STEP: Setting invalid regex pattern: (unclosed
No handler registered for message type: validationResult

🔹 STEP: Attempting search with invalid regex
No handler registered for message type: validationResult

🔹 STEP: Setting up message listener for masked search results with excludes

🔹 STEP: Setting file mask to include *.tsx and exclude *.test.tsx

🔹 STEP: Setting search term present in both files
   📨 Received message #1: runSearch
[node.js fs] readdir with filetypes failed with error:  Error: ENOENT: no such file or directory, scandir '/var/folders/n4/wfylj42j777b2rdmy16kqwfr0000gn/T/rifler-test-dummy-1766130949252'
	at async Object.readdir (node:internal/original-fs/promises:958:18)
	at async IO (file:///Users/ori.roza/Desktop/projects/rifler/.vscode-test/vscode-darwin-arm64-1.107.1/Visual%20Studio%20Code.app/Contents/Resources/app/out/vs/workbench/api/node/extensionHostProcess.js:28:93578)
	at async kx (file:///Users/ori.roza/Desktop/projects/rifler/.vscode-test/vscode-darwin-arm64-1.107.1/Visual%20Studio%20Code.app/Contents/Resources/app/out/vs/workbench/api/node/extensionHostProcess.js:28:93507)
	at async Object.gf (file:///Users/ori.roza/Desktop/projects/rifler/.vscode-test/vscode-darwin-arm64-1.107.1/Visual%20Studio%20Code.app/Contents/Resources/app/out/vs/workbench/api/node/extensionHostProcess.js:28:93372)
	at async Fd.readdir (file:///Users/ori.roza/Desktop/projects/rifler/.vscode-test/vscode-darwin-arm64-1.107.1/Visual%20Studio%20Code.app/Contents/Resources/app/out/vs/workbench/api/node/extensionHostProcess.js:222:14654)
	at async Object.readDirectory (file:///Users/ori.roza/Desktop/projects/rifler/.vscode-test/vscode-darwin-arm64-1.107.1/Visual%20Studio%20Code.app/Contents/Resources/app/out/vs/workbench/api/node/extensionHostProcess.js:116:16136)
	at async Limiter.run (/Users/ori.roza/Desktop/projects/rifler/out/utils.js:261:20)
	at async searchInDirectory (/Users/ori.roza/Desktop/projects/rifler/out/search.js:113:25)
	at async Promise.all (index 1)
	at async performSearch (/Users/ori.roza/Desktop/projects/rifler/out/search.js:105:13)
	at async /Users/ori.roza/Desktop/projects/rifler/out/messaging/registerCommonHandlers.js:10:25
	at async MessageHandler.handle (/Users/ori.roza/Desktop/projects/rifler/out/messaging/handler.js:30:13)
	at async _d.value (/Users/ori.roza/Desktop/projects/rifler/out/services/PanelManager.js:138:25)
   📨 Received message #2: __test_searchCompleted
   📊 Received 1 masked search results with excludes
    ✔ Find feature automation: apply include and exclude masks (3016ms)

🔹 STEP: Testing validation of invalid regex pattern

🔹 STEP: Sending invalid regex pattern: [unclosed
No handler registered for message type: validationResult
   ✅ Validation error received: Invalid regex: Invalid regular expression: /[unclosed/g: Unterminated character class
    ✔ should validate invalid regex pattern

🔹 STEP: Testing validation of valid regex pattern

🔹 STEP: Sending valid regex pattern: test.*
No handler registered for message type: validationResult
   ✅ Validation passed for valid regex
    ✔ should validate valid regex pattern

🔹 STEP: Testing validation of special characters in non-regex mode

🔹 STEP: Sending pattern [test] in non-regex mode
No handler registered for message type: validationResult
   ✅ Special characters valid in non-regex mode
    ✔ should validate pattern in non-regex mode as valid

🔹 STEP: Opening Rifler panel for editability test

🔹 STEP: Setting up message listener for masked search results with excludes

🔹 STEP: Setting file mask to include *.tsx and exclude *.test.tsx

🔹 STEP: Setting search term present in both files
   📨 Received message #1: runSearch
[node.js fs] readdir with filetypes failed with error:  Error: ENOENT: no such file or directory, scandir '/var/folders/n4/wfylj42j777b2rdmy16kqwfr0000gn/T/rifler-test-dummy-1766130949236'
	at async Object.readdir (node:internal/original-fs/promises:958:18)
	at async IO (file:///Users/ori.roza/Desktop/projects/rifler/.vscode-test/vscode-darwin-arm64-1.107.1/Visual%20Studio%20Code.app/Contents/Resources/app/out/vs/workbench/api/node/extensionHostProcess.js:28:93578)
	at async kx (file:///Users/ori.roza/Desktop/projects/rifler/.vscode-test/vscode-darwin-arm64-1.107.1/Visual%20Studio%20Code.app/Contents/Resources/app/out/vs/workbench/api/node/extensionHostProcess.js:28:93507)
	at async Object.gf (file:///Users/ori.roza/Desktop/projects/rifler/.vscode-test/vscode-darwin-arm64-1.107.1/Visual%20Studio%20Code.app/Contents/Resources/app/out/vs/workbench/api/node/extensionHostProcess.js:28:93372)
	at async Fd.readdir (file:///Users/ori.roza/Desktop/projects/rifler/.vscode-test/vscode-darwin-arm64-1.107.1/Visual%20Studio%20Code.app/Contents/Resources/app/out/vs/workbench/api/node/extensionHostProcess.js:222:14654)
	at async Object.readDirectory (file:///Users/ori.roza/Desktop/projects/rifler/.vscode-test/vscode-darwin-arm64-1.107.1/Visual%20Studio%20Code.app/Contents/Resources/app/out/vs/workbench/api/node/extensionHostProcess.js:116:16136)
	at async Limiter.run (/Users/ori.roza/Desktop/projects/rifler/out/utils.js:261:20)
	at async searchInDirectory (/Users/ori.roza/Desktop/projects/rifler/out/search.js:113:25)
	at async Promise.all (index 1)
	at async performSearch (/Users/ori.roza/Desktop/projects/rifler/out/search.js:105:13)
	at async /Users/ori.roza/Desktop/projects/rifler/out/messaging/registerCommonHandlers.js:10:25
	at async MessageHandler.handle (/Users/ori.roza/Desktop/projects/rifler/out/messaging/handler.js:30:13)
	at async _d.value (/Users/ori.roza/Desktop/projects/rifler/out/services/PanelManager.js:138:25)
   📨 Received message #2: __test_searchCompleted
   📊 Received 1 masked search results with excludes
    ✔ Find feature automation: apply include and exclude masks (3010ms)

🔹 STEP: Testing validation of invalid regex pattern

🔹 STEP: Sending invalid regex pattern: [unclosed
No handler registered for message type: validationResult
   ✅ Validation error received: Invalid regex: Invalid regular expression: /[unclosed/g: Unterminated character class
    ✔ should validate invalid regex pattern

🔹 STEP: Testing validation of valid regex pattern

🔹 STEP: Sending valid regex pattern: test.*
No handler registered for message type: validationResult
   ✅ Validation passed for valid regex
    ✔ should validate valid regex pattern

🔹 STEP: Testing validation of special characters in non-regex mode

🔹 STEP: Sending pattern [test] in non-regex mode
No handler registered for message type: validationResult
   ✅ Special characters valid in non-regex mode
    ✔ should validate pattern in non-regex mode as valid

🔹 STEP: Opening Rifler panel for editability test

🔹 STEP: Setting up message listener for masked search results with excludes

🔹 STEP: Setting file mask to include *.tsx and exclude *.test.tsx

🔹 STEP: Setting search term present in both files

🔹 STEP: Setting up message listener for masked search results with excludes

🔹 STEP: Setting file mask to include *.tsx and exclude *.test.tsx
   📨 Received message #1: runSearch

🔹 STEP: Setting search term present in both files
[node.js fs] readdir with filetypes failed with error:  Error: ENOENT: no such file or directory, scandir '/var/folders/n4/wfylj42j777b2rdmy16kqwfr0000gn/T/rifler-test-dummy-1766130949734'
	at async Object.readdir (node:internal/original-fs/promises:958:18)
	at async IO (file:///Users/ori.roza/Desktop/projects/rifler/.vscode-test/vscode-darwin-arm64-1.107.1/Visual%20Studio%20Code.app/Contents/Resources/app/out/vs/workbench/api/node/extensionHostProcess.js:28:93578)
	at async kx (file:///Users/ori.roza/Desktop/projects/rifler/.vscode-test/vscode-darwin-arm64-1.107.1/Visual%20Studio%20Code.app/Contents/Resources/app/out/vs/workbench/api/node/extensionHostProcess.js:28:93507)
	at async Object.gf (file:///Users/ori.roza/Desktop/projects/rifler/.vscode-test/vscode-darwin-arm64-1.107.1/Visual%20Studio%20Code.app/Contents/Resources/app/out/vs/workbench/api/node/extensionHostProcess.js:28:93372)
	at async Fd.readdir (file:///Users/ori.roza/Desktop/projects/rifler/.vscode-test/vscode-darwin-arm64-1.107.1/Visual%20Studio%20Code.app/Contents/Resources/app/out/vs/workbench/api/node/extensionHostProcess.js:222:14654)
	at async Object.readDirectory (file:///Users/ori.roza/Desktop/projects/rifler/.vscode-test/vscode-darwin-arm64-1.107.1/Visual%20Studio%20Code.app/Contents/Resources/app/out/vs/workbench/api/node/extensionHostProcess.js:116:16136)
	at async Limiter.run (/Users/ori.roza/Desktop/projects/rifler/out/utils.js:261:20)
	at async searchInDirectory (/Users/ori.roza/Desktop/projects/rifler/out/search.js:113:25)
	at async Promise.all (index 1)
	at async performSearch (/Users/ori.roza/Desktop/projects/rifler/out/search.js:105:13)
	at async /Users/ori.roza/Desktop/projects/rifler/out/messaging/registerCommonHandlers.js:10:25
	at async MessageHandler.handle (/Users/ori.roza/Desktop/projects/rifler/out/messaging/handler.js:30:13)
	at async _d.value (/Users/ori.roza/Desktop/projects/rifler/out/services/PanelManager.js:138:25)
   📨 Received message #1: runSearch
[node.js fs] readdir with filetypes failed with error:  Error: ENOENT: no such file or directory, scandir '/var/folders/n4/wfylj42j777b2rdmy16kqwfr0000gn/T/rifler-test-dummy-1766130949229'
	at async Object.readdir (node:internal/original-fs/promises:958:18)
	at async IO (file:///Users/ori.roza/Desktop/projects/rifler/.vscode-test/vscode-darwin-arm64-1.107.1/Visual%20Studio%20Code.app/Contents/Resources/app/out/vs/workbench/api/node/extensionHostProcess.js:28:93578)
	at async kx (file:///Users/ori.roza/Desktop/projects/rifler/.vscode-test/vscode-darwin-arm64-1.107.1/Visual%20Studio%20Code.app/Contents/Resources/app/out/vs/workbench/api/node/extensionHostProcess.js:28:93507)
	at async Object.gf (file:///Users/ori.roza/Desktop/projects/rifler/.vscode-test/vscode-darwin-arm64-1.107.1/Visual%20Studio%20Code.app/Contents/Resources/app/out/vs/workbench/api/node/extensionHostProcess.js:28:93372)
	at async Fd.readdir (file:///Users/ori.roza/Desktop/projects/rifler/.vscode-test/vscode-darwin-arm64-1.107.1/Visual%20Studio%20Code.app/Contents/Resources/app/out/vs/workbench/api/node/extensionHostProcess.js:222:14654)
	at async Object.readDirectory (file:///Users/ori.roza/Desktop/projects/rifler/.vscode-test/vscode-darwin-arm64-1.107.1/Visual%20Studio%20Code.app/Contents/Resources/app/out/vs/workbench/api/node/extensionHostProcess.js:116:16136)
	at async Limiter.run (/Users/ori.roza/Desktop/projects/rifler/out/utils.js:261:20)
	at async searchInDirectory (/Users/ori.roza/Desktop/projects/rifler/out/search.js:113:25)
	at async Promise.all (index 1)
	at async performSearch (/Users/ori.roza/Desktop/projects/rifler/out/search.js:105:13)
	at async /Users/ori.roza/Desktop/projects/rifler/out/messaging/registerCommonHandlers.js:10:25
	at async MessageHandler.handle (/Users/ori.roza/Desktop/projects/rifler/out/messaging/handler.js:30:13)
	at async _d.value (/Users/ori.roza/Desktop/projects/rifler/out/services/PanelManager.js:138:25)
   📨 Received message #2: __test_searchCompleted
   📊 Received 1 masked search results with excludes
    ✔ Find feature automation: apply include and exclude masks (3013ms)

🔹 STEP: Testing validation of invalid regex pattern

🔹 STEP: Sending invalid regex pattern: [unclosed
   📨 Received message #2: __test_searchCompleted
   📊 Received 1 masked search results with excludes
    ✔ Find feature automation: apply include and exclude masks (3009ms)

🔹 STEP: Testing validation of invalid regex pattern

🔹 STEP: Sending invalid regex pattern: [unclosed
   ✅ Validation error received: Invalid regex: Invalid regular expression: /[unclosed/g: Unterminated character class
    ✔ should validate invalid regex pattern
No handler registered for message type: validationResult

🔹 STEP: Testing validation of valid regex pattern

🔹 STEP: Sending valid regex pattern: test.*
No handler registered for message type: validationResult
   ✅ Validation error received: Invalid regex: Invalid regular expression: /[unclosed/g: Unterminated character class
    ✔ should validate invalid regex pattern

🔹 STEP: Testing validation of valid regex pattern

🔹 STEP: Sending valid regex pattern: test.*
No handler registered for message type: validationResult
   ✅ Validation passed for valid regex
   ✅ Validation passed for valid regex
No handler registered for message type: validationResult
    ✔ should validate valid regex pattern

🔹 STEP: Testing validation of special characters in non-regex mode
    ✔ should validate valid regex pattern

🔹 STEP: Sending pattern [test] in non-regex mode

🔹 STEP: Testing validation of special characters in non-regex mode

🔹 STEP: Sending pattern [test] in non-regex mode
No handler registered for message type: validationResult
   ✅ Special characters valid in non-regex mode
    ✔ should validate pattern in non-regex mode as valid
No handler registered for message type: validationResult
   ✅ Special characters valid in non-regex mode
    ✔ should validate pattern in non-regex mode as valid

🔹 STEP: Opening Rifler panel for editability test

🔹 STEP: Opening Rifler panel for editability test

🔹 STEP: Setting up message listener for masked search results with excludes

🔹 STEP: Setting file mask to include *.tsx and exclude *.test.tsx

🔹 STEP: Setting search term present in both files
   📨 Received message #1: runSearch
   📨 Received message #2: __test_searchCompleted
   📊 Received 1 masked search results with excludes
    ✔ Find feature automation: apply include and exclude masks (3012ms)

🔹 STEP: Testing validation of invalid regex pattern

🔹 STEP: Sending invalid regex pattern: [unclosed
No handler registered for message type: validationResult
   ✅ Validation error received: Invalid regex: Invalid regular expression: /[unclosed/g: Unterminated character class
    ✔ should validate invalid regex pattern

🔹 STEP: Testing validation of valid regex pattern

🔹 STEP: Sending valid regex pattern: test.*
No handler registered for message type: validationResult
   ✅ Validation passed for valid regex
    ✔ should validate valid regex pattern

🔹 STEP: Testing validation of special characters in non-regex mode

🔹 STEP: Sending pattern [test] in non-regex mode
No handler registered for message type: validationResult
   ✅ Special characters valid in non-regex mode
    ✔ should validate pattern in non-regex mode as valid

🔹 STEP: Opening Rifler panel for editability test

🔹 STEP: Setting up message listener for masked search results with excludes

🔹 STEP: Setting file mask to include *.tsx and exclude *.test.tsx

🔹 STEP: Setting search term present in both files
   📨 Received message #1: runSearch
[node.js fs] readdir with filetypes failed with error:  Error: ENOENT: no such file or directory, scandir '/var/folders/n4/wfylj42j777b2rdmy16kqwfr0000gn/T/rifler-test-dummy-1766130949259'
	at async Object.readdir (node:internal/original-fs/promises:958:18)
	at async IO (file:///Users/ori.roza/Desktop/projects/rifler/.vscode-test/vscode-darwin-arm64-1.107.1/Visual%20Studio%20Code.app/Contents/Resources/app/out/vs/workbench/api/node/extensionHostProcess.js:28:93578)
	at async kx (file:///Users/ori.roza/Desktop/projects/rifler/.vscode-test/vscode-darwin-arm64-1.107.1/Visual%20Studio%20Code.app/Contents/Resources/app/out/vs/workbench/api/node/extensionHostProcess.js:28:93507)
	at async Object.gf (file:///Users/ori.roza/Desktop/projects/rifler/.vscode-test/vscode-darwin-arm64-1.107.1/Visual%20Studio%20Code.app/Contents/Resources/app/out/vs/workbench/api/node/extensionHostProcess.js:28:93372)
	at async Fd.readdir (file:///Users/ori.roza/Desktop/projects/rifler/.vscode-test/vscode-darwin-arm64-1.107.1/Visual%20Studio%20Code.app/Contents/Resources/app/out/vs/workbench/api/node/extensionHostProcess.js:222:14654)
	at async Object.readDirectory (file:///Users/ori.roza/Desktop/projects/rifler/.vscode-test/vscode-darwin-arm64-1.107.1/Visual%20Studio%20Code.app/Contents/Resources/app/out/vs/workbench/api/node/extensionHostProcess.js:116:16136)
	at async Limiter.run (/Users/ori.roza/Desktop/projects/rifler/out/utils.js:261:20)
	at async searchInDirectory (/Users/ori.roza/Desktop/projects/rifler/out/search.js:113:25)
	at async Promise.all (index 1)
	at async performSearch (/Users/ori.roza/Desktop/projects/rifler/out/search.js:105:13)
	at async /Users/ori.roza/Desktop/projects/rifler/out/messaging/registerCommonHandlers.js:10:25
	at async MessageHandler.handle (/Users/ori.roza/Desktop/projects/rifler/out/messaging/handler.js:30:13)
	at async _d.value (/Users/ori.roza/Desktop/projects/rifler/out/services/PanelManager.js:138:25)
   📨 Received message #2: __test_searchCompleted
   📊 Received 1 masked search results with excludes
    ✔ Find feature automation: apply include and exclude masks (3010ms)

🔹 STEP: Testing validation of invalid regex pattern

🔹 STEP: Sending invalid regex pattern: [unclosed
No handler registered for message type: validationResult
   ✅ Validation error received: Invalid regex: Invalid regular expression: /[unclosed/g: Unterminated character class
    ✔ should validate invalid regex pattern

🔹 STEP: Testing validation of valid regex pattern

🔹 STEP: Sending valid regex pattern: test.*
No handler registered for message type: validationResult
   ✅ Validation passed for valid regex
    ✔ should validate valid regex pattern

🔹 STEP: Testing validation of special characters in non-regex mode

🔹 STEP: Sending pattern [test] in non-regex mode
No handler registered for message type: validationResult
   ✅ Special characters valid in non-regex mode
    ✔ should validate pattern in non-regex mode as valid

🔹 STEP: Opening Rifler panel for editability test

🔹 STEP: Enabling regex mode and setting initial invalid pattern

🔹 STEP: Enabling regex mode and setting initial invalid pattern

🔹 STEP: Enabling regex mode and setting initial invalid pattern

🔹 STEP: Enabling regex mode and setting initial invalid pattern

🔹 STEP: Enabling regex mode and setting initial invalid pattern

🔹 STEP: Enabling regex mode and setting initial invalid pattern

🔹 STEP: Simulating typing character by character with validation running

🔹 STEP: Simulating typing character by character with validation running

🔹 STEP: Simulating typing character by character with validation running

🔹 STEP: Simulating typing character by character with validation running
   ✅ File mask validation completed
    ✔ should allow search to continue with warning for invalid file mask (3005ms)

🔹 STEP: Opening Rifler search panel

🔹 STEP: Simulating typing character by character with validation running

🔹 STEP: Simulating typing character by character with validation running
No handler registered for message type: validationResult
No handler registered for message type: validationResult

🔹 STEP: Verifying final value contains all typed characters
No handler registered for message type: __test_queryValue
No handler registered for message type: validationResult
   📝 Final query value: "[invalid[invalid-typing"
   📝 Expected to contain: "[invalid-typing"
   ✅ Textbox remained editable - all 15 characters were preserved
    ✔ should allow editing search term with invalid regex pattern (2447ms)

🔹 STEP: Testing comprehensive invalid regex patterns
No handler registered for message type: validationResult

🔹 STEP: Testing invalid regex: Unclosed bracket
No handler registered for message type: validationResult
   ✅ "[unclosed" correctly detected as invalid: Invalid regex: Invalid regular expression: /[unclosed/g: Unterminated character class

🔹 STEP: Testing invalid regex: Unclosed character class
No handler registered for message type: validationResult
   ✅ "[a-z" correctly detected as invalid: Invalid regex: Invalid regular expression: /[a-z/g: Unterminated character class

🔹 STEP: Testing invalid regex: Unclosed group
No handler registered for message type: validationResult
   ✅ "(unclosed" correctly detected as invalid: Invalid regex: Invalid regular expression: /(unclosed/g: Unterminated group

🔹 STEP: Testing invalid regex: Unclosed non-capturing group
No handler registered for message type: validationResult
   ✅ "(?:test" correctly detected as invalid: Invalid regex: Invalid regular expression: /(?:test/g: Unterminated group

🔹 STEP: Testing invalid regex: Nothing to repeat (*)
No handler registered for message type: validationResult
   ✅ "*" correctly detected as invalid: Invalid regex: Invalid regular expression: /*/g: Nothing to repeat

🔹 STEP: Testing invalid regex: Nothing to repeat (+)
No handler registered for message type: validationResult
   ✅ "+" correctly detected as invalid: Invalid regex: Invalid regular expression: /+/g: Nothing to repeat

🔹 STEP: Testing invalid regex: Nothing to repeat (?)
No handler registered for message type: validationResult
   ✅ "?" correctly detected as invalid: Invalid regex: Invalid regular expression: /?/g: Nothing to repeat

🔹 STEP: Testing invalid regex: Nothing to repeat ({5})
No handler registered for message type: validationResult
   ✅ "{5}" correctly detected as invalid: Invalid regex: Invalid regular expression: /{5}/g: Nothing to repeat

🔹 STEP: Testing invalid regex: Numbers out of order in quantifier
No handler registered for message type: validationResult
No handler registered for message type: validationResult
   ✅ "{5,3}" correctly detected as invalid: Invalid regex: Invalid regular expression: /{5,3}/g: Nothing to repeat

🔹 STEP: Testing invalid regex: Invalid nested quantifier

🔹 STEP: Verifying final value contains all typed characters
No handler registered for message type: __test_queryValue
   📝 Final query value: "[invalid[invalid-typing"
   📝 Expected to contain: "[invalid-typing"
   ✅ Textbox remained editable - all 15 characters were preserved
No handler registered for message type: validationResult
   ✅ "**" correctly detected as invalid: Invalid regex: Invalid regular expression: /**/g: Nothing to repeat
    ✔ should allow editing search term with invalid regex pattern (2426ms)
   ✅ All 10 invalid regex patterns correctly detected
    ✔ should detect all invalid regex patterns (117ms)

🔹 STEP: Testing validation of valid file mask

🔹 STEP: Sending valid file mask: *.ts, *.js

🔹 STEP: Testing comprehensive invalid regex patterns
No handler registered for message type: validationResult
   ✅ File mask validation passed
    ✔ should validate valid file mask pattern

🔹 STEP: Testing validation of complex file mask with excludes

🔹 STEP: Sending file mask with excludes: *.tsx,!*.test.tsx
No handler registered for message type: validationResult
   ✅ Complex file mask validation passed
    ✔ should validate complex file mask with exclude patterns

🔹 STEP: Testing that search is blocked with invalid regex

🔹 STEP: Setting invalid regex pattern: (unclosed
No handler registered for message type: validationResult

🔹 STEP: Attempting search with invalid regex
No handler registered for message type: validationResult

🔹 STEP: Testing invalid regex: Unclosed bracket
No handler registered for message type: validationResult
   ✅ "[unclosed" correctly detected as invalid: Invalid regex: Invalid regular expression: /[unclosed/g: Unterminated character class

🔹 STEP: Testing invalid regex: Unclosed character class
No handler registered for message type: validationResult
   ✅ "[a-z" correctly detected as invalid: Invalid regex: Invalid regular expression: /[a-z/g: Unterminated character class

🔹 STEP: Testing invalid regex: Unclosed group
No handler registered for message type: validationResult
   ✅ "(unclosed" correctly detected as invalid: Invalid regex: Invalid regular expression: /(unclosed/g: Unterminated group

🔹 STEP: Testing invalid regex: Unclosed non-capturing group
No handler registered for message type: validationResult
   ✅ "(?:test" correctly detected as invalid: Invalid regex: Invalid regular expression: /(?:test/g: Unterminated group

🔹 STEP: Testing invalid regex: Nothing to repeat (*)
No handler registered for message type: validationResult
   ✅ "*" correctly detected as invalid: Invalid regex: Invalid regular expression: /*/g: Nothing to repeat

🔹 STEP: Testing invalid regex: Nothing to repeat (+)
No handler registered for message type: validationResult
   ✅ "+" correctly detected as invalid: Invalid regex: Invalid regular expression: /+/g: Nothing to repeat

🔹 STEP: Testing invalid regex: Nothing to repeat (?)
No handler registered for message type: validationResult
   ✅ "?" correctly detected as invalid: Invalid regex: Invalid regular expression: /?/g: Nothing to repeat

🔹 STEP: Testing invalid regex: Nothing to repeat ({5})
No handler registered for message type: validationResult
   ✅ "{5}" correctly detected as invalid: Invalid regex: Invalid regular expression: /{5}/g: Nothing to repeat

🔹 STEP: Testing invalid regex: Numbers out of order in quantifier
No handler registered for message type: validationResult
   ✅ "{5,3}" correctly detected as invalid: Invalid regex: Invalid regular expression: /{5,3}/g: Nothing to repeat

🔹 STEP: Testing invalid regex: Invalid nested quantifier
No handler registered for message type: validationResult
   ✅ "**" correctly detected as invalid: Invalid regex: Invalid regular expression: /**/g: Nothing to repeat
   ✅ All 10 invalid regex patterns correctly detected
    ✔ should detect all invalid regex patterns (117ms)

🔹 STEP: Testing validation of valid file mask

🔹 STEP: Sending valid file mask: *.ts, *.js
No handler registered for message type: validationResult
   ✅ File mask validation passed
    ✔ should validate valid file mask pattern

🔹 STEP: Testing validation of complex file mask with excludes

🔹 STEP: Sending file mask with excludes: *.tsx,!*.test.tsx
No handler registered for message type: validationResult
   ✅ Complex file mask validation passed
    ✔ should validate complex file mask with exclude patterns

🔹 STEP: Testing that search is blocked with invalid regex

🔹 STEP: Setting invalid regex pattern: (unclosed
No handler registered for message type: validationResult

🔹 STEP: Attempting search with invalid regex

🔹 STEP: Verifying final value contains all typed characters
No handler registered for message type: __test_queryValue
   📝 Final query value: "[invalid[invalid-typing"
   📝 Expected to contain: "[invalid-typing"
   ✅ Textbox remained editable - all 15 characters were preserved
    ✔ should allow editing search term with invalid regex pattern (2412ms)

🔹 STEP: Testing comprehensive invalid regex patterns

🔹 STEP: Verifying final value contains all typed characters
No handler registered for message type: __test_queryValue
   📝 Final query value: "[invalid[invalid-typing"
   📝 Expected to contain: "[invalid-typing"
   ✅ Textbox remained editable - all 15 characters were preserved
    ✔ should allow editing search term with invalid regex pattern (2425ms)

🔹 STEP: Testing comprehensive invalid regex patterns

🔹 STEP: Testing invalid regex: Unclosed bracket
No handler registered for message type: validationResult
   ✅ "[unclosed" correctly detected as invalid: Invalid regex: Invalid regular expression: /[unclosed/g: Unterminated character class

🔹 STEP: Testing invalid regex: Unclosed character class
No handler registered for message type: validationResult
   ✅ "[a-z" correctly detected as invalid: Invalid regex: Invalid regular expression: /[a-z/g: Unterminated character class

🔹 STEP: Testing invalid regex: Unclosed group
No handler registered for message type: validationResult
   ✅ "(unclosed" correctly detected as invalid: Invalid regex: Invalid regular expression: /(unclosed/g: Unterminated group

🔹 STEP: Testing invalid regex: Unclosed non-capturing group
No handler registered for message type: validationResult
   ✅ "(?:test" correctly detected as invalid: Invalid regex: Invalid regular expression: /(?:test/g: Unterminated group

🔹 STEP: Testing invalid regex: Nothing to repeat (*)
No handler registered for message type: validationResult
   ✅ "*" correctly detected as invalid: Invalid regex: Invalid regular expression: /*/g: Nothing to repeat

🔹 STEP: Testing invalid regex: Nothing to repeat (+)
No handler registered for message type: validationResult
   ✅ "+" correctly detected as invalid: Invalid regex: Invalid regular expression: /+/g: Nothing to repeat

🔹 STEP: Testing invalid regex: Nothing to repeat (?)
No handler registered for message type: validationResult
   ✅ "?" correctly detected as invalid: Invalid regex: Invalid regular expression: /?/g: Nothing to repeat

🔹 STEP: Testing invalid regex: Nothing to repeat ({5})

🔹 STEP: Testing invalid regex: Unclosed bracket
No handler registered for message type: validationResult
   ✅ "{5}" correctly detected as invalid: Invalid regex: Invalid regular expression: /{5}/g: Nothing to repeat

🔹 STEP: Testing invalid regex: Numbers out of order in quantifier
No handler registered for message type: validationResult
   ✅ "[unclosed" correctly detected as invalid: Invalid regex: Invalid regular expression: /[unclosed/g: Unterminated character class

🔹 STEP: Testing invalid regex: Unclosed character class
No handler registered for message type: validationResult
   ✅ "{5,3}" correctly detected as invalid: Invalid regex: Invalid regular expression: /{5,3}/g: Nothing to repeat

🔹 STEP: Testing invalid regex: Invalid nested quantifier
No handler registered for message type: validationResult
   ✅ "[a-z" correctly detected as invalid: Invalid regex: Invalid regular expression: /[a-z/g: Unterminated character class

🔹 STEP: Testing invalid regex: Unclosed group
No handler registered for message type: validationResult
   ✅ "**" correctly detected as invalid: Invalid regex: Invalid regular expression: /**/g: Nothing to repeat
   ✅ All 10 invalid regex patterns correctly detected
    ✔ should detect all invalid regex patterns (119ms)

🔹 STEP: Testing validation of valid file mask

🔹 STEP: Sending valid file mask: *.ts, *.js
No handler registered for message type: validationResult
   ✅ "(unclosed" correctly detected as invalid: Invalid regex: Invalid regular expression: /(unclosed/g: Unterminated group

🔹 STEP: Testing invalid regex: Unclosed non-capturing group

🔹 STEP: Verifying final value contains all typed characters
No handler registered for message type: validationResult
No handler registered for message type: validationResult
   ✅ "(?:test" correctly detected as invalid: Invalid regex: Invalid regular expression: /(?:test/g: Unterminated group
   ✅ File mask validation passed

🔹 STEP: Testing invalid regex: Nothing to repeat (*)
    ✔ should validate valid file mask pattern

🔹 STEP: Testing validation of complex file mask with excludes

🔹 STEP: Sending file mask with excludes: *.tsx,!*.test.tsx
No handler registered for message type: __test_queryValue
No handler registered for message type: validationResult
No handler registered for message type: validationResult
   📝 Final query value: "[invalid[invalid-typing"
   📝 Expected to contain: "[invalid-typing"
   ✅ Textbox remained editable - all 15 characters were preserved
    ✔ should allow editing search term with invalid regex pattern (2427ms)
   ✅ Complex file mask validation passed
    ✔ should validate complex file mask with exclude patterns
   ✅ "*" correctly detected as invalid: Invalid regex: Invalid regular expression: /*/g: Nothing to repeat

🔹 STEP: Testing invalid regex: Nothing to repeat (+)

🔹 STEP: Testing comprehensive invalid regex patterns

🔹 STEP: Testing that search is blocked with invalid regex

🔹 STEP: Setting invalid regex pattern: (unclosed
No handler registered for message type: validationResult
   ✅ "+" correctly detected as invalid: Invalid regex: Invalid regular expression: /+/g: Nothing to repeat

🔹 STEP: Testing invalid regex: Nothing to repeat (?)
No handler registered for message type: validationResult

🔹 STEP: Attempting search with invalid regex
No handler registered for message type: validationResult
   ✅ "?" correctly detected as invalid: Invalid regex: Invalid regular expression: /?/g: Nothing to repeat

🔹 STEP: Testing invalid regex: Nothing to repeat ({5})
No handler registered for message type: validationResult
   ✅ "{5}" correctly detected as invalid: Invalid regex: Invalid regular expression: /{5}/g: Nothing to repeat

🔹 STEP: Testing invalid regex: Numbers out of order in quantifier
No handler registered for message type: validationResult
   ✅ "{5,3}" correctly detected as invalid: Invalid regex: Invalid regular expression: /{5,3}/g: Nothing to repeat

🔹 STEP: Testing invalid regex: Invalid nested quantifier
No handler registered for message type: validationResult
   ✅ "**" correctly detected as invalid: Invalid regex: Invalid regular expression: /**/g: Nothing to repeat
   ✅ All 10 invalid regex patterns correctly detected
    ✔ should detect all invalid regex patterns (119ms)

🔹 STEP: Testing validation of valid file mask

🔹 STEP: Sending valid file mask: *.ts, *.js
No handler registered for message type: validationResult
   ✅ File mask validation passed
    ✔ should validate valid file mask pattern

🔹 STEP: Testing validation of complex file mask with excludes

🔹 STEP: Sending file mask with excludes: *.tsx,!*.test.tsx
No handler registered for message type: validationResult
   ✅ Complex file mask validation passed
    ✔ should validate complex file mask with exclude patterns

🔹 STEP: Testing that search is blocked with invalid regex

🔹 STEP: Setting invalid regex pattern: (unclosed
No handler registered for message type: validationResult

🔹 STEP: Attempting search with invalid regex

🔹 STEP: Verifying final value contains all typed characters
No handler registered for message type: __test_queryValue
   📝 Final query value: "[invalid[invalid-typing"
   📝 Expected to contain: "[invalid-typing"
   ✅ Textbox remained editable - all 15 characters were preserved
    ✔ should allow editing search term with invalid regex pattern (2421ms)

🔹 STEP: Testing comprehensive invalid regex patterns

🔹 STEP: Testing invalid regex: Unclosed bracket
No handler registered for message type: validationResult
   ✅ "[unclosed" correctly detected as invalid: Invalid regex: Invalid regular expression: /[unclosed/g: Unterminated character class

🔹 STEP: Testing invalid regex: Unclosed character class
No handler registered for message type: validationResult
   ✅ "[a-z" correctly detected as invalid: Invalid regex: Invalid regular expression: /[a-z/g: Unterminated character class

🔹 STEP: Testing invalid regex: Unclosed group
No handler registered for message type: validationResult
   ✅ "(unclosed" correctly detected as invalid: Invalid regex: Invalid regular expression: /(unclosed/g: Unterminated group

🔹 STEP: Testing invalid regex: Unclosed non-capturing group
No handler registered for message type: validationResult
   ✅ "(?:test" correctly detected as invalid: Invalid regex: Invalid regular expression: /(?:test/g: Unterminated group

🔹 STEP: Testing invalid regex: Nothing to repeat (*)
No handler registered for message type: validationResult
   ✅ "*" correctly detected as invalid: Invalid regex: Invalid regular expression: /*/g: Nothing to repeat

🔹 STEP: Testing invalid regex: Nothing to repeat (+)
No handler registered for message type: validationResult
   ✅ "+" correctly detected as invalid: Invalid regex: Invalid regular expression: /+/g: Nothing to repeat

🔹 STEP: Testing invalid regex: Nothing to repeat (?)
No handler registered for message type: validationResult
   ✅ "?" correctly detected as invalid: Invalid regex: Invalid regular expression: /?/g: Nothing to repeat

🔹 STEP: Testing invalid regex: Nothing to repeat ({5})
No handler registered for message type: validationResult
   ✅ "{5}" correctly detected as invalid: Invalid regex: Invalid regular expression: /{5}/g: Nothing to repeat

🔹 STEP: Testing invalid regex: Numbers out of order in quantifier
No handler registered for message type: validationResult
   ✅ "{5,3}" correctly detected as invalid: Invalid regex: Invalid regular expression: /{5,3}/g: Nothing to repeat

🔹 STEP: Testing invalid regex: Invalid nested quantifier
No handler registered for message type: validationResult
   ✅ "**" correctly detected as invalid: Invalid regex: Invalid regular expression: /**/g: Nothing to repeat
   ✅ All 10 invalid regex patterns correctly detected
    ✔ should detect all invalid regex patterns (120ms)

🔹 STEP: Testing validation of valid file mask

🔹 STEP: Sending valid file mask: *.ts, *.js
No handler registered for message type: validationResult
   ✅ File mask validation passed
    ✔ should validate valid file mask pattern

🔹 STEP: Testing validation of complex file mask with excludes

🔹 STEP: Sending file mask with excludes: *.tsx,!*.test.tsx
No handler registered for message type: validationResult
   ✅ Complex file mask validation passed
    ✔ should validate complex file mask with exclude patterns

🔹 STEP: Testing that search is blocked with invalid regex

🔹 STEP: Setting invalid regex pattern: (unclosed
No handler registered for message type: validationResult

🔹 STEP: Attempting search with invalid regex

🔹 STEP: Testing invalid regex: Unclosed bracket
No handler registered for message type: validationResult
   ✅ "[unclosed" correctly detected as invalid: Invalid regex: Invalid regular expression: /[unclosed/g: Unterminated character class

🔹 STEP: Testing invalid regex: Unclosed character class
No handler registered for message type: validationResult
   ✅ "[a-z" correctly detected as invalid: Invalid regex: Invalid regular expression: /[a-z/g: Unterminated character class

🔹 STEP: Testing invalid regex: Unclosed group
No handler registered for message type: validationResult
   ✅ "(unclosed" correctly detected as invalid: Invalid regex: Invalid regular expression: /(unclosed/g: Unterminated group

🔹 STEP: Testing invalid regex: Unclosed non-capturing group
No handler registered for message type: validationResult
   ✅ "(?:test" correctly detected as invalid: Invalid regex: Invalid regular expression: /(?:test/g: Unterminated group

🔹 STEP: Testing invalid regex: Nothing to repeat (*)
No handler registered for message type: validationResult
   ✅ "*" correctly detected as invalid: Invalid regex: Invalid regular expression: /*/g: Nothing to repeat

🔹 STEP: Testing invalid regex: Nothing to repeat (+)
No handler registered for message type: validationResult
   ✅ "+" correctly detected as invalid: Invalid regex: Invalid regular expression: /+/g: Nothing to repeat

🔹 STEP: Testing invalid regex: Nothing to repeat (?)
No handler registered for message type: validationResult
   ✅ "?" correctly detected as invalid: Invalid regex: Invalid regular expression: /?/g: Nothing to repeat

🔹 STEP: Testing invalid regex: Nothing to repeat ({5})
No handler registered for message type: validationResult
   ✅ "{5}" correctly detected as invalid: Invalid regex: Invalid regular expression: /{5}/g: Nothing to repeat

🔹 STEP: Testing invalid regex: Numbers out of order in quantifier
No handler registered for message type: validationResult
   ✅ "{5,3}" correctly detected as invalid: Invalid regex: Invalid regular expression: /{5,3}/g: Nothing to repeat

🔹 STEP: Testing invalid regex: Invalid nested quantifier
No handler registered for message type: validationResult
   ✅ "**" correctly detected as invalid: Invalid regex: Invalid regular expression: /**/g: Nothing to repeat
   ✅ All 10 invalid regex patterns correctly detected
    ✔ should detect all invalid regex patterns (114ms)

🔹 STEP: Testing validation of valid file mask

🔹 STEP: Sending valid file mask: *.ts, *.js
No handler registered for message type: validationResult
   ✅ File mask validation passed
    ✔ should validate valid file mask pattern

🔹 STEP: Testing validation of complex file mask with excludes

🔹 STEP: Sending file mask with excludes: *.tsx,!*.test.tsx
No handler registered for message type: validationResult
   ✅ Complex file mask validation passed
    ✔ should validate complex file mask with exclude patterns

🔹 STEP: Testing that search is blocked with invalid regex

🔹 STEP: Setting invalid regex pattern: (unclosed
No handler registered for message type: validationResult

🔹 STEP: Attempting search with invalid regex
   ✅ Search correctly blocked with invalid regex
    ✔ should prevent search execution with invalid regex (5007ms)

🔹 STEP: Testing that search continues with file mask warning

🔹 STEP: Setting file mask and starting search

🔹 STEP: Setting valid file mask for search
[node.js fs] readdir with filetypes failed with error:  Error: ENOENT: no such file or directory, scandir '/var/folders/n4/wfylj42j777b2rdmy16kqwfr0000gn/T/rifler-test-dummy-1766130949273'
	at async Object.readdir (node:internal/original-fs/promises:958:18)
	at async IO (file:///Users/ori.roza/Desktop/projects/rifler/.vscode-test/vscode-darwin-arm64-1.107.1/Visual%20Studio%20Code.app/Contents/Resources/app/out/vs/workbench/api/node/extensionHostProcess.js:28:93578)
	at async kx (file:///Users/ori.roza/Desktop/projects/rifler/.vscode-test/vscode-darwin-arm64-1.107.1/Visual%20Studio%20Code.app/Contents/Resources/app/out/vs/workbench/api/node/extensionHostProcess.js:28:93507)
	at async Object.gf (file:///Users/ori.roza/Desktop/projects/rifler/.vscode-test/vscode-darwin-arm64-1.107.1/Visual%20Studio%20Code.app/Contents/Resources/app/out/vs/workbench/api/node/extensionHostProcess.js:28:93372)
	at async Fd.readdir (file:///Users/ori.roza/Desktop/projects/rifler/.vscode-test/vscode-darwin-arm64-1.107.1/Visual%20Studio%20Code.app/Contents/Resources/app/out/vs/workbench/api/node/extensionHostProcess.js:222:14654)
	at async Object.readDirectory (file:///Users/ori.roza/Desktop/projects/rifler/.vscode-test/vscode-darwin-arm64-1.107.1/Visual%20Studio%20Code.app/Contents/Resources/app/out/vs/workbench/api/node/extensionHostProcess.js:116:16136)
	at async Limiter.run (/Users/ori.roza/Desktop/projects/rifler/out/utils.js:261:20)
	at async searchInDirectory (/Users/ori.roza/Desktop/projects/rifler/out/search.js:113:25)
	at async Promise.all (index 1)
	at async performSearch (/Users/ori.roza/Desktop/projects/rifler/out/search.js:105:13)
	at async /Users/ori.roza/Desktop/projects/rifler/out/messaging/registerCommonHandlers.js:10:25
	at async MessageHandler.handle (/Users/ori.roza/Desktop/projects/rifler/out/messaging/handler.js:30:13)
	at async _d.value (/Users/ori.roza/Desktop/projects/rifler/out/services/PanelManager.js:138:25)

🔹 STEP: Checking if search box is focused
No handler registered for message type: __test_focusStatus
   Search box focused: true
   ✅ Search box focus test passed
    ✔ Search box should be focused on startup (3517ms)

🔹 STEP: Opening Rifler search panel
   ✅ File mask validation completed
    ✔ should allow search to continue with warning for invalid file mask (3006ms)

🔹 STEP: Opening Rifler search panel

🔹 STEP: Setting up message listener for search and open

🔹 STEP: Triggering search

🔹 STEP: Waiting for openLocation message
[node.js fs] readdir with filetypes failed with error:  Error: ENOENT: no such file or directory, scandir '/var/folders/n4/wfylj42j777b2rdmy16kqwfr0000gn/T/rifler-test-dummy-1766130949253'
	at async Object.readdir (node:internal/original-fs/promises:958:18)
	at async IO (file:///Users/ori.roza/Desktop/projects/rifler/.vscode-test/vscode-darwin-arm64-1.107.1/Visual%20Studio%20Code.app/Contents/Resources/app/out/vs/workbench/api/node/extensionHostProcess.js:28:93578)
	at async kx (file:///Users/ori.roza/Desktop/projects/rifler/.vscode-test/vscode-darwin-arm64-1.107.1/Visual%20Studio%20Code.app/Contents/Resources/app/out/vs/workbench/api/node/extensionHostProcess.js:28:93507)
	at async Object.gf (file:///Users/ori.roza/Desktop/projects/rifler/.vscode-test/vscode-darwin-arm64-1.107.1/Visual%20Studio%20Code.app/Contents/Resources/app/out/vs/workbench/api/node/extensionHostProcess.js:28:93372)
	at async Fd.readdir (file:///Users/ori.roza/Desktop/projects/rifler/.vscode-test/vscode-darwin-arm64-1.107.1/Visual%20Studio%20Code.app/Contents/Resources/app/out/vs/workbench/api/node/extensionHostProcess.js:222:14654)
	at async Object.readDirectory (file:///Users/ori.roza/Desktop/projects/rifler/.vscode-test/vscode-darwin-arm64-1.107.1/Visual%20Studio%20Code.app/Contents/Resources/app/out/vs/workbench/api/node/extensionHostProcess.js:116:16136)
	at async Limiter.run (/Users/ori.roza/Desktop/projects/rifler/out/utils.js:261:20)
	at async searchInDirectory (/Users/ori.roza/Desktop/projects/rifler/out/search.js:113:25)
	at async Promise.all (index 1)
	at async performSearch (/Users/ori.roza/Desktop/projects/rifler/out/search.js:105:13)
	at async /Users/ori.roza/Desktop/projects/rifler/out/messaging/registerCommonHandlers.js:10:25
	at async MessageHandler.handle (/Users/ori.roza/Desktop/projects/rifler/out/messaging/handler.js:30:13)
	at async _d.value (/Users/ori.roza/Desktop/projects/rifler/out/services/PanelManager.js:138:25)
   ✅ Search completed with 1 results
   📂 File opened: file:///Users/ori.roza/Desktop/projects/rifler/test-fixtures/workspace/webview-test-file.ts
   📍 Line: 2, Character: 26
   ✅ Open in Editor button works correctly
    ✔ Open in Editor: clicking button should open file in editor (2522ms)

🔹 STEP: Opening Rifler search panel
   ✅ Search correctly blocked with invalid regex
    ✔ should prevent search execution with invalid regex (5002ms)

🔹 STEP: Testing that search continues with file mask warning

🔹 STEP: Setting file mask and starting search

🔹 STEP: Setting valid file mask for search
[node.js fs] readdir with filetypes failed with error:  Error: ENOENT: no such file or directory, scandir '/var/folders/n4/wfylj42j777b2rdmy16kqwfr0000gn/T/rifler-test-dummy-1766130949252'
	at async Object.readdir (node:internal/original-fs/promises:958:18)
	at async IO (file:///Users/ori.roza/Desktop/projects/rifler/.vscode-test/vscode-darwin-arm64-1.107.1/Visual%20Studio%20Code.app/Contents/Resources/app/out/vs/workbench/api/node/extensionHostProcess.js:28:93578)
	at async kx (file:///Users/ori.roza/Desktop/projects/rifler/.vscode-test/vscode-darwin-arm64-1.107.1/Visual%20Studio%20Code.app/Contents/Resources/app/out/vs/workbench/api/node/extensionHostProcess.js:28:93507)
	at async Object.gf (file:///Users/ori.roza/Desktop/projects/rifler/.vscode-test/vscode-darwin-arm64-1.107.1/Visual%20Studio%20Code.app/Contents/Resources/app/out/vs/workbench/api/node/extensionHostProcess.js:28:93372)
	at async Fd.readdir (file:///Users/ori.roza/Desktop/projects/rifler/.vscode-test/vscode-darwin-arm64-1.107.1/Visual%20Studio%20Code.app/Contents/Resources/app/out/vs/workbench/api/node/extensionHostProcess.js:222:14654)
	at async Object.readDirectory (file:///Users/ori.roza/Desktop/projects/rifler/.vscode-test/vscode-darwin-arm64-1.107.1/Visual%20Studio%20Code.app/Contents/Resources/app/out/vs/workbench/api/node/extensionHostProcess.js:116:16136)
	at async Limiter.run (/Users/ori.roza/Desktop/projects/rifler/out/utils.js:261:20)
	at async searchInDirectory (/Users/ori.roza/Desktop/projects/rifler/out/search.js:113:25)
	at async Promise.all (index 1)
	at async performSearch (/Users/ori.roza/Desktop/projects/rifler/out/search.js:105:13)
	at async /Users/ori.roza/Desktop/projects/rifler/out/messaging/registerCommonHandlers.js:10:25
	at async MessageHandler.handle (/Users/ori.roza/Desktop/projects/rifler/out/messaging/handler.js:30:13)
	at async _d.value (/Users/ori.roza/Desktop/projects/rifler/out/services/PanelManager.js:138:25)
   ✅ Search correctly blocked with invalid regex
    ✔ should prevent search execution with invalid regex (5007ms)

🔹 STEP: Testing that search continues with file mask warning

🔹 STEP: Setting file mask and starting search

🔹 STEP: Setting valid file mask for search
[node.js fs] readdir with filetypes failed with error:  Error: ENOENT: no such file or directory, scandir '/var/folders/n4/wfylj42j777b2rdmy16kqwfr0000gn/T/rifler-test-dummy-1766130949236'
	at async Object.readdir (node:internal/original-fs/promises:958:18)
	at async IO (file:///Users/ori.roza/Desktop/projects/rifler/.vscode-test/vscode-darwin-arm64-1.107.1/Visual%20Studio%20Code.app/Contents/Resources/app/out/vs/workbench/api/node/extensionHostProcess.js:28:93578)
	at async kx (file:///Users/ori.roza/Desktop/projects/rifler/.vscode-test/vscode-darwin-arm64-1.107.1/Visual%20Studio%20Code.app/Contents/Resources/app/out/vs/workbench/api/node/extensionHostProcess.js:28:93507)
	at async Object.gf (file:///Users/ori.roza/Desktop/projects/rifler/.vscode-test/vscode-darwin-arm64-1.107.1/Visual%20Studio%20Code.app/Contents/Resources/app/out/vs/workbench/api/node/extensionHostProcess.js:28:93372)
	at async Fd.readdir (file:///Users/ori.roza/Desktop/projects/rifler/.vscode-test/vscode-darwin-arm64-1.107.1/Visual%20Studio%20Code.app/Contents/Resources/app/out/vs/workbench/api/node/extensionHostProcess.js:222:14654)
	at async Object.readDirectory (file:///Users/ori.roza/Desktop/projects/rifler/.vscode-test/vscode-darwin-arm64-1.107.1/Visual%20Studio%20Code.app/Contents/Resources/app/out/vs/workbench/api/node/extensionHostProcess.js:116:16136)
	at async Limiter.run (/Users/ori.roza/Desktop/projects/rifler/out/utils.js:261:20)
	at async searchInDirectory (/Users/ori.roza/Desktop/projects/rifler/out/search.js:113:25)
	at async Promise.all (index 1)
	at async performSearch (/Users/ori.roza/Desktop/projects/rifler/out/search.js:105:13)
	at async /Users/ori.roza/Desktop/projects/rifler/out/messaging/registerCommonHandlers.js:10:25
	at async MessageHandler.handle (/Users/ori.roza/Desktop/projects/rifler/out/messaging/handler.js:30:13)
	at async _d.value (/Users/ori.roza/Desktop/projects/rifler/out/services/PanelManager.js:138:25)
   ✅ Search correctly blocked with invalid regex
    ✔ should prevent search execution with invalid regex (5005ms)

🔹 STEP: Testing that search continues with file mask warning

🔹 STEP: Setting file mask and starting search

🔹 STEP: Setting valid file mask for search
[node.js fs] readdir with filetypes failed with error:  Error: ENOENT: no such file or directory, scandir '/var/folders/n4/wfylj42j777b2rdmy16kqwfr0000gn/T/rifler-test-dummy-1766130949229'
	at async Object.readdir (node:internal/original-fs/promises:958:18)
	at async IO (file:///Users/ori.roza/Desktop/projects/rifler/.vscode-test/vscode-darwin-arm64-1.107.1/Visual%20Studio%20Code.app/Contents/Resources/app/out/vs/workbench/api/node/extensionHostProcess.js:28:93578)
	at async kx (file:///Users/ori.roza/Desktop/projects/rifler/.vscode-test/vscode-darwin-arm64-1.107.1/Visual%20Studio%20Code.app/Contents/Resources/app/out/vs/workbench/api/node/extensionHostProcess.js:28:93507)
	at async Object.gf (file:///Users/ori.roza/Desktop/projects/rifler/.vscode-test/vscode-darwin-arm64-1.107.1/Visual%20Studio%20Code.app/Contents/Resources/app/out/vs/workbench/api/node/extensionHostProcess.js:28:93372)
	at async Fd.readdir (file:///Users/ori.roza/Desktop/projects/rifler/.vscode-test/vscode-darwin-arm64-1.107.1/Visual%20Studio%20Code.app/Contents/Resources/app/out/vs/workbench/api/node/extensionHostProcess.js:222:14654)
	at async Object.readDirectory (file:///Users/ori.roza/Desktop/projects/rifler/.vscode-test/vscode-darwin-arm64-1.107.1/Visual%20Studio%20Code.app/Contents/Resources/app/out/vs/workbench/api/node/extensionHostProcess.js:116:16136)
	at async Limiter.run (/Users/ori.roza/Desktop/projects/rifler/out/utils.js:261:20)
	at async searchInDirectory (/Users/ori.roza/Desktop/projects/rifler/out/search.js:113:25)
	at async Promise.all (index 1)
	at async performSearch (/Users/ori.roza/Desktop/projects/rifler/out/search.js:105:13)
	at async /Users/ori.roza/Desktop/projects/rifler/out/messaging/registerCommonHandlers.js:10:25
	at async MessageHandler.handle (/Users/ori.roza/Desktop/projects/rifler/out/messaging/handler.js:30:13)
	at async _d.value (/Users/ori.roza/Desktop/projects/rifler/out/services/PanelManager.js:138:25)
   ✅ Search correctly blocked with invalid regex
    ✔ should prevent search execution with invalid regex (5007ms)

🔹 STEP: Testing that search continues with file mask warning

🔹 STEP: Setting file mask and starting search

🔹 STEP: Setting valid file mask for search
[node.js fs] readdir with filetypes failed with error:  Error: ENOENT: no such file or directory, scandir '/var/folders/n4/wfylj42j777b2rdmy16kqwfr0000gn/T/rifler-test-dummy-1766130949734'
	at async Object.readdir (node:internal/original-fs/promises:958:18)
	at async IO (file:///Users/ori.roza/Desktop/projects/rifler/.vscode-test/vscode-darwin-arm64-1.107.1/Visual%20Studio%20Code.app/Contents/Resources/app/out/vs/workbench/api/node/extensionHostProcess.js:28:93578)
	at async kx (file:///Users/ori.roza/Desktop/projects/rifler/.vscode-test/vscode-darwin-arm64-1.107.1/Visual%20Studio%20Code.app/Contents/Resources/app/out/vs/workbench/api/node/extensionHostProcess.js:28:93507)
	at async Object.gf (file:///Users/ori.roza/Desktop/projects/rifler/.vscode-test/vscode-darwin-arm64-1.107.1/Visual%20Studio%20Code.app/Contents/Resources/app/out/vs/workbench/api/node/extensionHostProcess.js:28:93372)
	at async Fd.readdir (file:///Users/ori.roza/Desktop/projects/rifler/.vscode-test/vscode-darwin-arm64-1.107.1/Visual%20Studio%20Code.app/Contents/Resources/app/out/vs/workbench/api/node/extensionHostProcess.js:222:14654)
	at async Object.readDirectory (file:///Users/ori.roza/Desktop/projects/rifler/.vscode-test/vscode-darwin-arm64-1.107.1/Visual%20Studio%20Code.app/Contents/Resources/app/out/vs/workbench/api/node/extensionHostProcess.js:116:16136)
	at async Limiter.run (/Users/ori.roza/Desktop/projects/rifler/out/utils.js:261:20)
	at async searchInDirectory (/Users/ori.roza/Desktop/projects/rifler/out/search.js:113:25)
	at async Promise.all (index 1)
	at async performSearch (/Users/ori.roza/Desktop/projects/rifler/out/search.js:105:13)
	at async /Users/ori.roza/Desktop/projects/rifler/out/messaging/registerCommonHandlers.js:10:25
	at async MessageHandler.handle (/Users/ori.roza/Desktop/projects/rifler/out/messaging/handler.js:30:13)
	at async _d.value (/Users/ori.roza/Desktop/projects/rifler/out/services/PanelManager.js:138:25)
   ✅ Search correctly blocked with invalid regex
    ✔ should prevent search execution with invalid regex (5006ms)

🔹 STEP: Testing that search continues with file mask warning

🔹 STEP: Setting file mask and starting search

🔹 STEP: Setting valid file mask for search
   ✅ Search correctly blocked with invalid regex
    ✔ should prevent search execution with invalid regex (5006ms)

🔹 STEP: Testing that search continues with file mask warning

🔹 STEP: Setting file mask and starting search

🔹 STEP: Setting valid file mask for search
[node.js fs] readdir with filetypes failed with error:  Error: ENOENT: no such file or directory, scandir '/var/folders/n4/wfylj42j777b2rdmy16kqwfr0000gn/T/rifler-test-dummy-1766130949259'
	at async Object.readdir (node:internal/original-fs/promises:958:18)
	at async IO (file:///Users/ori.roza/Desktop/projects/rifler/.vscode-test/vscode-darwin-arm64-1.107.1/Visual%20Studio%20Code.app/Contents/Resources/app/out/vs/workbench/api/node/extensionHostProcess.js:28:93578)
	at async kx (file:///Users/ori.roza/Desktop/projects/rifler/.vscode-test/vscode-darwin-arm64-1.107.1/Visual%20Studio%20Code.app/Contents/Resources/app/out/vs/workbench/api/node/extensionHostProcess.js:28:93507)
	at async Object.gf (file:///Users/ori.roza/Desktop/projects/rifler/.vscode-test/vscode-darwin-arm64-1.107.1/Visual%20Studio%20Code.app/Contents/Resources/app/out/vs/workbench/api/node/extensionHostProcess.js:28:93372)
	at async Fd.readdir (file:///Users/ori.roza/Desktop/projects/rifler/.vscode-test/vscode-darwin-arm64-1.107.1/Visual%20Studio%20Code.app/Contents/Resources/app/out/vs/workbench/api/node/extensionHostProcess.js:222:14654)
	at async Object.readDirectory (file:///Users/ori.roza/Desktop/projects/rifler/.vscode-test/vscode-darwin-arm64-1.107.1/Visual%20Studio%20Code.app/Contents/Resources/app/out/vs/workbench/api/node/extensionHostProcess.js:116:16136)
	at async Limiter.run (/Users/ori.roza/Desktop/projects/rifler/out/utils.js:261:20)
	at async searchInDirectory (/Users/ori.roza/Desktop/projects/rifler/out/search.js:113:25)
	at async Promise.all (index 1)
	at async performSearch (/Users/ori.roza/Desktop/projects/rifler/out/search.js:105:13)
	at async /Users/ori.roza/Desktop/projects/rifler/out/messaging/registerCommonHandlers.js:10:25
	at async MessageHandler.handle (/Users/ori.roza/Desktop/projects/rifler/out/messaging/handler.js:30:13)
	at async _d.value (/Users/ori.roza/Desktop/projects/rifler/out/services/PanelManager.js:138:25)

🔹 STEP: Setting up message listener

🔹 STEP: Triggering search

🔹 STEP: Waiting for openLocation from Ctrl+Enter
[node.js fs] readdir with filetypes failed with error:  Error: ENOENT: no such file or directory, scandir '/var/folders/n4/wfylj42j777b2rdmy16kqwfr0000gn/T/rifler-test-dummy-1766130949253'
	at async Object.readdir (node:internal/original-fs/promises:958:18)
	at async IO (file:///Users/ori.roza/Desktop/projects/rifler/.vscode-test/vscode-darwin-arm64-1.107.1/Visual%20Studio%20Code.app/Contents/Resources/app/out/vs/workbench/api/node/extensionHostProcess.js:28:93578)
	at async kx (file:///Users/ori.roza/Desktop/projects/rifler/.vscode-test/vscode-darwin-arm64-1.107.1/Visual%20Studio%20Code.app/Contents/Resources/app/out/vs/workbench/api/node/extensionHostProcess.js:28:93507)
	at async Object.gf (file:///Users/ori.roza/Desktop/projects/rifler/.vscode-test/vscode-darwin-arm64-1.107.1/Visual%20Studio%20Code.app/Contents/Resources/app/out/vs/workbench/api/node/extensionHostProcess.js:28:93372)
	at async Fd.readdir (file:///Users/ori.roza/Desktop/projects/rifler/.vscode-test/vscode-darwin-arm64-1.107.1/Visual%20Studio%20Code.app/Contents/Resources/app/out/vs/workbench/api/node/extensionHostProcess.js:222:14654)
	at async Object.readDirectory (file:///Users/ori.roza/Desktop/projects/rifler/.vscode-test/vscode-darwin-arm64-1.107.1/Visual%20Studio%20Code.app/Contents/Resources/app/out/vs/workbench/api/node/extensionHostProcess.js:116:16136)
	at async Limiter.run (/Users/ori.roza/Desktop/projects/rifler/out/utils.js:261:20)
	at async searchInDirectory (/Users/ori.roza/Desktop/projects/rifler/out/search.js:113:25)
	at async Promise.all (index 1)
	at async performSearch (/Users/ori.roza/Desktop/projects/rifler/out/search.js:105:13)
	at async /Users/ori.roza/Desktop/projects/rifler/out/messaging/registerCommonHandlers.js:10:25
	at async MessageHandler.handle (/Users/ori.roza/Desktop/projects/rifler/out/messaging/handler.js:30:13)
	at async _d.value (/Users/ori.roza/Desktop/projects/rifler/out/services/PanelManager.js:138:25)
   ✅ Search completed with 1 results

🔹 STEP: Checking if search box is focused
   📂 File opened via Ctrl+Enter: file:///Users/ori.roza/Desktop/projects/rifler/test-fixtures/workspace/webview-test-file.ts
   ✅ Ctrl+Enter keyboard shortcut works correctly
    ✔ Open in Editor: Ctrl+Enter keyboard shortcut should open file (2534ms)

🔹 STEP: Opening Rifler search panel
No handler registered for message type: __test_focusStatus
   Search box focused: true
   ✅ Search box focus test passed
    ✔ Search box should be focused on startup (3549ms)

🔹 STEP: Opening Rifler search panel
   ✅ File mask validation completed
    ✔ should allow search to continue with warning for invalid file mask (3006ms)

🔹 STEP: Opening Rifler search panel
   ✅ File mask validation completed
    ✔ should allow search to continue with warning for invalid file mask (3007ms)

🔹 STEP: Opening Rifler search panel
   ✅ File mask validation completed
    ✔ should allow search to continue with warning for invalid file mask (3004ms)

🔹 STEP: Opening Rifler search panel
   ✅ File mask validation completed
    ✔ should allow search to continue with warning for invalid file mask (3001ms)

🔹 STEP: Opening Rifler search panel
   ✅ File mask validation completed
    ✔ should allow search to continue with warning for invalid file mask (3005ms)

🔹 STEP: Opening Rifler search panel
   ✅ File mask validation completed
    ✔ should allow search to continue with warning for invalid file mask (3006ms)

🔹 STEP: Opening Rifler search panel

🔹 STEP: Setting up message listener

🔹 STEP: Triggering search

🔹 STEP: Checking context menu options
[node.js fs] readdir with filetypes failed with error:  Error: ENOENT: no such file or directory, scandir '/var/folders/n4/wfylj42j777b2rdmy16kqwfr0000gn/T/rifler-test-dummy-1766130949253'
	at async Object.readdir (node:internal/original-fs/promises:958:18)
	at async IO (file:///Users/ori.roza/Desktop/projects/rifler/.vscode-test/vscode-darwin-arm64-1.107.1/Visual%20Studio%20Code.app/Contents/Resources/app/out/vs/workbench/api/node/extensionHostProcess.js:28:93578)
	at async kx (file:///Users/ori.roza/Desktop/projects/rifler/.vscode-test/vscode-darwin-arm64-1.107.1/Visual%20Studio%20Code.app/Contents/Resources/app/out/vs/workbench/api/node/extensionHostProcess.js:28:93507)
	at async Object.gf (file:///Users/ori.roza/Desktop/projects/rifler/.vscode-test/vscode-darwin-arm64-1.107.1/Visual%20Studio%20Code.app/Contents/Resources/app/out/vs/workbench/api/node/extensionHostProcess.js:28:93372)
	at async Fd.readdir (file:///Users/ori.roza/Desktop/projects/rifler/.vscode-test/vscode-darwin-arm64-1.107.1/Visual%20Studio%20Code.app/Contents/Resources/app/out/vs/workbench/api/node/extensionHostProcess.js:222:14654)
	at async Object.readDirectory (file:///Users/ori.roza/Desktop/projects/rifler/.vscode-test/vscode-darwin-arm64-1.107.1/Visual%20Studio%20Code.app/Contents/Resources/app/out/vs/workbench/api/node/extensionHostProcess.js:116:16136)
	at async Limiter.run (/Users/ori.roza/Desktop/projects/rifler/out/utils.js:261:20)
	at async searchInDirectory (/Users/ori.roza/Desktop/projects/rifler/out/search.js:113:25)
	at async Promise.all (index 1)
	at async performSearch (/Users/ori.roza/Desktop/projects/rifler/out/search.js:105:13)
	at async /Users/ori.roza/Desktop/projects/rifler/out/messaging/registerCommonHandlers.js:10:25
	at async MessageHandler.handle (/Users/ori.roza/Desktop/projects/rifler/out/messaging/handler.js:30:13)
	at async _d.value (/Users/ori.roza/Desktop/projects/rifler/out/services/PanelManager.js:138:25)
   ✅ Search completed with 1 results

🔹 STEP: Setting up message listener for search and open

🔹 STEP: Triggering search

🔹 STEP: Waiting for openLocation message
[node.js fs] readdir with filetypes failed with error:  Error: ENOENT: no such file or directory, scandir '/var/folders/n4/wfylj42j777b2rdmy16kqwfr0000gn/T/rifler-test-dummy-1766130949273'
	at async Object.readdir (node:internal/original-fs/promises:958:18)
	at async IO (file:///Users/ori.roza/Desktop/projects/rifler/.vscode-test/vscode-darwin-arm64-1.107.1/Visual%20Studio%20Code.app/Contents/Resources/app/out/vs/workbench/api/node/extensionHostProcess.js:28:93578)
	at async kx (file:///Users/ori.roza/Desktop/projects/rifler/.vscode-test/vscode-darwin-arm64-1.107.1/Visual%20Studio%20Code.app/Contents/Resources/app/out/vs/workbench/api/node/extensionHostProcess.js:28:93507)
	at async Object.gf (file:///Users/ori.roza/Desktop/projects/rifler/.vscode-test/vscode-darwin-arm64-1.107.1/Visual%20Studio%20Code.app/Contents/Resources/app/out/vs/workbench/api/node/extensionHostProcess.js:28:93372)
	at async Fd.readdir (file:///Users/ori.roza/Desktop/projects/rifler/.vscode-test/vscode-darwin-arm64-1.107.1/Visual%20Studio%20Code.app/Contents/Resources/app/out/vs/workbench/api/node/extensionHostProcess.js:222:14654)
	at async Object.readDirectory (file:///Users/ori.roza/Desktop/projects/rifler/.vscode-test/vscode-darwin-arm64-1.107.1/Visual%20Studio%20Code.app/Contents/Resources/app/out/vs/workbench/api/node/extensionHostProcess.js:116:16136)
	at async Limiter.run (/Users/ori.roza/Desktop/projects/rifler/out/utils.js:261:20)
	at async searchInDirectory (/Users/ori.roza/Desktop/projects/rifler/out/search.js:113:25)
	at async Promise.all (index 1)
	at async performSearch (/Users/ori.roza/Desktop/projects/rifler/out/search.js:105:13)
	at async /Users/ori.roza/Desktop/projects/rifler/out/messaging/registerCommonHandlers.js:10:25
	at async MessageHandler.handle (/Users/ori.roza/Desktop/projects/rifler/out/messaging/handler.js:30:13)
	at async _d.value (/Users/ori.roza/Desktop/projects/rifler/out/services/PanelManager.js:138:25)
   ✅ Search completed with 1 results
No handler registered for message type: __test_contextMenuInfo
   📋 Context menu has "Open in Editor": true
   📋 Context menu has "Copy File Path": true
   ✅ Context menu has correct options
    ✔ Open in Editor: context menu should have open option (2525ms)
  Rifler Virtualization Tests
Created virtualization test file with 201 lines
   📂 File opened: file:///Users/ori.roza/Desktop/projects/rifler/test-fixtures/workspace/webview-test-file.ts
   📍 Line: 2, Character: 26
   ✅ Open in Editor button works correctly
    ✔ Open in Editor: clicking button should open file in editor (2522ms)

🔹 STEP: Opening Rifler search panel
Error handling message type 'openLocation': CodeExpectedError: cannot open file:///Users/ori.roza/Desktop/projects/rifler/test-fixtures/workspace/webview-test-file.ts. Detail: Unable to read file '/Users/ori.roza/Desktop/projects/rifler/test-fixtures/workspace/webview-test-file.ts' (Error: Unable to resolve nonexistent file '/Users/ori.roza/Desktop/projects/rifler/test-fixtures/workspace/webview-test-file.ts')
    at Hqe.$tryOpenDocument (vscode-file://vscode-app/Users/ori.roza/Desktop/projects/rifler/.vscode-test/vscode-darwin-arm64-1.107.1/Visual%20Studio%20Code.app/Contents/Resources/app/out/vs/workbench/workbench.desktop.main.js:539:8532)

🔹 STEP: Checking if search box is focused

🔹 STEP: Checking if search box is focused

🔹 STEP: Checking if search box is focused

🔹 STEP: Checking if search box is focused

🔹 STEP: Checking if search box is focused

🔹 STEP: Checking if search box is focused
No handler registered for message type: __test_focusStatus
   Search box focused: true
   ✅ Search box focus test passed
    ✔ Search box should be focused on startup (3511ms)

🔹 STEP: Opening Rifler search panel
No handler registered for message type: __test_focusStatus
   Search box focused: true
   ✅ Search box focus test passed
    ✔ Search box should be focused on startup (3509ms)

🔹 STEP: Opening Rifler search panel
No handler registered for message type: __test_focusStatus
   Search box focused: true
   ✅ Search box focus test passed
    ✔ Search box should be focused on startup (3509ms)

🔹 STEP: Opening Rifler search panel
No handler registered for message type: __test_focusStatus
   Search box focused: true
   ✅ Search box focus test passed
    ✔ Search box should be focused on startup (3506ms)

🔹 STEP: Opening Rifler search panel
No handler registered for message type: __test_focusStatus
   Search box focused: true
   ✅ Search box focus test passed
    ✔ Search box should be focused on startup (3510ms)

🔹 STEP: Opening Rifler search panel
No handler registered for message type: __test_focusStatus
   Search box focused: true
   ✅ Search box focus test passed
    ✔ Search box should be focused on startup (3508ms)

🔹 STEP: Opening Rifler search panel

🔹 STEP: Opening Rifler panel

🔹 STEP: Setting up message listener

🔹 STEP: Triggering search

🔹 STEP: Waiting for openLocation from Ctrl+Enter
[node.js fs] readdir with filetypes failed with error:  Error: ENOENT: no such file or directory, scandir '/var/folders/n4/wfylj42j777b2rdmy16kqwfr0000gn/T/rifler-test-dummy-1766130949273'
	at async Object.readdir (node:internal/original-fs/promises:958:18)
	at async IO (file:///Users/ori.roza/Desktop/projects/rifler/.vscode-test/vscode-darwin-arm64-1.107.1/Visual%20Studio%20Code.app/Contents/Resources/app/out/vs/workbench/api/node/extensionHostProcess.js:28:93578)
	at async kx (file:///Users/ori.roza/Desktop/projects/rifler/.vscode-test/vscode-darwin-arm64-1.107.1/Visual%20Studio%20Code.app/Contents/Resources/app/out/vs/workbench/api/node/extensionHostProcess.js:28:93507)
	at async Object.gf (file:///Users/ori.roza/Desktop/projects/rifler/.vscode-test/vscode-darwin-arm64-1.107.1/Visual%20Studio%20Code.app/Contents/Resources/app/out/vs/workbench/api/node/extensionHostProcess.js:28:93372)
	at async Fd.readdir (file:///Users/ori.roza/Desktop/projects/rifler/.vscode-test/vscode-darwin-arm64-1.107.1/Visual%20Studio%20Code.app/Contents/Resources/app/out/vs/workbench/api/node/extensionHostProcess.js:222:14654)
	at async Object.readDirectory (file:///Users/ori.roza/Desktop/projects/rifler/.vscode-test/vscode-darwin-arm64-1.107.1/Visual%20Studio%20Code.app/Contents/Resources/app/out/vs/workbench/api/node/extensionHostProcess.js:116:16136)
	at async Limiter.run (/Users/ori.roza/Desktop/projects/rifler/out/utils.js:261:20)
	at async searchInDirectory (/Users/ori.roza/Desktop/projects/rifler/out/search.js:113:25)
	at async Promise.all (index 1)
	at async performSearch (/Users/ori.roza/Desktop/projects/rifler/out/search.js:105:13)
	at async /Users/ori.roza/Desktop/projects/rifler/out/messaging/registerCommonHandlers.js:10:25
	at async MessageHandler.handle (/Users/ori.roza/Desktop/projects/rifler/out/messaging/handler.js:30:13)
	at async _d.value (/Users/ori.roza/Desktop/projects/rifler/out/services/PanelManager.js:138:25)
   ✅ Search completed with 0 results

🔹 STEP: Setting up message listener for search and open

🔹 STEP: Triggering search

🔹 STEP: Waiting for openLocation message
[node.js fs] readdir with filetypes failed with error:  Error: ENOENT: no such file or directory, scandir '/var/folders/n4/wfylj42j777b2rdmy16kqwfr0000gn/T/rifler-test-dummy-1766130949252'
	at async Object.readdir (node:internal/original-fs/promises:958:18)
	at async IO (file:///Users/ori.roza/Desktop/projects/rifler/.vscode-test/vscode-darwin-arm64-1.107.1/Visual%20Studio%20Code.app/Contents/Resources/app/out/vs/workbench/api/node/extensionHostProcess.js:28:93578)
	at async kx (file:///Users/ori.roza/Desktop/projects/rifler/.vscode-test/vscode-darwin-arm64-1.107.1/Visual%20Studio%20Code.app/Contents/Resources/app/out/vs/workbench/api/node/extensionHostProcess.js:28:93507)
	at async Object.gf (file:///Users/ori.roza/Desktop/projects/rifler/.vscode-test/vscode-darwin-arm64-1.107.1/Visual%20Studio%20Code.app/Contents/Resources/app/out/vs/workbench/api/node/extensionHostProcess.js:28:93372)
	at async Fd.readdir (file:///Users/ori.roza/Desktop/projects/rifler/.vscode-test/vscode-darwin-arm64-1.107.1/Visual%20Studio%20Code.app/Contents/Resources/app/out/vs/workbench/api/node/extensionHostProcess.js:222:14654)
	at async Object.readDirectory (file:///Users/ori.roza/Desktop/projects/rifler/.vscode-test/vscode-darwin-arm64-1.107.1/Visual%20Studio%20Code.app/Contents/Resources/app/out/vs/workbench/api/node/extensionHostProcess.js:116:16136)
	at async Limiter.run (/Users/ori.roza/Desktop/projects/rifler/out/utils.js:261:20)
	at async searchInDirectory (/Users/ori.roza/Desktop/projects/rifler/out/search.js:113:25)
	at async Promise.all (index 1)
	at async performSearch (/Users/ori.roza/Desktop/projects/rifler/out/search.js:105:13)
	at async /Users/ori.roza/Desktop/projects/rifler/out/messaging/registerCommonHandlers.js:10:25
	at async MessageHandler.handle (/Users/ori.roza/Desktop/projects/rifler/out/messaging/handler.js:30:13)
	at async _d.value (/Users/ori.roza/Desktop/projects/rifler/out/services/PanelManager.js:138:25)
   ✅ Search completed with 0 results

🔹 STEP: Setting up message listener for search and open

🔹 STEP: Triggering search

🔹 STEP: Waiting for openLocation message
[node.js fs] readdir with filetypes failed with error:  Error: ENOENT: no such file or directory, scandir '/var/folders/n4/wfylj42j777b2rdmy16kqwfr0000gn/T/rifler-test-dummy-1766130949236'
	at async Object.readdir (node:internal/original-fs/promises:958:18)
	at async IO (file:///Users/ori.roza/Desktop/projects/rifler/.vscode-test/vscode-darwin-arm64-1.107.1/Visual%20Studio%20Code.app/Contents/Resources/app/out/vs/workbench/api/node/extensionHostProcess.js:28:93578)
	at async kx (file:///Users/ori.roza/Desktop/projects/rifler/.vscode-test/vscode-darwin-arm64-1.107.1/Visual%20Studio%20Code.app/Contents/Resources/app/out/vs/workbench/api/node/extensionHostProcess.js:28:93507)
	at async Object.gf (file:///Users/ori.roza/Desktop/projects/rifler/.vscode-test/vscode-darwin-arm64-1.107.1/Visual%20Studio%20Code.app/Contents/Resources/app/out/vs/workbench/api/node/extensionHostProcess.js:28:93372)
	at async Fd.readdir (file:///Users/ori.roza/Desktop/projects/rifler/.vscode-test/vscode-darwin-arm64-1.107.1/Visual%20Studio%20Code.app/Contents/Resources/app/out/vs/workbench/api/node/extensionHostProcess.js:222:14654)
	at async Object.readDirectory (file:///Users/ori.roza/Desktop/projects/rifler/.vscode-test/vscode-darwin-arm64-1.107.1/Visual%20Studio%20Code.app/Contents/Resources/app/out/vs/workbench/api/node/extensionHostProcess.js:116:16136)
	at async Limiter.run (/Users/ori.roza/Desktop/projects/rifler/out/utils.js:261:20)
	at async searchInDirectory (/Users/ori.roza/Desktop/projects/rifler/out/search.js:113:25)
	at async Promise.all (index 1)
	at async performSearch (/Users/ori.roza/Desktop/projects/rifler/out/search.js:105:13)
	at async /Users/ori.roza/Desktop/projects/rifler/out/messaging/registerCommonHandlers.js:10:25
	at async MessageHandler.handle (/Users/ori.roza/Desktop/projects/rifler/out/messaging/handler.js:30:13)
	at async _d.value (/Users/ori.roza/Desktop/projects/rifler/out/services/PanelManager.js:138:25)
   ✅ Search completed with 0 results

🔹 STEP: Setting up message listener for search and open

🔹 STEP: Triggering search

🔹 STEP: Waiting for openLocation message

🔹 STEP: Setting up message listener for search and open

🔹 STEP: Triggering search

🔹 STEP: Waiting for openLocation message
[node.js fs] readdir with filetypes failed with error:  Error: ENOENT: no such file or directory, scandir '/var/folders/n4/wfylj42j777b2rdmy16kqwfr0000gn/T/rifler-test-dummy-1766130949229'
	at async Object.readdir (node:internal/original-fs/promises:958:18)
	at async IO (file:///Users/ori.roza/Desktop/projects/rifler/.vscode-test/vscode-darwin-arm64-1.107.1/Visual%20Studio%20Code.app/Contents/Resources/app/out/vs/workbench/api/node/extensionHostProcess.js:28:93578)
	at async kx (file:///Users/ori.roza/Desktop/projects/rifler/.vscode-test/vscode-darwin-arm64-1.107.1/Visual%20Studio%20Code.app/Contents/Resources/app/out/vs/workbench/api/node/extensionHostProcess.js:28:93507)
	at async Object.gf (file:///Users/ori.roza/Desktop/projects/rifler/.vscode-test/vscode-darwin-arm64-1.107.1/Visual%20Studio%20Code.app/Contents/Resources/app/out/vs/workbench/api/node/extensionHostProcess.js:28:93372)
	at async Fd.readdir (file:///Users/ori.roza/Desktop/projects/rifler/.vscode-test/vscode-darwin-arm64-1.107.1/Visual%20Studio%20Code.app/Contents/Resources/app/out/vs/workbench/api/node/extensionHostProcess.js:222:14654)
	at async Object.readDirectory (file:///Users/ori.roza/Desktop/projects/rifler/.vscode-test/vscode-darwin-arm64-1.107.1/Visual%20Studio%20Code.app/Contents/Resources/app/out/vs/workbench/api/node/extensionHostProcess.js:116:16136)
	at async Limiter.run (/Users/ori.roza/Desktop/projects/rifler/out/utils.js:261:20)
	at async searchInDirectory (/Users/ori.roza/Desktop/projects/rifler/out/search.js:113:25)
	at async Promise.all (index 1)
	at async performSearch (/Users/ori.roza/Desktop/projects/rifler/out/search.js:105:13)
	at async /Users/ori.roza/Desktop/projects/rifler/out/messaging/registerCommonHandlers.js:10:25
	at async MessageHandler.handle (/Users/ori.roza/Desktop/projects/rifler/out/messaging/handler.js:30:13)
	at async _d.value (/Users/ori.roza/Desktop/projects/rifler/out/services/PanelManager.js:138:25)
[node.js fs] readdir with filetypes failed with error:  Error: ENOENT: no such file or directory, scandir '/var/folders/n4/wfylj42j777b2rdmy16kqwfr0000gn/T/rifler-test-dummy-1766130949734'
	at async Object.readdir (node:internal/original-fs/promises:958:18)
	at async IO (file:///Users/ori.roza/Desktop/projects/rifler/.vscode-test/vscode-darwin-arm64-1.107.1/Visual%20Studio%20Code.app/Contents/Resources/app/out/vs/workbench/api/node/extensionHostProcess.js:28:93578)
	at async kx (file:///Users/ori.roza/Desktop/projects/rifler/.vscode-test/vscode-darwin-arm64-1.107.1/Visual%20Studio%20Code.app/Contents/Resources/app/out/vs/workbench/api/node/extensionHostProcess.js:28:93507)
	at async Object.gf (file:///Users/ori.roza/Desktop/projects/rifler/.vscode-test/vscode-darwin-arm64-1.107.1/Visual%20Studio%20Code.app/Contents/Resources/app/out/vs/workbench/api/node/extensionHostProcess.js:28:93372)
	at async Fd.readdir (file:///Users/ori.roza/Desktop/projects/rifler/.vscode-test/vscode-darwin-arm64-1.107.1/Visual%20Studio%20Code.app/Contents/Resources/app/out/vs/workbench/api/node/extensionHostProcess.js:222:14654)
	at async Object.readDirectory (file:///Users/ori.roza/Desktop/projects/rifler/.vscode-test/vscode-darwin-arm64-1.107.1/Visual%20Studio%20Code.app/Contents/Resources/app/out/vs/workbench/api/node/extensionHostProcess.js:116:16136)
	at async Limiter.run (/Users/ori.roza/Desktop/projects/rifler/out/utils.js:261:20)
	at async searchInDirectory (/Users/ori.roza/Desktop/projects/rifler/out/search.js:113:25)
	at async Promise.all (index 1)
	at async performSearch (/Users/ori.roza/Desktop/projects/rifler/out/search.js:105:13)
	at async /Users/ori.roza/Desktop/projects/rifler/out/messaging/registerCommonHandlers.js:10:25
	at async MessageHandler.handle (/Users/ori.roza/Desktop/projects/rifler/out/messaging/handler.js:30:13)
	at async _d.value (/Users/ori.roza/Desktop/projects/rifler/out/services/PanelManager.js:138:25)
   ✅ Search completed with 0 results
   ✅ Search completed with 0 results

🔹 STEP: Setting up message listener for search and open

🔹 STEP: Triggering search

🔹 STEP: Waiting for openLocation message
   ✅ Search completed with 0 results

🔹 STEP: Setting up message listener for search and open

🔹 STEP: Triggering search

🔹 STEP: Waiting for openLocation message
[node.js fs] readdir with filetypes failed with error:  Error: ENOENT: no such file or directory, scandir '/var/folders/n4/wfylj42j777b2rdmy16kqwfr0000gn/T/rifler-test-dummy-1766130949259'
	at async Object.readdir (node:internal/original-fs/promises:958:18)
	at async IO (file:///Users/ori.roza/Desktop/projects/rifler/.vscode-test/vscode-darwin-arm64-1.107.1/Visual%20Studio%20Code.app/Contents/Resources/app/out/vs/workbench/api/node/extensionHostProcess.js:28:93578)
	at async kx (file:///Users/ori.roza/Desktop/projects/rifler/.vscode-test/vscode-darwin-arm64-1.107.1/Visual%20Studio%20Code.app/Contents/Resources/app/out/vs/workbench/api/node/extensionHostProcess.js:28:93507)
	at async Object.gf (file:///Users/ori.roza/Desktop/projects/rifler/.vscode-test/vscode-darwin-arm64-1.107.1/Visual%20Studio%20Code.app/Contents/Resources/app/out/vs/workbench/api/node/extensionHostProcess.js:28:93372)
	at async Fd.readdir (file:///Users/ori.roza/Desktop/projects/rifler/.vscode-test/vscode-darwin-arm64-1.107.1/Visual%20Studio%20Code.app/Contents/Resources/app/out/vs/workbench/api/node/extensionHostProcess.js:222:14654)
	at async Object.readDirectory (file:///Users/ori.roza/Desktop/projects/rifler/.vscode-test/vscode-darwin-arm64-1.107.1/Visual%20Studio%20Code.app/Contents/Resources/app/out/vs/workbench/api/node/extensionHostProcess.js:116:16136)
	at async Limiter.run (/Users/ori.roza/Desktop/projects/rifler/out/utils.js:261:20)
	at async searchInDirectory (/Users/ori.roza/Desktop/projects/rifler/out/search.js:113:25)
	at async Promise.all (index 1)
	at async performSearch (/Users/ori.roza/Desktop/projects/rifler/out/search.js:105:13)
	at async /Users/ori.roza/Desktop/projects/rifler/out/messaging/registerCommonHandlers.js:10:25
	at async MessageHandler.handle (/Users/ori.roza/Desktop/projects/rifler/out/messaging/handler.js:30:13)
	at async _d.value (/Users/ori.roza/Desktop/projects/rifler/out/services/PanelManager.js:138:25)
   ✅ Search completed with 0 results

🔹 STEP: Setting up search results listener

🔹 STEP: Searching for term with many matches
[node.js fs] readdir with filetypes failed with error:  Error: ENOENT: no such file or directory, scandir '/var/folders/n4/wfylj42j777b2rdmy16kqwfr0000gn/T/rifler-test-dummy-1766130949253'
	at async Object.readdir (node:internal/original-fs/promises:958:18)
	at async IO (file:///Users/ori.roza/Desktop/projects/rifler/.vscode-test/vscode-darwin-arm64-1.107.1/Visual%20Studio%20Code.app/Contents/Resources/app/out/vs/workbench/api/node/extensionHostProcess.js:28:93578)
	at async kx (file:///Users/ori.roza/Desktop/projects/rifler/.vscode-test/vscode-darwin-arm64-1.107.1/Visual%20Studio%20Code.app/Contents/Resources/app/out/vs/workbench/api/node/extensionHostProcess.js:28:93507)
	at async Object.gf (file:///Users/ori.roza/Desktop/projects/rifler/.vscode-test/vscode-darwin-arm64-1.107.1/Visual%20Studio%20Code.app/Contents/Resources/app/out/vs/workbench/api/node/extensionHostProcess.js:28:93372)
	at async Fd.readdir (file:///Users/ori.roza/Desktop/projects/rifler/.vscode-test/vscode-darwin-arm64-1.107.1/Visual%20Studio%20Code.app/Contents/Resources/app/out/vs/workbench/api/node/extensionHostProcess.js:222:14654)
	at async Object.readDirectory (file:///Users/ori.roza/Desktop/projects/rifler/.vscode-test/vscode-darwin-arm64-1.107.1/Visual%20Studio%20Code.app/Contents/Resources/app/out/vs/workbench/api/node/extensionHostProcess.js:116:16136)
	at async Limiter.run (/Users/ori.roza/Desktop/projects/rifler/out/utils.js:261:20)
	at async searchInDirectory (/Users/ori.roza/Desktop/projects/rifler/out/search.js:113:25)
	at async Promise.all (index 1)
	at async performSearch (/Users/ori.roza/Desktop/projects/rifler/out/search.js:105:13)
	at async /Users/ori.roza/Desktop/projects/rifler/out/messaging/registerCommonHandlers.js:10:25
	at async MessageHandler.handle (/Users/ori.roza/Desktop/projects/rifler/out/messaging/handler.js:30:13)
	at async _d.value (/Users/ori.roza/Desktop/projects/rifler/out/services/PanelManager.js:138:25)
   📊 Received 200 search results
   ✅ Virtualization handles large result sets
    ✔ Search should return many results with virtualization (3023ms)

🔹 STEP: Opening Rifler panel

🔹 STEP: Setting up search results listener

🔹 STEP: Searching for common term
[node.js fs] readdir with filetypes failed with error:  Error: ENOENT: no such file or directory, scandir '/var/folders/n4/wfylj42j777b2rdmy16kqwfr0000gn/T/rifler-test-dummy-1766130949253'
	at async Object.readdir (node:internal/original-fs/promises:958:18)
	at async IO (file:///Users/ori.roza/Desktop/projects/rifler/.vscode-test/vscode-darwin-arm64-1.107.1/Visual%20Studio%20Code.app/Contents/Resources/app/out/vs/workbench/api/node/extensionHostProcess.js:28:93578)
	at async kx (file:///Users/ori.roza/Desktop/projects/rifler/.vscode-test/vscode-darwin-arm64-1.107.1/Visual%20Studio%20Code.app/Contents/Resources/app/out/vs/workbench/api/node/extensionHostProcess.js:28:93507)
	at async Object.gf (file:///Users/ori.roza/Desktop/projects/rifler/.vscode-test/vscode-darwin-arm64-1.107.1/Visual%20Studio%20Code.app/Contents/Resources/app/out/vs/workbench/api/node/extensionHostProcess.js:28:93372)
	at async Fd.readdir (file:///Users/ori.roza/Desktop/projects/rifler/.vscode-test/vscode-darwin-arm64-1.107.1/Visual%20Studio%20Code.app/Contents/Resources/app/out/vs/workbench/api/node/extensionHostProcess.js:222:14654)
	at async Object.readDirectory (file:///Users/ori.roza/Desktop/projects/rifler/.vscode-test/vscode-darwin-arm64-1.107.1/Visual%20Studio%20Code.app/Contents/Resources/app/out/vs/workbench/api/node/extensionHostProcess.js:116:16136)
	at async Limiter.run (/Users/ori.roza/Desktop/projects/rifler/out/utils.js:261:20)
	at async searchInDirectory (/Users/ori.roza/Desktop/projects/rifler/out/search.js:113:25)
	at async Promise.all (index 1)
	at async performSearch (/Users/ori.roza/Desktop/projects/rifler/out/search.js:105:13)
	at async /Users/ori.roza/Desktop/projects/rifler/out/messaging/registerCommonHandlers.js:10:25
	at async MessageHandler.handle (/Users/ori.roza/Desktop/projects/rifler/out/messaging/handler.js:30:13)
	at async _d.value (/Users/ori.roza/Desktop/projects/rifler/out/services/PanelManager.js:138:25)
   📊 Search returned 200 results
   ✅ Large result set has correct structure
    ✔ Search results count should show correct format for large results (3019ms)
   📊 Current maxResults config: 10000
   ✅ maxResults configuration is accessible
    ✔ maxResults configuration should be respected
  35 passing (49s)
[90m[main 2025-12-19T20:34:29.884Z][0m Extension host with pid 68331 exited with code: 0, signal: unknown.
[90m[main 2025-12-19T20:34:36.016Z][0m Extension host with pid 68334 exited with code: 0, signal: unknown.
[90m[main 2025-12-19T20:34:36.016Z][0m Extension host with pid 68330 exited with code: 0, signal: unknown.
[90m[main 2025-12-19T20:34:36.017Z][0m Extension host with pid 68333 exited with code: 0, signal: unknown.
[90m[main 2025-12-19T20:34:36.017Z][0m Extension host with pid 68332 exited with code: 0, signal: unknown.
[90m[main 2025-12-19T20:34:36.017Z][0m Extension host with pid 68336 exited with code: 0, signal: unknown.
[90m[main 2025-12-19T20:34:36.017Z][0m Extension host with pid 68335 exited with code: 0, signal: unknown.
[90m[main 2025-12-19T20:34:36.017Z][0m Extension host with pid 68337 exited with code: 0, signal: unknown.
Exit code:   0
